D/Process (  494): android.app.ActivityManagerNative.onTransact(ActivityManagerNative.java:350)
D/Process (  494): com.android.server.am.ActivityManagerService.onTransact(ActivityManagerService.java:1884)
D/Process (  494): android.os.Binder.execTransact(Binder.java:367)
D/Process (  494): dalvik.system.NativeStart.run(Native Method)
D/libc    ( 2454): pt_debug : __thread_entry->func=0x40b18065
D/libc    ( 2454): , tls=0x668e5f00, arg=0x689f3930
D/libc    ( 2454): pt_debug : pthread_create->start_routine=0x40b18065, tls=0x6a500f00, arg=0x4008d010
D/libc    ( 2454): pt_debug : __thread_entry->func=0x40b18065
D/libc    ( 2454): , tls=0x6a500f00, arg=0x4008d010
D/libc    ( 2454): pt_debug : pthread_create->start_routine=0x40b18065, tls=0x6a600f00, arg=0x4010c020
D/libc    ( 2454): pt_debug : __thread_entry->func=0x40b18065
D/libc    ( 2454): , tls=0x6a600f00, arg=0x4010c020
I/ActivityManager(  494): Start proc de.j4velin.notificationToggle for broadcast de.j4velin.notificationToggle/.ToggleReceiver: pid=2454 uid=10225 gids={3001, 3002, 1006, 1015, 1028}
I/ActivityManager(  494): No longer want com.tencent.qqmusic (pid 1661): hidden #31, adj=15
D/libc    ( 2454): pt_debug : pthread_create->start_routine=0x40260509, tls=0x6a8fef00, arg=0x68d89810
D/libc    ( 2454): pt_debug : __thread_entry->func=0x40260509
D/libc    ( 2454): , tls=0x6a8fef00, arg=0x68d89810
D/libc    ( 2454): pt_debug : pthread_create->start_routine=0x40260509, tls=0x6a9fef00, arg=0x68d89810
D/libc    ( 2454): pt_debug : __thread_entry->func=0x40260509
D/libc    ( 2454): , tls=0x6a9fef00, arg=0x68d89810
I/ActivityManager(  494): Recipient 1661
E/Trace   ( 2454): error opening trace file: No such file or directory (2)
D/libc    ( 2454): pt_debug : pthread_create->start_routine=0x40b18065, tls=0x6abd7f00, arg=0x68fc4b80
D/libc    ( 2454): pt_debug : __thread_entry->func=0x40b18065
D/libc    ( 2454): , tls=0x6abd7f00, arg=0x68fc4b80
D/libc    ( 2454): pt_debug : pthread_create->start_routine=0x40b18065, tls=0x6acd7f00, arg=0x68fc52d8
D/libc    ( 2454): pt_debug : __thread_entry->func=0x40b18065
D/libc    ( 2454): , tls=0x6acd7f00, arg=0x68fc52d8
D/libc    (  189): pt_debug : pthread_create->start_routine=0x40b18065, tls=0x65b83f00, arg=0x4010a9e8
D/libc    (  189): pt_debug : __thread_entry->func=0x40b18065
D/libc    (  189): , tls=0x65b83f00, arg=0x4010a9e8
D/libc    ( 2469): pt_debug : pthread_create->start_routine=0x40b175d5, tls=0x65b83f00, arg=0x599efc20
D/libc    ( 2469): pt_debug : __thread_entry->func=0x40b175d5
D/libc    ( 2469): , tls=0x65b83f00, arg=0x599efc20
D/libc    ( 2469): pt_debug : pthread_create->start_routine=0x40b175d5, tls=0x65c83f00, arg=0x40092c00
D/libc    ( 2469): pt_debug : __thread_entry->func=0x40b175d5
D/libc    ( 2469): , tls=0x65c83f00, arg=0x40092c00
D/libc    ( 2469): pt_debug : pthread_create->start_routine=0x40b175d5, tls=0x65d83f00, arg=0x40246a40
D/libc    ( 2469): pt_debug : __thread_entry->func=0x40b175d5
D/libc    ( 2469): , tls=0x65d83f00, arg=0x40246a40
D/libc    ( 2469): pt_debug : pthread_create->start_routine=0x40b18065, tls=0x668e5f00, arg=0x689f3930
D/libc    ( 2469): pt_debug : __thread_entry->func=0x40b18065
D/libc    ( 2469): , tls=0x668e5f00, arg=0x689f3930
D/libc    ( 2469): pt_debug : pthread_create->start_routine=0x40b18065, tls=0x6a500f00, arg=0x4008d010
D/libc    ( 2469): pt_debug : __thread_entry->func=0x40b18065
D/libc    ( 2469): , tls=0x6a500f00, arg=0x4008d010
D/libc    ( 2469): pt_debug : pthread_create->start_routine=0x40b18065, tls=0x6a600f00, arg=0x4010c020
D/libc    ( 2469): pt_debug : __thread_entry->func=0x40b18065
D/libc    ( 2469): , tls=0x6a600f00, arg=0x4010c020
D/libc    (  189): pt_debug : pthread_create->start_routine=0x40b18065, tls=0x65c83f00, arg=0x4015e008
D/libc    (  189): pt_debug : __thread_entry->func=0x40b18065
D/libc    (  189): , tls=0x65c83f00, arg=0x4015e008
D/libc    (  189): pt_debug : pthread_create->start_routine=0x40b18065, tls=0x65d83f00, arg=0x6893ca98
D/libc    (  189): pt_debug : __thread_entry->func=0x40b18065
D/libc    (  189): , tls=0x65d83f00, arg=0x6893ca98
D/Process (  494): killProcessQuiet, pid=1706
D/Process (  494): dalvik.system.VMStack.getThreadStackTrace(Native Method)
D/Process (  494): java.lang.Thread.getStackTrace(Thread.java:599)
D/libc    ( 2469): pt_debug : pthread_create->start_routine=0x40260509, tls=0x6a8fef00, arg=0x68d89810
D/Process (  494): android.os.Process.killProcessQuiet(Process.java:981)
D/Process (  494): com.android.server.am.ActivityManagerService.updateOomAdjLocked(ActivityManagerService.java:16193)
D/Process (  494): com.android.server.am.ActivityManagerService.trimApplications(ActivityManagerService.java:16385)
D/Process (  494): com.android.server.am.ActivityManagerService.finishReceiver(ActivityManagerService.java:14511)
D/Process (  494): android.app.ActivityManagerNative.onTransact(ActivityManagerNative.java:350)
D/Process (  494): com.android.server.am.ActivityManagerService.onTransact(ActivityManagerService.java:1884)
D/Process (  494): android.os.Binder.execTransact(Binder.java:367)
D/Process (  494): dalvik.system.NativeStart.run(Native Method)
D/libc    ( 2469): pt_debug : __thread_entry->func=0x40260509
D/libc    ( 2469): , tls=0x6a8fef00, arg=0x68d89810
I/ActivityManager(  494): Start proc jp.co.johospace.jorte for broadcast jp.co.johospace.jorte/.data.sync.JorteCloudSyncManager$Receiver: pid=2469 uid=10249 gids={1015, 3003, 1028}
I/ActivityManager(  494): No longer want tunein.player (pid 1706): hidden #31, adj=15
D/libc    ( 2469): pt_debug : pthread_create->start_routine=0x40260509, tls=0x6a9fef00, arg=0x68d89c10
D/libc    ( 2469): pt_debug : __thread_entry->func=0x40260509
D/libc    ( 2469): , tls=0x6a9fef00, arg=0x68d89c10
I/ActivityManager(  494): Recipient 1706
D/skia    ( 2454): new locale ja_JP
E/Trace   ( 2469): error opening trace file: No such file or directory (2)
D/libc    ( 2099): pt_debug : pthread_create->start_routine=0x40b18065, tls=0x6cd69f00, arg=0x6bf807b0
D/libc    ( 2099): pt_debug : __thread_entry->func=0x40b18065
D/libc    ( 2099): , tls=0x6cd69f00, arg=0x6bf807b0
D/libc    ( 2454): pt_debug : pthread_create->start_routine=0x40b18065, tls=0x6acd7f00, arg=0x599ed218
D/libc    ( 2454): pt_debug : __thread_entry->func=0x40b18065
D/libc    ( 2454): , tls=0x6acd7f00, arg=0x599ed218
D/libc    ( 2099): pt_debug : pthread_create->start_routine=0x40b18065, tls=0x6ce69f00, arg=0x6bf83080
D/libc    ( 2099): pt_debug : __thread_entry->func=0x40b18065
D/libc    ( 2099): , tls=0x6ce69f00, arg=0x6bf83080
D/libc    ( 2099): pt_debug : pthread_create->start_routine=0x40b18065, tls=0x6d01bf00, arg=0x6bf85648
D/libc    ( 2099): pt_debug : __thread_entry->func=0x40b18065
D/libc    ( 2099): , tls=0x6d01bf00, arg=0x6bf85648
I/ActivityThread( 2469): Pub jp.co.johospace.jorte.JorteImageProvider: jp.co.johospace.providers.jorte.JorteImageProvider
D/libc    (  189): pt_debug : pthread_create->start_routine=0x40b18065, tls=0x65b83f00, arg=0x4010a9e8
D/libc    (  189): pt_debug : __thread_entry->func=0x40b18065
D/libc    (  189): , tls=0x65b83f00, arg=0x4010a9e8
D/libc    (  189): pt_debug : pthread_create->start_routine=0x40b18065, tls=0x65c83f00, arg=0x4015e008
D/libc    (  189): pt_debug : __thread_entry->func=0x40b18065
D/libc    (  189): , tls=0x65c83f00, arg=0x4015e008
D/libc    (  189): pt_debug : pthread_create->start_routine=0x40b18065, tls=0x65d83f00, arg=0x6893ca98
D/libc    (  189): pt_debug : __thread_entry->func=0x40b18065
D/libc    (  189): , tls=0x65d83f00, arg=0x6893ca98
D/libc    ( 2490): pt_debug : pthread_create->start_routine=0x40b175d5, tls=0x65b83f00, arg=0x4057ac20
D/libc    ( 2490): pt_debug : __thread_entry->func=0x40b175d5
D/libc    ( 2490): , tls=0x65b83f00, arg=0x4057ac20
D/libc    ( 2490): pt_debug : pthread_create->start_routine=0x40b175d5, tls=0x65c83f00, arg=0x40092c00
D/libc    ( 2490): pt_debug : __thread_entry->func=0x40b175d5
D/libc    ( 2490): , tls=0x65c83f00, arg=0x40092c00
D/libc    ( 2490): pt_debug : pthread_create->start_routine=0x40b175d5, tls=0x65d83f00, arg=0x40246a40
D/libc    ( 2490): pt_debug : __thread_entry->func=0x40b175d5
D/libc    ( 2490): , tls=0x65d83f00, arg=0x40246a40
D/libc    ( 2490): pt_debug : pthread_create->start_routine=0x40b18065, tls=0x668e5f00, arg=0x689f3930
D/libc    ( 2490): pt_debug : __thread_entry->func=0x40b18065
D/libc    ( 2490): , tls=0x668e5f00, arg=0x689f3930
D/libc    ( 2490): pt_debug : pthread_create->start_routine=0x40b18065, tls=0x6a500f00, arg=0x4008d010
D/libc    ( 2490): pt_debug : __thread_entry->func=0x40b18065
D/libc    ( 2490): , tls=0x6a500f00, arg=0x4008d010
D/libc    ( 2490): pt_debug : pthread_create->start_routine=0x40b18065, tls=0x6a600f00, arg=0x4010c020
D/libc    ( 2490): pt_debug : __thread_entry->func=0x40b18065
D/libc    ( 2490): , tls=0x6a600f00, arg=0x4010c020
I/ActivityManager(  494): Start proc com.facebook.katana:providers for content provider com.facebook.katana/.provider.GraphQLNotificationsContentProvider: pid=2490 uid=10033 gids={3003, 1006, 1015, 1028}
I/ActivityThread( 2469): Pub jp.co.johospace.jorte: jp.co.johospace.providers.jorte.JorteProvider
D/libc    ( 2490): pt_debug : pthread_create->start_routine=0x40260509, tls=0x6a8fef00, arg=0x68d7fcb8
D/libc    ( 2490): pt_debug : __thread_entry->func=0x40260509
D/libc    ( 2490): , tls=0x6a8fef00, arg=0x68d7fcb8
D/libc    ( 2490): pt_debug : pthread_create->start_routine=0x40260509, tls=0x6a9fef00, arg=0x68d7fcb8
D/libc    ( 2490): pt_debug : __thread_entry->func=0x40260509
D/libc    ( 2490): , tls=0x6a9fef00, arg=0x68d7fcb8
E/Trace   ( 2490): error opening trace file: No such file or directory (2)
I/Jorte   ( 2469): Application onCreate
D/libc    ( 2469): pt_debug : pthread_create->start_routine=0x40b18065, tls=0x6af4af00, arg=0x40750a60
D/libc    ( 2099): pt_debug : pthread_create->start_routine=0x40b18065, tls=0x6d169f00, arg=0x65e2ecb0
D/libc    ( 2099): pt_debug : __thread_entry->func=0x40b18065
D/libc    ( 2099): , tls=0x6d169f00, arg=0x65e2ecb0
D/libc    ( 2099): pt_debug : pthread_create->start_routine=0x40b18065, tls=0x6d269f00, arg=0x65e38e18
D/libc    ( 2099): pt_debug : __thread_entry->func=0x40b18065
D/libc    ( 2099): , tls=0x6d269f00, arg=0x65e38e18
D/libc    ( 2469): pt_debug : __thread_entry->func=0x40b18065
D/libc    ( 2469): , tls=0x6af4af00, arg=0x40750a60
D/JorteCloudSyncManager( 2469): cancel sync. check the configuration for jorte account.
D/Socket_Alarm( 2469): registerHTCSocketMonitorCallBack
D/Socket_Alarm( 2469): set mSocketMonitor
D/Socket_Alarm( 2469): HTCSocketMonitorImpl::HTCSocketMonitorImpl
D/libc    ( 2099): pt_debug : pthread_create->start_routine=0x40b18065, tls=0x6d269f00, arg=0x6bfed3d0
I/JorteCloudSyncManager( 2469): all-synchronization was canceled.
D/libc    ( 2099): pt_debug : __thread_entry->func=0x40b18065
D/libc    ( 2099): , tls=0x6d269f00, arg=0x6bfed3d0
D/libc    ( 2469): pt_debug : pthread_create->start_routine=0x40b18065, tls=0x6af4af00, arg=0x58d530b0
D/libc    ( 2469): pt_debug : __thread_entry->func=0x40b18065
D/libc    ( 2469): , tls=0x6af4af00, arg=0x58d530b0
D/CatchMeIfYouCan( 2490): Process (providers) ca: '/data/user/0/com.facebook.katana/app_cmiyc/69AD98E9426D8B4FCD1648AF8345610C885D4AC501'
D/CatchMeIfYouCan( 2490): Process (providers) fc: '/data/user/0/com.facebook.katana/app_cmiyc/69AD98E9426D8B4FCD1648AF8345610C885D4AC502'
D/CatchMeIfYouCan( 2490): Process (providers) cp: '('default', 3, 120000, silent [true], restart [false], logout [false])'
D/ACRA    ( 2490): ACRA is enabled for com.facebook.katana, intializing...
D/libc    (  189): pt_debug : pthread_create->start_routine=0x40b18065, tls=0x65b83f00, arg=0x4010a9e8
D/libc    (  189): pt_debug : __thread_entry->func=0x40b18065
D/libc    (  189): , tls=0x65b83f00, arg=0x4010a9e8
D/libc    ( 2507): pt_debug : pthread_create->start_routine=0x40b175d5, tls=0x65b83f00, arg=0x40092c00
D/libc    ( 2507): pt_debug : __thread_entry->func=0x40b175d5
D/libc    ( 2507): , tls=0x65b83f00, arg=0x40092c00
D/libc    (  189): pt_debug : pthread_create->start_routine=0x40b18065, tls=0x65c83f00, arg=0x4015e008
D/libc    (  189): pt_debug : __thread_entry->func=0x40b18065
D/libc    (  189): , tls=0x65c83f00, arg=0x4015e008
D/libc    ( 2507): pt_debug : pthread_create->start_routine=0x40b175d5, tls=0x65c83f00, arg=0x4057ac20
D/libc    (  189): pt_debug : pthread_create->start_routine=0x40b18065, tls=0x65d83f00, arg=0x6893ca98
D/libc    ( 2507): pt_debug : __thread_entry->func=0x40b175d5
D/libc    ( 2507): , tls=0x65c83f00, arg=0x4057ac20
D/libc    (  189): pt_debug : __thread_entry->func=0x40b18065
D/libc    (  189): , tls=0x65d83f00, arg=0x6893ca98
D/libc    ( 2507): pt_debug : pthread_create->start_routine=0x40b175d5, tls=0x65d83f00, arg=0x40246a40
D/libc    (32431): pt_debug : pthread_create->start_routine=0x40b18065, tls=0x6c9fff00, arg=0x6bad4708
D/libc    (32431): pt_debug : __thread_entry->func=0x40b18065
D/libc    (32431): , tls=0x6c9fff00, arg=0x6bad4708
D/libc    ( 2507): pt_debug : __thread_entry->func=0x40b175d5
D/libc    ( 2507): , tls=0x65d83f00, arg=0x40246a40
D/libc    ( 2507): pt_debug : pthread_create->start_routine=0x40b18065, tls=0x668e5f00, arg=0x689f3930
D/libc    ( 2507): pt_debug : __thread_entry->func=0x40b18065
D/libc    ( 2507): , tls=0x668e5f00, arg=0x689f3930
D/libc    ( 2507): pt_debug : pthread_create->start_routine=0x40b18065, tls=0x6a500f00, arg=0x4008d010
I/ActivityManager(  494): Start proc tw.com.freedi.passbook for broadcast tw.com.freedi.passbook/.ConnectionReceiver: pid=2507 uid=10286 gids={3003, 1015, 1028}
D/libc    ( 2507): pt_debug : __thread_entry->func=0x40b18065
D/libc    ( 2507): , tls=0x6a500f00, arg=0x4008d010
D/libc    ( 2507): pt_debug : pthread_create->start_routine=0x40b18065, tls=0x6a600f00, arg=0x4010c020
D/libc    ( 2507): pt_debug : __thread_entry->func=0x40b18065
D/libc    ( 2507): , tls=0x6a600f00, arg=0x4010c020
D/libc    ( 2507): pt_debug : pthread_create->start_routine=0x40260509, tls=0x6a8fef00, arg=0x68d897d0
D/libc    ( 2507): pt_debug : __thread_entry->func=0x40260509
D/libc    ( 2507): , tls=0x6a8fef00, arg=0x68d897d0
D/libc    ( 2507): pt_debug : pthread_create->start_routine=0x40260509, tls=0x6a9fef00, arg=0x68d89810
D/libc    ( 2507): pt_debug : __thread_entry->func=0x40260509
D/libc    ( 2507): , tls=0x6a9fef00, arg=0x68d89810
D/ACRA    ( 2490): Looking for error files in /data/user/0/com.facebook.katana/app_acra-reports
D/libc    (32431): [NET] getaddrinfo  hn 42, servname NULL, ai_family 0+
D/libc    (32431): [NET] ht 0x616e64726f6964
D/libc    (32431): [NET] getaddrinfo-exit,err=8
D/libc    (32431): [NET] getaddrinfo  hn 42, servname NULL, ai_family 0+
D/libc    (32431): [NET] ht 0x616e64726f6964
D/libc    (32431): [NET] android_getaddrinfo_proxy+
D/libc    (32431): [NET]android_getaddrinfo_proxy+
D/libc    (  187): pt_debug : pthread_create->start_routine=0x40031055, tls=0x412def00, arg=0x40397210
D/libc    (  187): pt_debug : __thread_entry->func=0x40031055
D/libc    (  187): , tls=0x412def00, arg=0x40397210
D/libc    (  187): [NET] getaddrinfo  hn 42, servname NULL, ai_family 0+
D/libc    (  187): [NET] ht 0x616e64726f6964
D/libc    (  187): [NET] android_getaddrinfo_proxy+
D/libc    (  187): [NET]android_getaddrinfo_proxy+
D/libc    (  187): [NET] android_getaddrinfo_proxy-
D/libc    (  187): [NET]_files_getaddrinfo+
D/libc    (  187): [NET]_files_getaddrinfo-,1
D/libc    (  187): [NET]_dns_getaddrinfo+
D/libc    (  187): [NET] getaddrinfo  hn 8, servname 53, ai_family 0+
D/libc    (  187): [NET] ht 0x31302e312e372e
D/libc    (  187): [NET] getaddrinfo-exit SUCCESS
D/libc    (  187): [NET] getaddrinfo  hn 8, servname 53, ai_family 0+
D/libc    (  187): [NET] ht 0x31302e312e372e
D/libc    (  187): [NET] getaddrinfo-exit SUCCESS
D/libc    (  187): [NET] res_searchN : calling res_querydomainN without domain
D/libc    (  187): [NET]res_nsend...
D/libc    (  187): [NET]NOT IN CACHE
D/libc    (  187): [NET]res_nsend:cache status =1
E/Trace   ( 2507): error opening trace file: No such file or directory (2)
D/DexLibLoader( 2490): Deleting old version: /data/user/0/com.facebook.katana/app_dex/guava-10.0.1-fork.dex.0.jar
D/DexLibLoader( 2490): Deleting old version: /data/user/0/com.facebook.katana/app_dex/guava-10.0.1-fork.dex.1.jar
D/DexLibLoader( 2490): Deleting old version: /data/user/0/com.facebook.katana/app_dex/jackson-core-2.0.5.dex.0.jar
D/DexLibLoader( 2490): Deleting old version: /data/user/0/com.facebook.katana/app_dex/jackson-core-2.0.5.dex.1.jar
D/DexLibLoader( 2490): Deleting old version: /data/user/0/com.facebook.katana/app_dex/jackson-core-2.0.5.dex.2.jar
D/DexLibLoader( 2490): Deleting old version: /data/user/0/com.facebook.katana/app_dex/jackson-databind-2.0.5.dex.0.jar
D/DexLibLoader( 2490): Deleting old version: /data/user/0/com.facebook.katana/app_dex/jackson-databind-2.0.5.dex.1.jar
D/DexLibLoader( 2490): Deleting old version: /data/user/0/com.facebook.katana/app_dex/jackson-databind-2.0.5.dex.2.jar
D/DexLibLoader( 2490): Deleting old version: /data/user/0/com.facebook.katana/app_dex/jackson-databind-2.0.5.dex.3.jar
D/DexLibLoader( 2490): Deleting old version: /data/user/0/com.facebook.katana/app_dex/jackson-datatype-guava-2.0.4.dex.0.jar
D/DexLibLoader( 2490): Deleting old version: /data/user/0/com.facebook.katana/app_dex/jackson-datatype-guava-2.0.4.dex.1.jar
D/DexLibLoader( 2490): Deleting old version: /data/user/0/com.facebook.katana/app_dex/jackson-datatype-guava-2.0.4.dex.2.jar
D/DexLibLoader( 2490): Deleting old version: /data/user/0/com.facebook.katana/app_dex/json_simple-1.1.dex.0.jar
D/DexLibLoader( 2490): Deleting old version: /data/user/0/com.facebook.katana/app_dex/json_simple-1.1.dex.1.jar
D/DexLibLoader( 2490): Deleting old version: /data/user/0/com.facebook.katana/app_dex/json-path-0.5.4-FB-Custom.dex.0.jar
D/DexLibLoader( 2490): Deleting old version: /data/user/0/com.facebook.katana/app_dex/json-path-0.5.4-FB-Custom.dex.1.jar
D/DexLibLoader( 2490): Deleting old version: /data/user/0/com.facebook.katana/app_dex/diffutils-1.2.1.dex.0.jar
D/DexLibLoader( 2490): Deleting old version: /data/user/0/com.facebook.katana/app_dex/diffutils-1.2.1.dex.1.jar
D/DexLibLoader( 2490): Deleting old version: /data/user/0/com.facebook.katana/app_dex/nine_old_androids.dex.0.jar
D/DexLibLoader( 2490): Deleting old version: /data/user/0/com.facebook.katana/app_dex/nine_old_androids.dex.1.jar
D/DexLibLoader( 2490): Deleting old version: /data/user/0/com.facebook.katana/app_dex/nine_old_androids.dex.2.jar
D/DexLibLoader( 2490): Deleting old version: /data/user/0/com.facebook.katana/app_dex/nine_old_androids.dex.3.jar
V/DexLibLoader( 2490): Preparing secondary program dexes.
V/DexLibLoader( 2490): Loaded 3 raw lines of metadata.
V/DexLibLoader( 2490): Secondary program dex metadata: secondary-1.dex.jar fabe9db10fb4544b7049a67305fd9bb6b02cffcc com.facebook.ui.futures.FuturesModule
V/DexLibLoader( 2490): Secondary program dex metadata: secondary-2.dex.jar 6e7551a4fe46e920a8acc92d2331423f5d1525e5 com.facebook.dash.notifications.DashNotificationsModule$MessagesDataLoaderProvider
V/DexLibLoader( 2490): Secondary program dex metadata: secondary-3.dex.jar 0b370742cd5c206ac5aef08abc7c056061472ae2 com.facebook.common.typedkey.TypedKey
V/DexLibLoader( 2490): Preparing to extract secondary-1.dex.jar to /data/user/0/com.facebook.katana/app_secondary_program_dex/program-fabe9db10fb4544b7049a67305fd9bb6b02cffcc.dex.jar
V/DexLibLoader( 2490): Dex already copied
V/DexLibLoader( 2490): Creating class loader
D/libc    ( 2099): pt_debug : pthread_create->start_routine=0x40b18065, tls=0x6d569f00, arg=0x6c000fb0
D/libc    ( 2099): pt_debug : __thread_entry->func=0x40b18065
D/libc    ( 2099): , tls=0x6d569f00, arg=0x6c000fb0
V/DexLibLoader( 2490): Finished creating class loader
D/libc    ( 2099): pt_debug : pthread_create->start_routine=0x40b18065, tls=0x6d369f00, arg=0x65e67440
D/libc    ( 2099): pt_debug : __thread_entry->func=0x40b18065
D/libc    ( 2099): , tls=0x6d369f00, arg=0x65e67440
V/DexLibLoader( 2490): Preparing to extract secondary-2.dex.jar to /data/user/0/com.facebook.katana/app_secondary_program_dex/program-6e7551a4fe46e920a8acc92d2331423f5d1525e5.dex.jar
V/DexLibLoader( 2490): Dex already copied
V/DexLibLoader( 2490): Creating class loader
V/DexLibLoader( 2490): Finished creating class loader
V/DexLibLoader( 2490): Preparing to extract secondary-3.dex.jar to /data/user/0/com.facebook.katana/app_secondary_program_dex/program-0b370742cd5c206ac5aef08abc7c056061472ae2.dex.jar
D/FlexNetS(29961): CampNetworkInWhiteBlackList had check current PLMN =46692
D/libc    ( 2099): pt_debug : pthread_create->start_routine=0x40b18065, tls=0x6d469f00, arg=0x6c001400
D/libc    ( 2099): pt_debug : __thread_entry->func=0x40b18065
D/libc    ( 2099): , tls=0x6d469f00, arg=0x6c001400
D/FlexNetS(29961): CampNetworkInWhiteBlackList had check current PLMN =46692
D/libc    ( 2099): [NET] getaddrinfo  hn 8, servname NULL, ai_family 0+
D/libc    ( 2099): [NET] ht 0x31302e312e312e
D/libc    ( 2099): [NET] getaddrinfo-exit SUCCESS
I/global  ( 2099): call createSocket() return a new socket.
D/libc    ( 2099): [NET] getaddrinfo  hn 8, servname NULL, ai_family 0+
D/libc    ( 2099): [NET] ht 0x31302e312e312e
D/libc    ( 2099): [NET] getaddrinfo-exit SUCCESS
D/libc    ( 2099): [NET] getaddrinfo  hn 8, servname NULL, ai_family 0+
D/libc    ( 2099): [NET] ht 0x31302e312e312e
D/libc    ( 2099): [NET] getaddrinfo-exit SUCCESS
I/global  ( 2099): call createSocket() return a new socket.
D/libc    ( 2099): [NET] getaddrinfo  hn 8, servname NULL, ai_family 0+
D/libc    ( 2099): [NET] ht 0x31302e312e312e
D/libc    ( 2099): [NET] getaddrinfo-exit SUCCESS
D/libc    ( 2099): [NET] getaddrinfo  hn 8, servname NULL, ai_family 0+
D/libc    ( 2099): [NET] ht 0x31302e312e312e
D/libc    ( 2099): [NET] getaddrinfo-exit SUCCESS
I/global  ( 2099): call createSocket() return a new socket.
D/libc    ( 2099): [NET] getaddrinfo  hn 8, servname NULL, ai_family 0+
D/libc    ( 2099): [NET] ht 0x31302e312e312e
D/libc    ( 2099): [NET] getaddrinfo-exit SUCCESS
D/libc    ( 2099): [NET] getaddrinfo  hn 8, servname NULL, ai_family 0+
D/libc    ( 2099): [NET] ht 0x31302e312e312e
D/libc    ( 2099): [NET] getaddrinfo-exit SUCCESS
I/global  ( 2099): call createSocket() return a new socket.
D/libc    ( 2099): [NET] getaddrinfo  hn 8, servname NULL, ai_family 0+
D/libc    ( 2099): [NET] ht 0x31302e312e312e
D/libc    ( 2099): [NET] getaddrinfo-exit SUCCESS
V/DexLibLoader( 2490): Dex already copied
V/DexLibLoader( 2490): Creating class loader
V/DexLibLoader( 2490): Finished creating class loader
V/DexLibLoader( 2490): Veryfing classes from secondary dexes.
V/DexLibLoader( 2490): Dex already copied
V/DexLibLoader( 2490): Creating class loader
D/libc    (  182): pt_debug : pthread_create->start_routine=0x403ae2c5, tls=0x4122bf00, arg=0x4003ab50
D/libc    (  182): pt_debug : __thread_entry->func=0x403ae2c5
D/libc    (  182): , tls=0x4122bf00, arg=0x4003ab50
D/libc    (  182): pt_debug : pthread_create->start_routine=0x403ae2c5, tls=0x41a12f00, arg=0x40117660
D/libc    (  182): pt_debug : __thread_entry->func=0x403ae2c5
D/libc    (  182): , tls=0x41a12f00, arg=0x40117660
D/libc    (  182): pt_debug : pthread_create->start_routine=0x403ae2c5, tls=0x41b2af00, arg=0x4016afc8
V/DexLibLoader( 2490): Finished creating class loader
D/libc    (  182): pt_debug : __thread_entry->func=0x403ae2c5
D/libc    (  182): , tls=0x41b2af00, arg=0x4016afc8
D/libc    (  182): pt_debug : pthread_create->start_routine=0x403ae2c5, tls=0x41c2bf00, arg=0x40122fc8
D/libc    (  182): pt_debug : __thread_entry->func=0x403ae2c5
D/libc    (  182): , tls=0x41c2bf00, arg=0x40122fc8
D/DexLibLoader( 2490): DexLibLoader.ensureDexLoaded took 193 ms
D/PowerManagerService(  494): acquireWakeLock(4252ccf8): PARTIAL_WAKE_LOCK , tag=RILJ, flags=0x1, pid=1272, uid=1001, mUserState=0x3
D/libc    ( 2099): pt_debug : pthread_create->start_routine=0x40b18065, tls=0x6d669f00, arg=0x6bfff008
D/libc    ( 2099): pt_debug : __thread_entry->func=0x40b18065
D/libc    ( 2099): , tls=0x6d669f00, arg=0x6bfff008
I/ActivityThread( 2490): Pub com.facebook.katana.provider.GraphQLNotificationsProvider: com.facebook.katana.provider.GraphQLNotificationsContentProvider
D/libc    (29961): pt_debug : pthread_create->start_routine=0x40b18065, tls=0x6b19cf00, arg=0x6afe5e68
D/libc    (29961): pt_debug : __thread_entry->func=0x40b18065
D/libc    (29961): , tls=0x6b19cf00, arg=0x6afe5e68
D/AutoSetting(29961): receiver - intent: android.intent.action.USER_PRESENT
D/libc    ( 2099): pt_debug : pthread_create->start_routine=0x40b18065, tls=0x6d769f00, arg=0x6bf7db08
D/libc    ( 2099): pt_debug : __thread_entry->func=0x40b18065
D/libc    ( 2099): , tls=0x6d769f00, arg=0x6bf7db08
D/AutoSetting(29961): service - onStartCommand() action: com.htc.app.autosetting.delayrequest
V/com.facebook.base.app.ApplicationLike( 2490): Forcing initialization of AsyncTask
D/libc    (  182): pt_debug : pthread_create->start_routine=0x403ae2c5, tls=0x41a1cf00, arg=0x4016afc8
D/libc    (  182): pt_debug : __thread_entry->func=0x403ae2c5
D/libc    (  182): , tls=0x41a1cf00, arg=0x4016afc8
D/libc    (  182): pt_debug : pthread_create->start_routine=0x403ae2c5, tls=0x41b5ef00, arg=0x40117660
D/libc    (  182): pt_debug : pthread_create->start_routine=0x403ae2c5, tls=0x41d22f00, arg=0x40122fc8
D/libc    (  182): pt_debug : __thread_entry->func=0x403ae2c5
D/libc    (  182): , tls=0x41d22f00, arg=0x40122fc8
D/libc    (  182): pt_debug : __thread_entry->func=0x403ae2c5
D/libc    (  182): , tls=0x41b5ef00, arg=0x40117660
D/libc    (25300): pt_debug : pthread_create->start_routine=0x40b18065, tls=0x6ab7af00, arg=0x400453b0
D/libc    (25300): pt_debug : __thread_entry->func=0x40b18065
D/libc    (25300): , tls=0x6ab7af00, arg=0x400453b0
V/LocationManagerService(  494): getProviders
V/LocationManagerService(  494): getLastKnownLocation: network
D/libc    ( 8001): [NET] getaddrinfo  hn 8, servname NULL, ai_family 0+
D/libc    ( 8001): [NET] ht 0x31302e312e312e
D/libc    ( 8001): [NET] getaddrinfo-exit SUCCESS
I/global  ( 8001): call createSocket() return a new socket.
D/GpsLocationProvider(  494): ServiceState.STATE_IN_SERVICE
D/libc    ( 8001): [NET] getaddrinfo  hn 8, servname NULL, ai_family 0+
D/libc    ( 8001): [NET] ht 0x31302e312e312e
D/libc    ( 8001): [NET] getaddrinfo-exit SUCCESS
D/DATA    ( 1272): [PhoneNotifier] [DPN] state=CONNECTED possible=true reason=nwTypeChanged apn=emome type=default lp=<<InterfaceName: rmnet_usb0 LinkAddresses: [10.33.11.70/30,] Routes: [0.0.0.0/0 -> 10.33.11.69,] DnsAddresses: [10.1.7.1,10.1.7.2,] HttpProxy: [10.1.1.1] 8080 >> tech=15 roaming=false errorCause=0 carrier=emome
D/DATA    ( 1272): [PhoneNotifier] update DcParam of default(0)
D/PowerManagerService(  494): releaseWakeLock(4252ccf8): PARTIAL_WAKE_LOCK , tag=RILJ, flags=0x1
D/TELEPHONY_CALLBACK( 1145): @onServiceStateChanged: 0 home Chunghwa Chunghwa 46692  HSPAP CSS not supported -1 -1 RoamInd=-1 DefRoamInd=-1EriInd= -1EriMode= -1RadioPowerSv: false EmergOnly=false PhoneType: 1
D/StatusBar.NetworkController( 1145): dumpState[hasService=true ServiceState=0 home Chunghwa Chunghwa 46692  HSPAP CSS not supported -1 -1 RoamInd=-1 DefRoamInd=-1EriInd= -1EriMode= -1RadioPowerSv: false EmergOnly=false PhoneType: 1 IsCdma=false SimState=UNKNOWN GprsState=0 DataState=Connected DataActivity=OUT NetworkType=UMTS HtcModemLinkOn=false]
D/SIGNAL_ICON( 1145): updateTelephonySignalStrength
D/SIGNAL_ICON( 1145): fakeui srv=0 mTimerEnabled=false asu=18
D/SIGNAL_ICON( 1145): mapTelephonySignalStrength
D/MobileDataStateTracker(  494): default: Broadcast received: ignore android.intent.action.SERVICE_STATE
D/MobileDataStateTracker(  494): mms: Broadcast received: ignore android.intent.action.SERVICE_STATE
D/MobileDataStateTracker(  494): supl: Broadcast received: ignore android.intent.action.SERVICE_STATE
D/MobileDataStateTracker(  494): dun: Broadcast received: ignore android.intent.action.SERVICE_STATE
D/MobileDataStateTracker(  494): hipri: Broadcast received: ignore android.intent.action.SERVICE_STATE
D/MobileDataStateTracker(  494): fota: Broadcast received: ignore android.intent.action.SERVICE_STATE
D/MobileDataStateTracker(  494): ims: Broadcast received: ignore android.intent.action.SERVICE_STATE
D/MobileDataStateTracker(  494): null: Broadcast received: ignore android.intent.action.SERVICE_STATE
D/MobileDataStateTracker(  494): httpproxy: Broadcast received: ignore android.intent.action.SERVICE_STATE
D/MobileDataStateTracker(  494): admin: Broadcast received: ignore android.intent.action.SERVICE_STATE
D/MobileDataStateTracker(  494): internet: Broadcast received: ignore android.intent.action.SERVICE_STATE
D/MobileDataStateTracker(  494): null: Broadcast received: ignore android.intent.action.SERVICE_STATE
D/SIGNAL_ICON( 1145): maxLevel=5 asu=18 networkType=HSPA+
D/MobileDataStateTracker(  494): cmmail: Broadcast received: ignore android.intent.action.SERVICE_STATE
D/SIGNAL_ICON( 1145): return iconLevel=5
D/MobileDataStateTracker(  494): null: Broadcast received: ignore android.intent.action.SERVICE_STATE
D/DATA_ICON( 1145): updateDataNetType: networkType=UMTS
D/MobileDataStateTracker(  494): cmail: Broadcast received: ignore android.intent.action.SERVICE_STATE
D/DATA_ICON( 1145): updateDataIcon
D/MobileDataStateTracker(  494): entitle: Broadcast received: ignore android.intent.action.SERVICE_STATE
D/MobileDataStateTracker(  494): null: Broadcast received: ignore android.intent.action.SERVICE_STATE
D/MobileDataStateTracker(  494): bip: Broadcast received: ignore android.intent.action.SERVICE_STATE
I/TelephonyRegistry(  494): notifyDataConnection: state=2 isDataConnectivityPossible=true reason='nwTypeChanged' apn='emome' apnType=default networkType=15 roaming=false errorCause=0preConn = [default]
D/StatusBar.NetworkController( 1145): dumpIconState[dataVisible=true dataIconId=stat_sys_data_out_3g signalIconId=stat_sys_5signal_5 wifiVisible=false wifiIconId=stat_sys_wifi_signal_1 simCardVisible=false simCardIconId=null airplaneMode=false]
D/TELEPHONY_CALLBACK( 1145): @onDataConnectionStateChanged: dataState=2 networkType=HSPA+
D/MobileDataStateTracker(  494): default: Broadcast received: ACTION_ANY_DATA_CONNECTION_STATE_CHANGED mApnType=default == received apnType=default
D/StatusBar.NetworkController( 1145): dumpState[hasService=true ServiceState=0 home Chunghwa Chunghwa 46692  HSPAP CSS not supported -1 -1 RoamInd=-1 DefRoamInd=-1EriInd= -1EriMode= -1RadioPowerSv: false EmergOnly=false PhoneType: 1 IsCdma=false SimState=UNKNOWN GprsState=0 DataState=Connected DataActivity=OUT NetworkType=HSPA+ HtcModemLinkOn=false]
D/DATA_ICON( 1145): updateDataNetType: networkType=HSPA+
D/DATA_ICON( 1145): updateDataIcon
D/MobileDataStateTracker(  494): default: Received state=CONNECTED, old=CONNECTED, reason=nwTypeChanged
D/DATA_ICON( 1145): fakeui srv=0 mTimerEnabled=false
D/MobileDataStateTracker(  494): default: mMobileDataState=CONNECTED mTeardownRequested=false got [AnyDataCSC] : type=default state=CONNECTED reason=nwTypeChanged apn=emome roaming=false unavailable=false NetworkType=15 NetworkTypeName=HSPA+ entitleError=0
D/ConnectivityService(  494): Setting TCP values: [4096,174760,1572864,4096,225280,1220608] which comes from [net.tcp.buffersize.hspap]
D/DATA_ICON( 1145): refreshViews: mDataIconId -> stat_sys_data_out_h
D/StatusBar.NetworkController( 1145): dumpIconState[dataVisible=true dataIconId=stat_sys_data_out_h signalIconId=stat_sys_5signal_5 wifiVisible=false wifiIconId=stat_sys_wifi_signal_1 simCardVisible=false simCardIconId=null airplaneMode=false]
D/PowerManagerService(  494): acquireWakeLock(421cc128): PARTIAL_WAKE_LOCK , tag=RILJ, flags=0x1, pid=1272, uid=1001, mUserState=0x3
D/libc    (  182): pt_debug : pthread_create->start_routine=0x403ae2c5, tls=0x4120ff00, arg=0x40117660
D/libc    (  182): pt_debug : __thread_entry->func=0x403ae2c5
D/libc    (  182): , tls=0x4120ff00, arg=0x40117660
D/PowerManagerService(  494): releaseWakeLock(421cc128): PARTIAL_WAKE_LOCK , tag=RILJ, flags=0x1
D/PowerManagerService(  494): acquireWakeLock(427f92c0): PARTIAL_WAKE_LOCK , tag=AlarmManager, flags=0x1, pid=494, uid=1000, mUserState=0x3
V/AlarmManager(  494): sending alarm PendingIntent{419fed70: PendingIntentRecord{42539210 com.a0soft.gphone.aDataOnOff broadcastIntent}}, intent=com.a0soft.gphone.aDataOnOff.srvc.OpenDataAction, type=ELAPSED_REALTIME_WAKEUP, count=1, when=282074227, repeateInterval=0
D/WifiStateMachine(  494): get mPhoneStateListener
D/FlexNetS(29961): CampNetworkInWhiteBlackList had check current PLMN =46692
D/TELEPHONY_CALLBACK( 1145): @onSignalStrengthChanged: SignalStrength: 17 -1 -1 -1 -1 -1 -1 -1 -1 -1 -1 -1 gsm|lte
D/StatusBar.NetworkController( 1145): dumpState[hasService=true ServiceState=0 home Chunghwa Chunghwa 46692  HSPAP CSS not supported -1 -1 RoamInd=-1 DefRoamInd=-1EriInd= -1EriMode= -1RadioPowerSv: false EmergOnly=false PhoneType: 1 IsCdma=false SimState=UNKNOWN GprsState=0 DataState=Connected DataActivity=OUT NetworkType=HSPA+ HtcModemLinkOn=false]
D/SIGNAL_ICON( 1145): updateTelephonySignalStrength
D/SIGNAL_ICON( 1145): fakeui srv=0 mTimerEnabled=false asu=17
D/SIGNAL_ICON( 1145): mapTelephonySignalStrength
V/FlexNetS(29961): onStartCommand() ACTION_CAMPNETWORK_NOT_IN_SERVICE_OR_ROAMING
V/FlexNetS(29961): handleCommand_AutoMode action: ACTION_CAMPNETWORK_NOT_IN_SERVICE_OR_ROAMING
D/FlexNetS(29961): cancelTimer: ACTION_FAKE_IN_SERVICE_AND_NOT_ROAMING
D/FlexNetS(29961): cancelTimer: ACTION_SWITCH_TO_GSM_ONLY_MODE
D/libc    (29961): pt_debug : pthread_create->start_routine=0x40b18065, tls=0x6b19cf00, arg=0x6afe5e68
D/libc    (29961): pt_debug : __thread_entry->func=0x40b18065
D/libc    (29961): , tls=0x6b19cf00, arg=0x6afe5e68
D/AutoSetting(29961): receiver - intent: android.intent.action.SERVICE_STATE
D/AutoSetting(29961): receiver - flag: Service state 0, last 0
D/SIGNAL_ICON( 1145): maxLevel=5 asu=17 networkType=HSPA+
D/SIGNAL_ICON( 1145): return iconLevel=5
D/StatusBar.NetworkController( 1145): dumpIconState[dataVisible=true dataIconId=stat_sys_data_out_h signalIconId=stat_sys_5signal_5 wifiVisible=false wifiIconId=stat_sys_wifi_signal_1 simCardVisible=false simCardIconId=null airplaneMode=false]
D/PowerManagerService(  494): acquireWakeLock(4202fbb0): PARTIAL_WAKE_LOCK , tag=SWITCH_NETWORK_MODE_WAKE_LOCK, flags=0x1, pid=29961, uid=10018, mUserState=0x3
D/PowerManagerService(  494): releaseWakeLock(4202fbb0): PARTIAL_WAKE_LOCK , tag=SWITCH_NETWORK_MODE_WAKE_LOCK, flags=0x1
D/FlexNetS(29961): CampNetworkInWhiteBlackList had check current PLMN =46692
D/skia    ( 2099): new locale ja_JP
D/libc    (  187): [NET][SMD][v0204] Extended TTL = 43200, original TTL = 182 (expires=1370366200,expires_ext=1370409218,now=1370366018)
D/libc    (  187): [NET]_cache_add_p: entry 3 added (count=3), e=0x4029a908 (e->expires=1370366200)
D/libc    (  187): [NET]res_nsend:resplen=309
D/libc    (  187): [NET]res_queryN: exit 3, ancount=2
D/libc    (  187): [NET]_dns_getaddrinfo-,0
D/libc    (  187): [NET] getaddrinfo-exit SUCCESS
D/libc    (32431): [NET]android_getaddrinfo_proxy-,1
D/libc    (32431): [NET] getaddrinfo-exit 1
D/PowerManagerService(  494): acquireWakeLock(422c8708): PARTIAL_WAKE_LOCK , tag=jp.naver.line.android, flags=0x1, pid=1579, uid=10219, mUserState=0x3
D/PowerManagerService(  494): releaseWakeLock(422c8708): PARTIAL_WAKE_LOCK , tag=jp.naver.line.android, flags=0x1
D/SensorManager(22547): onSensorChangedLocked: write to /sys/class/state_helper/proximity/psensor_release_wakelock_event not success
D/PowerManagerService(  494): acquireWakeLock(41fabb40): PARTIAL_WAKE_LOCK , tag=jp.naver.line.android, flags=0x1, pid=1579, uid=10219, mUserState=0x3
D/PowerManagerService(  494): releaseWakeLock(41fabb40): PARTIAL_WAKE_LOCK , tag=jp.naver.line.android, flags=0x1
V/SensorMonitor(22547): onSensorChanged:0.000000
V/SensorMonitor(22547): prefdisableinlandscape: true
V/SensorMonitor(22547): prefTimeout lock: 1000
D/FlexNetS(29961): CampNetworkInWhiteBlackList had check current PLMN =46692
V/FlexNetS(29961): onStartCommand() ACTION_CAMPNETWORK_NOT_IN_SERVICE_OR_ROAMING
V/FlexNetS(29961): handleCommand_AutoMode action: ACTION_CAMPNETWORK_NOT_IN_SERVICE_OR_ROAMING
D/FlexNetS(29961): cancelTimer: ACTION_FAKE_IN_SERVICE_AND_NOT_ROAMING
D/FlexNetS(29961): cancelTimer: ACTION_SWITCH_TO_GSM_ONLY_MODE
D/PowerManagerService(  494): acquireWakeLock(427e3320): PARTIAL_WAKE_LOCK , tag=SWITCH_NETWORK_MODE_WAKE_LOCK, flags=0x1, pid=29961, uid=10018, mUserState=0x3
D/libc    (29961): pt_debug : pthread_create->start_routine=0x40b18065, tls=0x6b19cf00, arg=0x6ad62f68
D/libc    (29961): pt_debug : __thread_entry->func=0x40b18065
D/libc    (29961): , tls=0x6b19cf00, arg=0x6ad62f68
D/AutoSetting(29961): receiver - intent: android.intent.action.SERVICE_STATE
D/AutoSetting(29961): receiver - flag: Service state 0, last 0
D/FlexNetS(29961): CampNetworkInWhiteBlackList had check current PLMN =46692
D/PowerManagerService(  494): releaseWakeLock(427e3320): PARTIAL_WAKE_LOCK , tag=SWITCH_NETWORK_MODE_WAKE_LOCK, flags=0x1
V/AlarmManager(  494): sending alarm PendingIntent{41826798: PendingIntentRecord{42539210 com.a0soft.gphone.aDataOnOff broadcastIntent}}, intent=com.a0soft.gphone.aDataOnOff.srvc.OpenDataAction, type=ELAPSED_REALTIME_WAKEUP, count=1, when=282074491, repeateInterval=0
D/FlexNetS(29961): CampNetworkInWhiteBlackList had check current PLMN =46692
V/FlexNetS(29961): onStartCommand() ACTION_CAMPNETWORK_NOT_IN_SERVICE_OR_ROAMING
V/FlexNetS(29961): handleCommand_AutoMode action: ACTION_CAMPNETWORK_NOT_IN_SERVICE_OR_ROAMING
D/FlexNetS(29961): cancelTimer: ACTION_FAKE_IN_SERVICE_AND_NOT_ROAMING
D/PowerManagerService(  494): acquireWakeLock(4251f4e8): PARTIAL_WAKE_LOCK , tag=SWITCH_NETWORK_MODE_WAKE_LOCK, flags=0x1, pid=29961, uid=10018, mUserState=0x3
I/OrcaInjector( 2490): Created just-in-time provider for class com.facebook.auth.userscope.EmptyViewerContextManager
D/fb4a(:providers):BackgroundTaskController( 2490): setTagDisabled(interface com.facebook.contacts.database.ContactsTaskTag, true)
D/fb4a(:providers):BackgroundTaskController( 2490): setTagDisabled(interface com.facebook.orca.background.MessagesTaskTag, true)
D/libc    ( 2490): pt_debug : pthread_create->start_routine=0x40b18065, tls=0x6bd36f00, arg=0x599ebb08
D/libc    ( 2490): pt_debug : __thread_entry->func=0x40b18065
D/libc    ( 2490): , tls=0x6bd36f00, arg=0x599ebb08
D/Socket_Alarm( 2490): registerHTCSocketMonitorCallBack
D/Socket_Alarm( 2490): set mSocketMonitor
D/Socket_Alarm( 2490): HTCSocketMonitorImpl::HTCSocketMonitorImpl
D/libc    ( 2490): pt_debug : pthread_create->start_routine=0x40b18065, tls=0x6bd57f00, arg=0x6bc2d578
D/libc    ( 2490): pt_debug : __thread_entry->func=0x40b18065
D/libc    ( 2490): , tls=0x6bd57f00, arg=0x6bc2d578
D/libc    ( 2490): pt_debug : pthread_create->start_routine=0x40b18065, tls=0x6be57f00, arg=0x6bc2f080
D/libc    ( 2490): pt_debug : __thread_entry->func=0x40b18065
D/libc    ( 2490): , tls=0x6be57f00, arg=0x6bc2f080
D/libc    ( 2490): pt_debug : pthread_create->start_routine=0x40b18065, tls=0x6be57f00, arg=0x6bc2f080
D/libc    ( 2490): pt_debug : __thread_entry->func=0x40b18065
D/libc    ( 2490): , tls=0x6be57f00, arg=0x6bc2f080
D/libc    ( 2363): [NET] getaddrinfo  hn 8, servname NULL, ai_family 0+
D/libc    ( 2363): [NET] ht 0x31302e312e312e
D/libc    ( 2363): [NET] getaddrinfo-exit SUCCESS
I/global  ( 2363): call createSocket() return a new socket.
D/libc    ( 2363): [NET] getaddrinfo  hn 8, servname NULL, ai_family 0+
D/libc    ( 2363): [NET] ht 0x31302e312e312e
D/libc    ( 2363): [NET] getaddrinfo-exit SUCCESS
D/libc    ( 2490): pt_debug : pthread_create->start_routine=0x40260509, tls=0x6bf67f00, arg=0x6bc36c00
D/libc    ( 2490): pt_debug : pthread_create->start_routine=0x40b18065, tls=0x6c267f00, arg=0x68e66ac8
D/libc    ( 2490): pt_debug : __thread_entry->func=0x40b18065
D/libc    ( 2490): , tls=0x6c267f00, arg=0x68e66ac8
D/libc    ( 2490): pt_debug : pthread_create->start_routine=0x40b18065, tls=0x6c367f00, arg=0x400149b0
D/libc    ( 2490): pt_debug : __thread_entry->func=0x40260509
D/libc    ( 2490): , tls=0x6bf67f00, arg=0x6bc36c00
D/libc    ( 2490): pt_debug : __thread_entry->func=0x40b18065
D/libc    ( 2490): , tls=0x6c367f00, arg=0x400149b0
D/libc    ( 2490): pt_debug : pthread_create->start_routine=0x40b18065, tls=0x6bd57f00, arg=0x6be67a18
D/libc    ( 2490): pt_debug : pthread_create->start_routine=0x40b18065, tls=0x6c467f00, arg=0x65df0200
D/libc    ( 2490): pt_debug : __thread_entry->func=0x40b18065
D/libc    ( 2490): , tls=0x6c467f00, arg=0x65df0200
D/libc    ( 2490): pt_debug : __thread_entry->func=0x40b18065
D/libc    ( 2490): , tls=0x6bd57f00, arg=0x6be67a18
D/WifiStateMachine(  494): get mPhoneStateListener
D/TELEPHONY_CALLBACK( 1145): @onSignalStrengthChanged: SignalStrength: 17 -1 -1 -1 -1 -1 -1 -1 -1 -1 -1 -1 gsm|lte
D/StatusBar.NetworkController( 1145): dumpState[hasService=true ServiceState=0 home Chunghwa Chunghwa 46692  HSPAP CSS not supported -1 -1 RoamInd=-1 DefRoamInd=-1EriInd= -1EriMode= -1RadioPowerSv: false EmergOnly=false PhoneType: 1 IsCdma=false SimState=UNKNOWN GprsState=0 DataState=Connected DataActivity=OUT NetworkType=HSPA+ HtcModemLinkOn=false]
D/SIGNAL_ICON( 1145): updateTelephonySignalStrength
D/SIGNAL_ICON( 1145): fakeui srv=0 mTimerEnabled=false asu=17
D/SIGNAL_ICON( 1145): mapTelephonySignalStrength
D/libc    ( 2099): pt_debug : pthread_create->start_routine=0x40b18065, tls=0x6d869f00, arg=0x6c03f528
D/libc    ( 2099): pt_debug : __thread_entry->func=0x40b18065
D/libc    ( 2099): , tls=0x6d869f00, arg=0x6c03f528
D/libc    ( 2099): pt_debug : pthread_create->start_routine=0x40b18065, tls=0x6d969f00, arg=0x6bc520c0
D/libc    ( 2099): pt_debug : __thread_entry->func=0x40b18065
D/libc    ( 2099): , tls=0x6d969f00, arg=0x6bc520c0
D/SIGNAL_ICON( 1145): maxLevel=5 asu=17 networkType=HSPA+
D/SIGNAL_ICON( 1145): return iconLevel=5
D/StatusBar.NetworkController( 1145): dumpIconState[dataVisible=true dataIconId=stat_sys_data_out_h signalIconId=stat_sys_5signal_5 wifiVisible=false wifiIconId=stat_sys_wifi_signal_1 simCardVisible=false simCardIconId=null airplaneMode=false]
D/libc    ( 2490): pt_debug : pthread_create->start_routine=0x40b18065, tls=0x6c067f00, arg=0x65e633c8
D/libc    ( 2490): pt_debug : __thread_entry->func=0x40b18065
D/libc    ( 2490): , tls=0x6c067f00, arg=0x65e633c8
D/libc    ( 2490): pt_debug : pthread_create->start_routine=0x40b18065, tls=0x6c167f00, arg=0x4067f0b0
D/libc    ( 2490): pt_debug : __thread_entry->func=0x40b18065
D/libc    ( 2490): , tls=0x6c167f00, arg=0x4067f0b0
D/TELEPHONY_CALLBACK( 1145): @onDataActivity: direction=3
D/StatusBar.NetworkController( 1145): dumpState[hasService=true ServiceState=0 home Chunghwa Chunghwa 46692  HSPAP CSS not supported -1 -1 RoamInd=-1 DefRoamInd=-1EriInd= -1EriMode= -1RadioPowerSv: false EmergOnly=false PhoneType: 1 IsCdma=false SimState=UNKNOWN GprsState=0 DataState=Connected DataActivity=IN_OUT NetworkType=HSPA+ HtcModemLinkOn=false]
D/DATA_ICON( 1145): updateDataIcon
D/DATA_ICON( 1145): fakeui srv=0 mTimerEnabled=false
D/FlexNetS(29961): cancelTimer: ACTION_SWITCH_TO_GSM_ONLY_MODE
D/DATA_ICON( 1145): refreshViews: mDataIconId -> stat_sys_data_inandout_h
D/StatusBar.NetworkController( 1145): dumpIconState[dataVisible=true dataIconId=stat_sys_data_inandout_h signalIconId=stat_sys_5signal_5 wifiVisible=false wifiIconId=stat_sys_wifi_signal_1 simCardVisible=false simCardIconId=null airplaneMode=false]
D/libc    (29961): pt_debug : pthread_create->start_routine=0x40b18065, tls=0x6b19cf00, arg=0x6ae3ea90
D/libc    ( 2099): pt_debug : pthread_create->start_routine=0x40260509, tls=0x6da69f00, arg=0x6bfe5da8
D/libc    ( 2099): pt_debug : __thread_entry->func=0x40260509
D/libc    ( 2099): , tls=0x6da69f00, arg=0x6bfe5da8
D/libc    (29961): pt_debug : __thread_entry->func=0x40b18065
D/libc    (29961): , tls=0x6b19cf00, arg=0x6ae3ea90
D/AutoSetting(29961): receiver - intent: android.intent.action.SERVICE_STATE
D/AutoSetting(29961): receiver - flag: Service state 0, last 0
D/FlexNetS(29961): CampNetworkInWhiteBlackList had check current PLMN =46692
D/PowerManagerService(  494): releaseWakeLock(4251f4e8): PARTIAL_WAKE_LOCK , tag=SWITCH_NETWORK_MODE_WAKE_LOCK, flags=0x1
D/libc    ( 2490): pt_debug : pthread_create->start_routine=0x40b18065, tls=0x6c567f00, arg=0x40721a40
D/libc    ( 2490): pt_debug : __thread_entry->func=0x40b18065
D/libc    ( 2490): , tls=0x6c567f00, arg=0x40721a40
D/ConnectivityService(  494): setMobileDataEnabled(true) - 2185/10312
D/ConnectivityService(  494): Mobile data state: CONNECTED
D/ConnectivityService(  494): Data enabled: user=true, policy=true
D/ConnectivityService(  494): true
D/MobileDataStateTracker(  494): default: setUserDataEnable: E enabled=true
D/MobileDataStateTracker(  494): default: setUserDataEnable: X enabled=true
D/libc    ( 2490): pt_debug : pthread_create->start_routine=0x40b18065, tls=0x6c667f00, arg=0x407210b0
V/AlarmManager(  494): sending alarm PendingIntent{4108a988: PendingIntentRecord{42550408 com.facebook.katana startService}}, intent=com.facebook.katana.service.3, type=ELAPSED_REALTIME, count=1, when=282074819, repeateInterval=0
D/ConnectivityService(  494): setMobileDataEnabled(true) - 2185/10312
D/ConnectivityService(  494): Mobile data state: CONNECTED
D/ConnectivityService(  494): Data enabled: user=true, policy=true
D/ConnectivityService(  494): true
D/MobileDataStateTracker(  494): default: setUserDataEnable: E enabled=true
D/MobileDataStateTracker(  494): default: setUserDataEnable: X enabled=true
D/PowerManagerService(  494): releaseWakeLock(427f92c0): PARTIAL_WAKE_LOCK , tag=AlarmManager, flags=0x1
D/SensorManager(24782): onSensorChangedLockedCalledCount = 179500, size = 1, listener = android.hardware.SystemSensorManager$ListenerDelegate@411dba38
D/libc    ( 2490): pt_debug : __thread_entry->func=0x40b18065
D/libc    ( 2490): , tls=0x6c667f00, arg=0x407210b0
D/libc    ( 2490): pt_debug : pthread_create->start_routine=0x40b18065, tls=0x6c767f00, arg=0x59a067a0
D/libc    ( 2490): pt_debug : __thread_entry->func=0x40b18065
D/libc    ( 2490): , tls=0x6c767f00, arg=0x59a067a0
D/libc    ( 2490): pt_debug : pthread_create->start_routine=0x40b18065, tls=0x6c867f00, arg=0x405ba0b0
D/libc    ( 2490): pt_debug : __thread_entry->func=0x40b18065
D/libc    ( 2490): , tls=0x6c867f00, arg=0x405ba0b0
D/libc    ( 2099): [NET] getaddrinfo  hn 18, servname NULL, ai_family 0+
D/libc    ( 2099): [NET] ht 0x67726170682e66
D/libc    ( 2099): [NET] getaddrinfo-exit,err=8
D/libc    ( 2099): [NET] getaddrinfo  hn 18, servname NULL, ai_family 0+
D/libc    ( 2099): [NET] ht 0x67726170682e66
D/libc    ( 2099): [NET] getaddrinfo-exit,err=8
V/SensorMonitor(22547): sensor: turn off thread
D/PowerManagerService(  494): TPE algorithm. remove timeout.
D/PowerManagerService(  494): nativeSetScreenState: on=false
D/PowerManagerService(  494): nativeSetScreenState: err=0
D/PowerManagerService(  494): setScreenStateLocked, turn off the button light 
V/LightsService(  494): setLight #2: color=#0
D/lights  (  494): set_light_buttons_func: on=0 brightness=0
V/LightsService(  494): setLight #1: color=#0
D/PowerManagerService(  494): acquireWakeLock(425b6bc0): PARTIAL_WAKE_LOCK , tag=sleep_broadcast, flags=0x1, pid=494, uid=1000, mUserState=0x0
V/LightsService(  494): setLight #0: color=#ff000000
D/KeyguardViewMediator(  494): lockNow - password timeout now
D/KeyguardViewMediator(  494): password timeout now
D/StatusBarManager(  494): disable:0 pkgName=android threadName=PowerManagerService token=android.os.Binder@41609090
D/KeyguardViewMediator(  494): password timeout because of ADMIN
D/KeyguardViewMediator(  494): password timeout now
D/StatusBarManager(  494): disable:0 pkgName=android threadName=WindowManagerPolicy token=android.os.Binder@41609090
D/PowerManagerService(  494): acquireWakeLock(42548b08): PARTIAL_WAKE_LOCK , tag=show keyguard, flags=0x1, pid=494, uid=1000, mUserState=0x0
D/PowerManagerService(  494): ActivityManagerNative.getDefault().goingToSleep();
D/PowerManagerService(  494): acquireWakeLock(424f0ff8): PARTIAL_WAKE_LOCK , tag=ActivityManager-Sleep, flags=0x1, pid=494, uid=1000, mUserState=0x0
I/BatteryService(  494): read native_update done
V/SensorMonitor(22547): reset Handler
D/BatteryService(  494): updateBatteryStats: update triggered by UEvent.
D/PowerManagerService(  494): acquireWakeLock(42432948): PARTIAL_WAKE_LOCK , tag=BatteryServiceUpdateStats, flags=0x1, pid=494, uid=1000, mUserState=0x0
D/HtcFooter(  494): layerDrawableIndex = 0
D/libc    ( 2099): [NET] getaddrinfo  hn 21, servname NULL, ai_family 0+
D/libc    ( 2099): [NET] ht 0x6170692d726561
D/libc    ( 2099): [NET] getaddrinfo-exit,err=8
D/HtcFooter(  494): layerDrawableIndex = 0
D/libc    ( 2099): [NET] getaddrinfo  hn 21, servname NULL, ai_family 0+
D/libc    ( 2099): [NET] ht 0x6170692d726561
D/libc    ( 2099): [NET] getaddrinfo-exit,err=8
D/HtcLockScreen(  494): UnlockScreen: setVisibility :4
V/KeyguardViewManager(  494): KGVM: Set visibility on com.android.internal.policy.impl.KeyguardViewManager$KeyguardViewHost@41cfe438 to 6291456
D/NfcService(27701): ScreenObserver: OFF
D/libc    (20050): pt_debug : pthread_create->start_routine=0x40b18065, tls=0x6bac4f00, arg=0x6c39e8c0
D/PowerManagerService(  494): acquireWakeLock(41d5d6e8): PARTIAL_WAKE_LOCK , tag=HtcLockScreen:event_15, flags=0x1, pid=494, uid=1000, mUserState=0x0
I/InputMethodManagerService(  494): screenObserver: isScreenOn=false
I/InputMethodManagerService(  494): Disable input method client.
D/PowerManagerService(  494): acquireWakeLock(41d33118): PARTIAL_WAKE_LOCK , tag=NfcService:mRoutingWakeLock, flags=0x1, pid=27701, uid=1027, mUserState=0x0
D/PowerManagerService(  494): releaseWakeLock(41d33118): PARTIAL_WAKE_LOCK , tag=NfcService:mRoutingWakeLock, flags=0x1
D/libc    (20050): pt_debug : __thread_entry->func=0x40b18065
D/libc    (20050): , tls=0x6bac4f00, arg=0x6c39e8c0
