D/PowerManager(  494): customizeScreenDelay(227213714, false, 0x2, -1, -1, -1)
D/StatusBarManager(  494): disable:16777216 pkgName=android threadName=WindowManagerPolicy token=android.os.Binder@41609090
D/PowerManagerService(  494): releaseWakeLock(424f0ff8): PARTIAL_WAKE_LOCK , tag=ActivityManager-Sleep, flags=0x1
D/PowerManagerService(  494): releaseWakeLock(42432948): PARTIAL_WAKE_LOCK , tag=BatteryServiceUpdateStats, flags=0x1
D/PhoneStatusBar( 1145): disable: < expand icons alerts ticker system_info back home RECENT* clock >
D/HtcPowerSaver(  494): Received battery changed intent.
D/HtcPowerSaver(  494): Checking...
I/HtcPowerSaver(  494): >> updateStatus
I/HtcPowerSaver(  494): currentStatus=8000, currentLevel=83, enableLevel=-1, enable=false, mAutoModeOn=false, popDialog=false, statusChangeTo=-1
I/HtcPowerSaver(  494): << updateStatus
D/UsbnetService(  494): BroadcastReceiver::onReceive+
D/UsbnetService(  494): onReceive BATTERY_CHANGED
D/UsbnetService(  494):  --> pluggedType = 0, mPluggedType = 0, mScreenOff = false
D/UsbnetService(  494): BroadcastReceiver::onReceive-
D/PowerManagerService(  494): runHtcPowerSaverCheck ======================================
D/PowerManagerService(  494): releaseWakeLock(42548b08): PARTIAL_WAKE_LOCK , tag=show keyguard, flags=0x1
D/NotificationService(  494): mIntentReceiver() Intent.ACTION_BATTERY_CHANGED
D/PowerManagerService(  494): acquireWakeLock(41c2aa28): PARTIAL_WAKE_LOCK , tag=IdleScreen:command_15, flags=0x1, pid=22236, uid=10128, mUserState=0x0
D/HtcLockScreen(  494): UnlockScreen: onPause
D/StatusBarManager(  494): disable:16777216 pkgName=android threadName=WindowManagerPolicy token=android.os.Binder@41609090
V/KeyguardViewManager(  494): KGVM: Set visibility on com.android.internal.policy.impl.KeyguardViewManager$KeyguardViewHost@41cfe438 to 6291456
D/PowerManagerService(  494): releaseWakeLock(41c2aa28): PARTIAL_WAKE_LOCK , tag=IdleScreen:command_15, flags=0x1
D/PowerUI ( 1145): plugged = false, health = 2, mBatteryLevel = 83, mPluggedBatteryLevel = 96, mLowBatteryWarningLevel2 = 25, mshowLowChargingWarning2 = true
D/PowerManager(  494): customizeScreenDelay(227213740, false, 0x2, -1, -1, -1)
D/StatusBarManager(  494): disable:16777216 pkgName=android threadName=WindowManagerPolicy token=android.os.Binder@41609090
D/LockPatternKeyguardView(  494): **** UPDATE SCREEN: mode=LockScreen last mode=LockScreen, force = false
D/HtcLockScreen(  494): UnlockScreen: setVisibility :8
W/PowerManagerService(  494): Can not get flags by lock
D/AlarmManager(  494): ACTION_SCREEN_OFF
D/PowerManagerService(  494): acquireWakeLock(41b57020): PARTIAL_WAKE_LOCK , tag=IdleScreen:command_15, flags=0x1, pid=22236, uid=10128, mUserState=0x0
D/PowerManagerService(  494): releaseWakeLock(41b57020): PARTIAL_WAKE_LOCK , tag=IdleScreen:command_15, flags=0x1
D/PowerManagerService(  494): acquireWakeLock(41b3a8d0): PARTIAL_WAKE_LOCK , tag=IdleScreen:event_15, flags=0x1, pid=22236, uid=10128, mUserState=0x0
D/UsbnetService(  494): BroadcastReceiver::onReceive+
D/UsbnetService(  494): onReceive SCREEN_OFF
D/UsbnetService(  494): BroadcastReceiver::onReceive-
D/FlexNetS(29961): CampNetworkInWhiteBlackList had check current PLMN =46692
D/PowerManagerService(  494): releaseWakeLock(41d5d6e8): PARTIAL_WAKE_LOCK , tag=HtcLockScreen:event_15, flags=0x1
D/HtcFooter(  494): layerDrawableIndex = 0
D/LockPatternKeyguardView(  494): **** UPDATE SCREEN: mode=LockScreen last mode=LockScreen, force = false
D/HtcLockScreen(  494): UnlockScreen: setVisibility :8
E/ThermalDaemon(  754): notify PnPMgr CPU1 frequency recover to 1728000
D/WirelessDisplayService(  494): ScreenReceiver;android.intent.action.SCREEN_OFF,callOnGoing: false, Screen On: false
D/WirelessDisplayService(  494): ScreenReceiver: ACTION_SCREEN_OFF && Not in DongleWait nor MirrorEnabling State: REQ_JOIN_GROUP - FALSE
D/SessionManagerService(  494): Received intent: #Intent;action=android.intent.action.SCREEN_OFF;launchFlags=0x50000010;end
D/ContactMessageStore( 1272): start background delete task...
D/CursorWindowStats( 1272): Allocate Cursor Window larger than default value, size: 4194304, default:2097152
D/libc    (  182): pt_debug : pthread_create->start_routine=0x403ae2c5, tls=0x41236f00, arg=0x4016afc8
D/libc    (  182): pt_debug : __thread_entry->func=0x403ae2c5
D/libc    (  182): , tls=0x41236f00, arg=0x4016afc8
D/memalloc(  183): ion: Allocated buffer base:0x493e6000 size:8077312 fd:67
D/memalloc(  183): ion: Allocated buffer base:0x40019000 size:4096 fd:78
D/CursorWindowStats( 1272): Allocate Cursor Window larger than default value, size: 4194304, default:2097152
D/memalloc(  494): ion: Mapped buffer base:0x74e39000 size:8077312 offset:0 fd:230
D/memalloc(  494): ion: Mapped buffer base:0x401e2000 size:4096 offset:0 fd:242
D/ContactMessageStore( 1272): size: 0 , 0
D/ContactMessageStore( 1272): Background delete complete
D/PowerManagerService(  494): acquireWakeLock(41a79aa8): PARTIAL_WAKE_LOCK , tag=RILJ, flags=0x1, pid=1272, uid=1001, mUserState=0x0
D/TELEPHONY_CALLBACK( 1145): @onDataActivity: direction=0
D/StatusBar.NetworkController( 1145): dumpState[hasService=true ServiceState=0 home Chunghwa Chunghwa 46692  HSPAP CSS not supported -1 -1 RoamInd=-1 DefRoamInd=-1EriInd= -1EriMode= -1RadioPowerSv: false EmergOnly=false PhoneType: 1 IsCdma=false SimState=UNKNOWN GprsState=0 DataState=Connected DataActivity=NONE NetworkType=HSPA+ HtcModemLinkOn=false]
D/DATA_ICON( 1145): updateDataIcon
D/DATA_ICON( 1145): fakeui srv=0 mTimerEnabled=false
D/DATA_ICON( 1145): refreshViews: mDataIconId -> stat_sys_data_connected_h
D/StatusBar.NetworkController( 1145): dumpIconState[dataVisible=true dataIconId=stat_sys_data_connected_h signalIconId=stat_sys_5signal_5 wifiVisible=false wifiIconId=stat_sys_wifi_signal_1 simCardVisible=false simCardIconId=null airplaneMode=false]
D/PowerManagerService(  494): releaseWakeLock(41a79aa8): PARTIAL_WAKE_LOCK , tag=RILJ, flags=0x1
I/dalvikvm-heap(22236): Grow heap (frag case) to 13.821MB for 2073616-byte allocation
D/PowerManagerService(  494): acquireWakeLock(41e00e00): PARTIAL_WAKE_LOCK , tag=FbClientConnManager, flags=0x1, pid=2099, uid=10033, mUserState=0x0
D/PowerManagerService(  494): releaseWakeLock(41b3a8d0): PARTIAL_WAKE_LOCK , tag=IdleScreen:event_15, flags=0x1
D/PowerManagerService(  494): acquireWakeLock(41d02cb8): PARTIAL_WAKE_LOCK , tag=g, flags=0x1, pid=16012, uid=10240, mUserState=0x0
D/libc    (22236): pt_debug : pthread_create->start_routine=0x40b18065, tls=0x6b233f00, arg=0x6b8669c0
D/libc    (22236): pt_debug : __thread_entry->func=0x40b18065
D/libc    (22236): , tls=0x6b233f00, arg=0x6b8669c0
D/libc    ( 2490): pt_debug : pthread_create->start_routine=0x40b18065, tls=0x6c967f00, arg=0x405ba708
D/libc    ( 2490): pt_debug : __thread_entry->func=0x40b18065
D/libc    ( 2490): , tls=0x6c967f00, arg=0x405ba708
D/KeyguardManager( 1613): reenableKeyguard , getCallers = cn.etouch.ecalendar.service.g.onReceive:-1 android.app.LoadedApk$ReceiverDispatcher$Args.run:833 android.os.Handler.handleCallback:615 
D/AutoSetting(29961): service - mHandler: cancel location update
D/AutoSetting(29961): service -           changes count: 0
I/EASAppSvc( 2039): [ NA ]forceResume()
I/ScheduleManager( 2039): [Acc 2]getMappingSchedule(): Auto-Sync is disable, set schedule to Manually
W/WeatherTimeKeeper(22236): [refreshWeatherData] weather condition icon resource invalid or not found
I/ScheduleManager( 2039): [Acc 2]getMappingSchedule(): Auto-Sync is disable, set schedule to Manually
E/WeatherTimeKeeper(22236): Fail to schedule next weather update because of permission issue:Permission Denial: getIntentSender() from pid=22236, uid=10128, (need uid=10130) is not allowed to send as package com.htc.idlescreen.base
W/ActivityManager(  494): Permission Denial: getIntentSender() from pid=22236, uid=10128, (need uid=10130) is not allowed to send as package com.htc.idlescreen.base
D/libc    ( 2099): pt_debug : pthread_create->start_routine=0x40b18065, tls=0x6d269f00, arg=0x6c04fbe0
D/libc    ( 2099): pt_debug : __thread_entry->func=0x40b18065
D/libc    ( 2099): , tls=0x6d269f00, arg=0x6c04fbe0
D/YouTube MDX( 2253): Recieved intent android.intent.action.SCREEN_OFF
W/fb4a(:<default>):ImmutableBundle( 2099): Unsupported value type in bundle for key fb4a_new with value {"new_version":"154780","min_version":"148914","new_version_url":"https://m.facebook.com/mobile_builds?build_number=154780&no_fw=1","new_version_notes":"","everstore_handle":"FuuCCQA5cQwCBxEkAFAANnxuPwYAAAA:"}
D/PowerManagerService(  494): acquireWakeLock(41dfb9c0): PARTIAL_WAKE_LOCK , tag=FbClientConnManager, flags=0x1, pid=2490, uid=10033, mUserState=0x0
D/PowerManagerService(  494): releaseWakeLock(425b6bc0): PARTIAL_WAKE_LOCK , tag=sleep_broadcast, flags=0x1
D/Process (  494): killProcessQuiet, pid=1732
D/Process (  494): dalvik.system.VMStack.getThreadStackTrace(Native Method)
D/Process (  494): java.lang.Thread.getStackTrace(Thread.java:599)
D/Process (  494): android.os.Process.killProcessQuiet(Process.java:981)
D/Process (  494): com.android.server.am.ActivityManagerService.updateOomAdjLocked(ActivityManagerService.java:16193)
D/Process (  494): com.android.server.am.ActivityManagerService.updateOomAdjLocked(ActivityManagerService.java:16096)
D/Process (  494): com.android.server.am.ActivityManagerService.serviceDoneExecutingLocked(ActivityManagerService.java:13578)
D/Process (  494): com.android.server.am.ActivityManagerService.serviceDoneExecuting(ActivityManagerService.java:13548)
D/Process (  494): android.app.ActivityManagerNative.onTransact(ActivityManagerNative.java:774)
D/Process (  494): com.android.server.am.ActivityManagerService.onTransact(ActivityManagerService.java:1884)
D/Process (  494): android.os.Binder.execTransact(Binder.java:367)
D/Process (  494): dalvik.system.NativeStart.run(Native Method)
I/ActivityManager(  494): No longer want flipboard.app (pid 1732): hidden #31, adj=15
W/fb4a(:<default>):ImmutableBundle( 2099): Unsupported value type in bundle for key fb4a_master_new with value {"new_version":130613,"new_version_url":"https://m.facebook.com/mobile_builds?build_number=130613&no_fw=1"}
I/ActivityManager(  494): Recipient 1732
D/Process (  494): killProcessQuiet, pid=1816
D/Process (  494): dalvik.system.VMStack.getThreadStackTrace(Native Method)
D/Process (  494): java.lang.Thread.getStackTrace(Thread.java:599)
D/Process (  494): android.os.Process.killProcessQuiet(Process.java:981)
D/Process (  494): com.android.server.am.ActivityManagerService.updateOomAdjLocked(ActivityManagerService.java:16193)
D/Process (  494): com.android.server.am.ActivityManagerService.updateOomAdjLocked(ActivityManagerService.java:16096)
D/Process (  494): com.android.server.am.ActivityManagerService.serviceDoneExecutingLocked(ActivityManagerService.java:13578)
D/Process (  494): com.android.server.am.ActivityManagerService.serviceDoneExecuting(ActivityManagerService.java:13548)
D/Process (  494): android.app.ActivityManagerNative.onTransact(ActivityManagerNative.java:774)
D/Process (  494): com.android.server.am.ActivityManagerService.onTransact(ActivityManagerService.java:1884)
D/Process (  494): android.os.Binder.execTransact(Binder.java:367)
D/Process (  494): dalvik.system.NativeStart.run(Native Method)
I/ActivityManager(  494): No longer want tunein.player.pro (pid 1816): hidden #31, adj=15
I/ActivityManager(  494): Recipient 1816
D/BatteryService(  494): updateBatteryStats: update triggered by UEvent.
D/PowerManagerService(  494): acquireWakeLock(420ac308): PARTIAL_WAKE_LOCK , tag=BatteryServiceUpdateStats, flags=0x1, pid=494, uid=1000, mUserState=0x0
I/BatteryService(  494): read native_update done
V/NetworkStatsFactory(  494): readNetworkStatsDetail(-1) start
E/ThermalDaemon(  754): notify PnPMgr CPU3 frequency recover to 1728000
V/NetworkStatsFactory(  494): readNetworkStatsDetail(-1) line 372, tooks 74 ms
V/NetworkStats(  494): groupedByUid() size=372
V/NetworkStats(  494): groupedByUid() tooks 10 ms
D/PowerManagerService(  494): releaseWakeLock(420ac308): PARTIAL_WAKE_LOCK , tag=BatteryServiceUpdateStats, flags=0x1
E/ThermalDaemon(  754): notify PnPMgr CPU2 frequency recover to 1728000
E/ThermalDaemon(  754): notify PnPMgr CPU1 frequency recover to 1728000
D/libc    (  494): pt_debug : pthread_create->start_routine=0x40b18065, tls=0x7096cf00, arg=0x6d353400
D/libc    (  494): pt_debug : __thread_entry->func=0x40b18065
D/libc    (  494): , tls=0x7096cf00, arg=0x6d353400
D/BatteryService_ULog(  494): ULogForBatteryChargingStateChange(83,2) is called
D/BatteryService_ULog(  494): charger=on,battery_power=83
D/PowerManagerService(  494): releaseWakeLock(41d02cb8): PARTIAL_WAKE_LOCK , tag=g, flags=0x1
D/HtcPowerSaver(  494): Received battery changed intent.
D/HtcPowerSaver(  494): Checking...
I/HtcPowerSaver(  494): >> updateStatus
I/HtcPowerSaver(  494): currentStatus=8000, currentLevel=83, enableLevel=-1, enable=false, mAutoModeOn=false, popDialog=false, statusChangeTo=-1
I/HtcPowerSaver(  494): << updateStatus
D/UsbnetService(  494): BroadcastReceiver::onReceive+
D/UsbnetService(  494): onReceive BATTERY_CHANGED
D/UsbnetService(  494):  --> pluggedType = 2, mPluggedType = 0, mScreenOff = true
D/UsbnetService(  494): BroadcastReceiver::onReceive-
D/PowerManagerService(  494): runHtcPowerSaverCheck ======================================
D/NotificationService(  494): mIntentReceiver() Intent.ACTION_BATTERY_CHANGED
V/LightsService(  494): setLight #8: color=#c8c800
D/lights  (  494): set_color_led color=13158400, mode=255, off_min=0, off_sec=0
D/lights  (  494): [LedInfo] without indicator attribute, red:c80000, green:c800, blue:0
V/NotificationService(  494): Charging...
V/LightsService(  494): setLight #8: color=#c80000
D/lights  (  494): set_color_led color=13107200, mode=1, off_min=0, off_sec=0
D/lights  (  494): [LedInfo] without indicator attribute, red:c80000, green:0, blue:0
D/lights  (  494): [LedInfo] write attr ok name=/sys/class/leds/amber/brightness string=1,len=1
D/lights  (  494): [LedInfo] write attr ok name=/sys/class/leds/amber/blink string=0,len=1
D/lights  (  494): [LedInfo] write attr ok name=/sys/class/leds/amber/off_timer string=0 0,len=3
D/lights  (  494): [LedInfo] write attr ok name=/sys/class/leds/green/brightness string=0,len=1
D/lights  (  494): [LedInfo] write attr ok name=/sys/class/leds/green/blink string=0,len=1
D/lights  (  494): [LedInfo] write attr ok name=/sys/class/leds/green/off_timer string=0 0,len=3
D/BatteryService(  494): sendIntentForSmartSync: Intent { act=com.htc.system.battery.PLUG_CHANGED (has extras) }
D/BatteryService(  494): duration: 6324719 discharge: 16
I/BatteryService(  494): read native_update done
D/CursorWindowStats( 1426): Allocate Cursor Window larger than default value, size: 4194304, default:2097152
D/BatteryService(  494): updateBatteryStats: update triggered by UEvent.
D/PowerManagerService(  494): acquireWakeLock(41b2db00): PARTIAL_WAKE_LOCK , tag=BatteryServiceUpdateStats, flags=0x1, pid=494, uid=1000, mUserState=0x0
D/PowerManagerService(  494): nativeSetScreenState: on=true
D/PowerManagerService(  494): nativeSetScreenState: err=0
D/PowerUI ( 1145): closing low battery warning: level=83
W/Vold    (  181): USB connected
W/Vold    (  181): Share method ums now available
D/libc    (  189): pt_debug : pthread_create->start_routine=0x40b18065, tls=0x65b83f00, arg=0x4010a9e8
D/libc    (  189): pt_debug : __thread_entry->func=0x40b18065
D/libc    (  189): , tls=0x65b83f00, arg=0x4010a9e8
D/libc    (  189): pt_debug : pthread_create->start_routine=0x40b18065, tls=0x65c83f00, arg=0x4015e008
D/libc    (  189): pt_debug : __thread_entry->func=0x40b18065
D/libc    (  189): , tls=0x65c83f00, arg=0x4015e008
D/libc    ( 2592): pt_debug : pthread_create->start_routine=0x40b175d5, tls=0x65b83f00, arg=0x4057ac20
D/libc    ( 2592): pt_debug : __thread_entry->func=0x40b175d5
D/libc    ( 2592): , tls=0x65b83f00, arg=0x4057ac20
D/libc    (  189): pt_debug : pthread_create->start_routine=0x40b18065, tls=0x65d83f00, arg=0x6893ca98
D/libc    (  189): pt_debug : __thread_entry->func=0x40b18065
D/libc    (  189): , tls=0x65d83f00, arg=0x6893ca98
D/libc    ( 2592): pt_debug : pthread_create->start_routine=0x40b175d5, tls=0x65c83f00, arg=0x40092c00
D/libc    ( 2592): pt_debug : __thread_entry->func=0x40b175d5
D/libc    ( 2592): , tls=0x65c83f00, arg=0x40092c00
D/libc    ( 2592): pt_debug : pthread_create->start_routine=0x40b175d5, tls=0x65d83f00, arg=0x40246a40
D/libc    ( 2592): pt_debug : __thread_entry->func=0x40b175d5
D/libc    ( 2592): , tls=0x65d83f00, arg=0x40246a40
D/libc    ( 2592): pt_debug : pthread_create->start_routine=0x40b18065, tls=0x668e5f00, arg=0x689f3930
D/libc    ( 2592): pt_debug : __thread_entry->func=0x40b18065
D/libc    ( 2592): , tls=0x668e5f00, arg=0x689f3930
D/libc    ( 2592): pt_debug : pthread_create->start_routine=0x40b18065, tls=0x6a500f00, arg=0x4008d010
D/libc    ( 2592): pt_debug : __thread_entry->func=0x40b18065
D/libc    ( 2592): , tls=0x6a500f00, arg=0x4008d010
D/libc    ( 2592): pt_debug : pthread_create->start_routine=0x40b18065, tls=0x6a600f00, arg=0x4010c020
D/libc    ( 2592): pt_debug : __thread_entry->func=0x40b18065
D/libc    ( 2592): , tls=0x6a600f00, arg=0x4010c020
I/ActivityManager(  494): Start proc com.android.settings for broadcast com.android.settings/.NSReceiver: pid=2592 uid=1000 gids={1015, 3002, 3001, 3003, 1028, 5006, 3007, 3006, 2001, 1007}
D/libc    ( 2592): pt_debug : pthread_create->start_routine=0x40260509, tls=0x6a8fef00, arg=0x4015e508
D/libc    ( 2592): pt_debug : __thread_entry->func=0x40260509
D/libc    ( 2592): , tls=0x6a8fef00, arg=0x4015e508
D/libc    ( 2592): pt_debug : pthread_create->start_routine=0x40260509, tls=0x6a9fef00, arg=0x4015e508
D/PowerUI ( 1145): plugged = true, health = 2, mBatteryLevel = 83, mPluggedBatteryLevel = 83, mLowBatteryWarningLevel2 = 25, mshowLowChargingWarning2 = true
W/PowerUI ( 1145): unknown intent: Intent { act=android.intent.action.ACTION_POWER_CONNECTED flg=0x8000010 }
I/StorageNotification( 1145): UMS connection changed to true (media state mounted)
D/PowerUI ( 1145): closing low battery warning: level=83
D/PowerUI ( 1145): plugged = true, health = 2, mBatteryLevel = 83, mPluggedBatteryLevel = 83, mLowBatteryWarningLevel2 = 25, mshowLowChargingWarning2 = true
D/libc    ( 2592): pt_debug : __thread_entry->func=0x40260509
D/libc    ( 2592): , tls=0x6a9fef00, arg=0x4015e508
D/MountService(  494): sharing = 0 
E/Trace   ( 2592): error opening trace file: No such file or directory (2)
I/global  ( 2099): I/O error closing connection
I/global  ( 2099): java.net.SocketException: Socket is closed
I/global  ( 2099): 	at java.net.Socket.checkOpenAndCreate(Socket.java:671)
I/global  ( 2099): 	at java.net.Socket.getSoLinger(Socket.java:434)
I/global  ( 2099): 	at org.apache.harmony.xnet.provider.jsse.OpenSSLSocketImplWrapper.getSoLinger(OpenSSLSocketImplWrapper.java:156)
I/global  ( 2099): 	at org.apache.http.impl.conn.tsccm.AbstractConnPool.closeConnection(AbstractConnPool.java:328)
I/global  ( 2099): 	at org.apache.http.impl.conn.tsccm.ConnPoolByRoute.deleteEntry(ConnPoolByRoute.java:530)
I/global  ( 2099): 	at org.apache.http.impl.conn.tsccm.ConnPoolByRoute.deleteClosedConnections(ConnPoolByRoute.java:653)
I/global  ( 2099): 	at org.apache.http.impl.conn.tsccm.ThreadSafeClientConnManager.closeIdleConnections(ThreadSafeClientConnManager.java:295)
I/global  ( 2099): 	at com.facebook.http.common.FbClientConnManager.c(FbClientConnManager.java:283)
I/global  ( 2099): 	at com.facebook.http.common.FbClientConnManager$CloseIdleConnectionsRunnable.run(FbClientConnManager.java:294)
I/global  ( 2099): 	at java.util.concurrent.Executors$RunnableAdapter.call(Executors.java:442)
I/global  ( 2099): 	at java.util.concurrent.FutureTask$Sync.innerRun(FutureTask.java:305)
I/global  ( 2099): 	at java.util.concurrent.FutureTask.run(FutureTask.java:137)
I/global  ( 2099): 	at java.util.concurrent.ScheduledThreadPoolExecutor$ScheduledFutureTask.access$201(ScheduledThreadPoolExecutor.java:150)
I/global  ( 2099): 	at java.util.concurrent.ScheduledThreadPoolExecutor$ScheduledFutureTask.run(ScheduledThreadPoolExecutor.java:264)
I/global  ( 2099): 	at java.util.concurrent.ThreadPoolExecutor.runWorker(ThreadPoolExecutor.java:1076)
I/global  ( 2099): 	at java.util.concurrent.ThreadPoolExecutor$Worker.run(ThreadPoolExecutor.java:569)
I/global  ( 2099): 	at com.facebook.common.executors.NamedThreadFactory$1.run(NamedThreadFactory.java:44)
I/global  ( 2099): 	at java.lang.Thread.run(Thread.java:864)
W/IdleConnectionHandler( 2099): Removing a connection that never existed!
I/ActivityThread( 2592): Pub wispr: com.android.settings.wifi.WISPrProvider
I/ActivityThread( 2592): Pub com.android.settings.provider.cdmasettings: com.android.settings.HtcCdmaSettingsProvider
D/HtcCdmaSettingsProvider( 2592): onCreate !
D/libc    ( 2592): pt_debug : pthread_create->start_routine=0x40b18065, tls=0x6bd26f00, arg=0x599ee348
D/libc    ( 2592): pt_debug : __thread_entry->func=0x40b18065
D/libc    ( 2592): , tls=0x6bd26f00, arg=0x599ee348
D/libc    ( 2592): pt_debug : pthread_create->start_routine=0x40b18065, tls=0x6bd26f00, arg=0x599ee348
D/libc    ( 2592): pt_debug : __thread_entry->func=0x40b18065
D/libc    ( 2592): , tls=0x6bd26f00, arg=0x599ee348
D/TetherSettings( 2592): CustomizedNS:true CustomizedML:false CustomizedSPCSC:false SmartPSCS:false
D/        ( 2592): Cust_ConnectToPC   : Internet_Sharing>true
D/        ( 2592): Cust_ConnectToPC   : Modem_Link>false
D/        ( 2592): Cust_ConnectToPC   : spcsc>false
D/SmartNS_NSReceiver( 2592): onReceive : com.htc.intent.action.BATTERY_CHANGE_PARTIAL hasTethered:false isNSOpening:false
D/PowerManagerService(  494): button light setOrientation:-1
D/PowerManagerService(  494): acquireWakeLock(4176d2e8): PARTIAL_WAKE_LOCK , tag=sleep_broadcast, flags=0x1, pid=494, uid=1000, mUserState=0x0
D/PowerManagerService(  494): acquireWakeLock(418059d8): FULL_WAKE_LOCK ACQUIRE_CAUSES_WAKEUP , tag=keyguard, flags=0x1000001a, pid=494, uid=1000, mUserState=0x0
D/Process (  494): killProcessQuiet, pid=2599
D/Process (  494): dalvik.system.VMStack.getThreadStackTrace(Native Method)
D/Process (  494): java.lang.Thread.getStackTrace(Thread.java:599)
D/Process (  494): android.os.Process.killProcessQuiet(Process.java:981)
D/Process (  494): com.android.server.am.ActivityManagerService.updateOomAdjLocked(ActivityManagerService.java:16193)
D/Process (  494): com.android.server.am.ActivityManagerService.updateLruProcessInternalLocked(ActivityManagerService.java:2114)
D/Process (  494): com.android.server.am.ActivityManagerService.updateLruProcessLocked(ActivityManagerService.java:2121)
D/Process (  494): com.android.server.am.BroadcastQueue.processCurBroadcastLocked(BroadcastQueue.java:215)
D/Process (  494): com.android.server.am.BroadcastQueue.processNextBroadcast(BroadcastQueue.java:796)
D/Process (  494): com.android.server.am.ActivityManagerService.finishReceiver(ActivityManagerService.java:14509)
D/Process (  494): android.app.ActivityManagerNative.onTransact(ActivityManagerNative.java:350)
D/Process (  494): com.android.server.am.ActivityManagerService.onTransact(ActivityManagerService.java:1884)
D/Process (  494): android.os.Binder.execTransact(Binder.java:367)
D/Process (  494): dalvik.system.NativeStart.run(Native Method)
D/HtcPowerSaver(  494): Received battery changed intent.
D/UsbnetService(  494): BroadcastReceiver::onReceive+
D/UsbnetService(  494): onReceive BATTERY_CHANGED
D/UsbnetService(  494):  --> pluggedType = 2, mPluggedType = 0, mScreenOff = true
D/UsbnetService(  494): BroadcastReceiver::onReceive-
D/HtcPowerSaver(  494): Checking...
I/HtcPowerSaver(  494): >> updateStatus
I/BatteryService(  494): read native_update done
I/HtcPowerSaver(  494): currentStatus=8000, currentLevel=83, enableLevel=-1, enable=false, mAutoModeOn=false, popDialog=false, statusChangeTo=-1
I/ActivityManager(  494): No longer want au.com.shiftyjelly.pocketcasts (pid 2599): hidden #31, adj=15
D/PowerManagerService(  494): releaseWakeLock(41b2db00): PARTIAL_WAKE_LOCK , tag=BatteryServiceUpdateStats, flags=0x1
D/BatteryService(  494): updateBatteryStats: update triggered by UEvent.
D/PowerManagerService(  494): acquireWakeLock(4251cc68): PARTIAL_WAKE_LOCK , tag=IdleScreen:command_15, flags=0x1, pid=22236, uid=10128, mUserState=0x0
D/PowerManagerService(  494): TPE algorithm. remove timeout.
D/PowerManagerService(  494): ALG=2, lsvalue=160(3th)->10(0th), last_level=0, lValue=90->39, bValue=255, kValue=0, mPowerState=0x3, mSkippedScreenOn=true, mInitialAnimation=false, immediate=false
D/PowerManagerService(  494): releaseWakeLock(41dfb9c0): PARTIAL_WAKE_LOCK , tag=FbClientConnManager, flags=0x1
D/NotificationService(  494): mIntentReceiver() Intent.ACTION_BATTERY_CHANGED
D/PowerManagerService(  494): runHtcPowerSaverCheck ======================================
D/PowerManagerService(  494): acquireWakeLock(4228bf98): PARTIAL_WAKE_LOCK , tag=BatteryServiceUpdateStats, flags=0x1, pid=494, uid=1000, mUserState=0x0
D/PowerManagerService(  494): releaseWakeLock(4251cc68): PARTIAL_WAKE_LOCK , tag=IdleScreen:command_15, flags=0x1
D/PowerManagerService(  494): releaseWakeLock(4228bf98): PARTIAL_WAKE_LOCK , tag=BatteryServiceUpdateStats, flags=0x1
V/UsbDeviceManager(  494): [USBNET] USB UEVENT: {USB_STATE=CONNECTED, SUBSYSTEM=android_usb, DEVPATH=/devices/virtual/android_usb/android0, SEQNUM=99110, ACTION=change}
D/PowerManagerService(  494): ActivityManagerNative.getDefault().wakingUp();
V/UsbDeviceManager(  494): [USBNET] USB UEVENT: {SUBSYSTEM=switch, SWITCH_STATE=1, DEVPATH=/devices/virtual/switch/usb_connect2pc, SEQNUM=99111, ACTION=change, SWITCH_NAME=usb_connect2pc}
D/UsbDeviceManager(  494): [USBNET] update2: 5,0
I/HtcPowerSaver(  494): << updateStatus
D/NfcService(27701): ScreenObserver: ON_LOCKED
I/InputMethodManagerService(  494): screenObserver: isScreenOn=true
I/InputMethodManagerService(  494): Enable input method client.
D/PowerManagerService(  494): acquireWakeLock(418824e8): PARTIAL_WAKE_LOCK , tag=NfcService:mRoutingWakeLock, flags=0x1, pid=27701, uid=1027, mUserState=0x0
D/PowerManagerService(  494): releaseWakeLock(418824e8): PARTIAL_WAKE_LOCK , tag=NfcService:mRoutingWakeLock, flags=0x1
D/UsbDeviceManager(  494): [USBNET] handleMessage: 0; mConnected=false, mConfiguration=false
D/AlarmManager(  494): ACTION_SCREEN_ON
V/AlarmManager(  494): recoverQueueAlarmBackLocked empty
V/AlarmManager(  494): RecoverEnhanceQueueAlarmBack empty
D/UsbnetService(  494): BroadcastReceiver::onReceive+
D/UsbnetService(  494): onReceive SCREEN_ON
D/UsbnetService(  494): BroadcastReceiver::onReceive-
D/PhoneStatusBar( 1145): addNotification score=-10
D/memalloc(  183): ion: Allocated buffer base:0x49b9a000 size:8077312 fd:103
D/memalloc(  183): ion: Allocated buffer base:0x40221000 size:4096 fd:109
D/memalloc(  494): ion: Mapped buffer base:0x76223000 size:8077312 offset:0 fd:244
D/memalloc(  494): ion: Mapped buffer base:0x4067e000 size:4096 offset:0 fd:246
W/AudioService(  494):   RemoteControlClient died
W/AudioService(  494):   AudioFocus   audio focus client died
I/AudioService(  494):  AudioFocus  abandonAudioFocus(): removing entry for android.media.AudioManager@4110d958au.com.shiftyjelly.pocketcasts.audio.a@410c72a0
W/AudioService(  494): onReevaluateRemote()
I/BatteryService(  494): read native_update done
W/AudioFlinger(  191): session id 1174 not found for pid 191
E/OMXNodeInstance(  191): OMX_FreeBuffer for buffer header 0x435db130 successful
E/OMXNodeInstance(  191): OMX_FreeBuffer for buffer header 0x437cf648 successful
E/OMXNodeInstance(  191): OMX_FreeBuffer for buffer header 0x42f44068 successful
E/OMXNodeInstance(  191): OMX_FreeBuffer for buffer header 0x43d582d8 successful
E/OMXNodeInstance(  191): OMX_FreeBuffer for buffer header 0x40020330 successful
E/OMXNodeInstance(  191): OMX_FreeBuffer for buffer header 0x41eb2900 successful
E/OMXNodeInstance(  191): OMX_FreeBuffer for buffer header 0x4222e7b8 successful
E/OMXNodeInstance(  191): OMX_FreeBuffer for buffer header 0x45145bd0 successful
D/BatteryService(  494): updateBatteryStats: update triggered by UEvent.
D/PowerManagerService(  494): acquireWakeLock(41f5ca10): PARTIAL_WAKE_LOCK , tag=BatteryServiceUpdateStats, flags=0x1, pid=494, uid=1000, mUserState=0x0
I/ActivityManager(  494): Recipient 2599
I/WindowState(  494): WIN DEATH: Window{41b1efb8 au.com.shiftyjelly.pocketcasts/au.com.shiftyjelly.pocketcasts.ui.MainActivity paused=false}
D/OnDemandProgressBar( 1145): release indeterminate drawable android.widget.OnDemandProgressBar@41287a48
D/OnDemandProgressBar( 1145): new OnDemandProgressBar android.widget.OnDemandProgressBar@41287a48
D/UsbDeviceManager(  494): sendStickyBroadcast: SetCurrentFunctions= mtp,adb,mass_storage
W/ActivityManager(  494): Scheduling restart of crashed service au.com.shiftyjelly.pocketcasts/.service.AudioPlayerService in 5000ms
D/WirelessDisplayService(  494): ScreenReceiver;android.intent.action.SCREEN_ON,callOnGoing: false, Screen On: true
D/UsbDeviceManager(  494): [USBNET] handleMessage: 5; mConnected=true, mConfiguration=false
D/libc    ( 1072): pt_debug : pthread_create->start_routine=  0xfed1, tls=0x4066af00, arg=0x1154ed0
D/libc    ( 1072): pt_debug : __thread_entry->func=  0xfed1
D/libc    ( 1072): , tls=0x4066af00, arg=0x1154ed0
D/UsbDeviceManager(  494): [USBNET] gotConnect2PC=1, mPreAdbEnabled= true ,mAdbEnabled= true ,mAtsMode= 0 ,mSecureKey= 1
D/UsbDeviceManager(  494): [USBNET] mHtcMode= 0
D/PowerUI ( 1145): closing low battery warning: level=83
D/PowerUI ( 1145): plugged = true, health = 2, mBatteryLevel = 83, mPluggedBatteryLevel = 83, mLowBatteryWarningLevel2 = 25, mshowLowChargingWarning2 = true
D/UsbnetService(  494): BroadcastReceiver::onReceive+
D/libc    ( 1072): pt_debug : pthread_create->start_routine=  0xfed1, tls=0x407bef00, arg=0x1154ba8
D/UsbnetService(  494): onReceive ACTION_USB_STATE: true
D/UsbnetService(  494): BroadcastReceiver::onReceive-
D/HtcPowerSaver(  494): Received battery changed intent.
D/UsbnetService(  494): BroadcastReceiver::onReceive+
D/UsbnetService(  494): onReceive BATTERY_CHANGED
D/UsbnetService(  494):  --> pluggedType = 2, mPluggedType = 0, mScreenOff = false
D/UsbnetService(  494): BroadcastReceiver::onReceive-
D/SessionManagerService(  494): Received intent: #Intent;action=android.intent.action.SCREEN_ON;launchFlags=0x50000010;end
D/libc    ( 1072): pt_debug : __thread_entry->func=  0xfed1
D/libc    ( 1072): , tls=0x407bef00, arg=0x1154ba8
D/NotificationService(  494): mIntentReceiver() Intent.ACTION_BATTERY_CHANGED
D/PowerManagerService(  494): acquireWakeLock(41f971a8): PARTIAL_WAKE_LOCK , tag=IdleScreen:command_15, flags=0x1, pid=22236, uid=10128, mUserState=0x0
D/HtcPowerSaver(  494): Checking...
I/HtcPowerSaver(  494): >> updateStatus
I/HtcPowerSaver(  494): currentStatus=8000, currentLevel=83, enableLevel=-1, enable=false, mAutoModeOn=false, popDialog=false, statusChangeTo=-1
I/HtcPowerSaver(  494): << updateStatus
D/PowerManager(  494): customizeScreenDelay(227215929, false, 0x2, -1, -1, -1)
D/PowerManagerService(  494): runHtcPowerSaverCheck ======================================
D/PowerManagerService(  494): acquireWakeLock(422f9780): PARTIAL_WAKE_LOCK , tag=MailServicePowerLock_0, flags=0x1, pid=2039, uid=10146, mUserState=0x0
D/KeyguardViewMediator(  494): keyguardDone(true, true)
D/libc    ( 2039): pt_debug : pthread_create->start_routine=0x40b18065, tls=0x6b2e7f00, arg=0x65e0fb90
D/Tethering(  494): got USB_STATE change: usbConnected=true, mRndisEnabled=false, mUsbTetherRequested=false
E/com.htc.launcher.masthead_state( 1237): uri:content://com.htc.launcher.masthead_state/visibility
D/libc    ( 2039): pt_debug : __thread_entry->func=0x40b18065
D/libc    ( 2039): , tls=0x6b2e7f00, arg=0x65e0fb90
D/com.htc.launcher.masthead_state( 1237): visibility:4
D/PowerManagerService(  494): releaseWakeLock(41f5ca10): PARTIAL_WAKE_LOCK , tag=BatteryServiceUpdateStats, flags=0x1
V/UsbDeviceManager(  494): [USBNET] USB UEVENT: {USB_STATE=CONFIGURED, SUBSYSTEM=android_usb, DEVPATH=/devices/virtual/android_usb/android0, SEQNUM=99113, ACTION=change}
I/WindowManager(  494): Check Keyguard window and wait for drawn.
I/WindowManager(  494): Lock screen displayed!
D/libc    ( 1072): pt_debug : pthread_create->start_routine=  0xfed1, tls=0x405d3f00, arg=0x1154ed0
D/libc    ( 1072): pt_debug : __thread_entry->func=  0xfed1
D/libc    ( 1072): , tls=0x405d3f00, arg=0x1154ed0
D/CursorWindowStats( 2039): Allocate Cursor Window larger than default value, size: 4194304, default:2097152
V/LightsService(  494): setLight #2: color=#ffffffff
D/lights  (  494): set_light_buttons_func: on=16777215 brightness=255
V/LightsService(  494): setLight #0: color=#ff272727
V/LightsService(  494): setLight #1: color=#ff000000
D/UsbDeviceManager(  494): [USBNET] sendStickyBroadcast ACTION_USB_CONNECT2PC: 1
D/UsbDeviceManager(  494): [USBNET] handleMessage: 0; mConnected=true, mConfiguration=false
D/UsbDeviceManager(  494): sendStickyBroadcast: SetCurrentFunctions= mtp,adb,mass_storage
I/ScheduleManager( 2039): [Acc 2]getMappingSchedule(): Auto-Sync is disable, set schedule to Manually
D/libc    ( 1072): pt_debug : pthread_create->start_routine=  0xfed1, tls=0x405c3f00, arg=0x1154ed0
D/libc    ( 1072): pt_debug : __thread_entry->func=  0xfed1
D/libc    ( 1072): , tls=0x405c3f00, arg=0x1154ed0
D/UsbnetService(  494): BroadcastReceiver::onReceive+
D/UsbnetService(  494): onReceive ACTION_USB_STATE: true
D/UsbnetService(  494): BroadcastReceiver::onReceive-
D/FlexNetS(29961): CampNetworkInWhiteBlackList had check current PLMN =46692
D/libc    ( 1072): pt_debug : pthread_create->start_routine=  0xfed1, tls=0x4078df00, arg=0x1154c60
D/libc    ( 1072): pt_debug : __thread_entry->func=  0xfed1
D/libc    ( 1072): , tls=0x4078df00, arg=0x1154c60
D/Tethering(  494): got USB_STATE change: usbConnected=true, mRndisEnabled=false, mUsbTetherRequested=false
D/HtcLockScreen(  494): UnlockScreen: onPause
D/libc    ( 1283): pt_debug : pthread_create->start_routine=0x40b18065, tls=0x6c683f00, arg=0x6bcefaa8
D/libc    ( 1283): pt_debug : __thread_entry->func=0x40b18065
D/libc    ( 1283): , tls=0x6c683f00, arg=0x6bcefaa8
D/libc    (  182): pt_debug : pthread_create->start_routine=0x403ae2c5, tls=0x411f8f00, arg=0x40117660
D/libc    (  182): pt_debug : __thread_entry->func=0x403ae2c5
D/libc    (  182): , tls=0x411f8f00, arg=0x40117660
D/libc    ( 1072): pt_debug : pthread_create->start_routine=  0xfed1, tls=0x4079af00, arg=0x1154c60
D/libc    ( 1072): pt_debug : __thread_entry->func=  0xfed1
D/libc    ( 1072): , tls=0x4079af00, arg=0x1154c60
D/PowerManagerService(  494): releaseWakeLock(41f971a8): PARTIAL_WAKE_LOCK , tag=IdleScreen:command_15, flags=0x1
D/PowerManagerService(  494): acquireWakeLock(41fbd7b0): PARTIAL_WAKE_LOCK , tag=RILJ, flags=0x1, pid=1272, uid=1001, mUserState=0x0
D/PowerManagerService(  494): releaseWakeLock(422f9780): PARTIAL_WAKE_LOCK , tag=MailServicePowerLock_0, flags=0x1
D/libc    ( 1072): pt_debug : pthread_create->start_routine=  0xfed1, tls=0x408def00, arg=0x1154530
D/libc    ( 1072): pt_debug : __thread_entry->func=  0xfed1
D/libc    ( 1072): , tls=0x408def00, arg=0x1154530
D/PowerManager(  494): customizeScreenDelay(227216008, false, 0x2, -1, -1, -1)
D/StatusBarManager(  494): disable:0 pkgName=android threadName=WindowManagerPolicy token=android.os.Binder@41609090
D/PowerManagerService(  494): releaseWakeLock(418059d8): FULL_WAKE_LOCK ACQUIRE_CAUSES_WAKEUP , tag=keyguard, flags=0x1000001a
D/WirelessDisplayService(  494): ScreenReceiver;android.intent.action.USER_PRESENT,callOnGoing: false, Screen On: true
D/WirelessDisplayService(  494): ScreenReceiver: ACTION_USER_PRESENT: REQ_JOIN_GROUP - TRUE
D/UsbReceiver(29961): onReceiver android.intent.action.ACTION_POWER_CONNECTED
D/PowerManagerService(  494): acquireWakeLock(42008c90): PARTIAL_WAKE_LOCK , tag=IdleScreen:command_15, flags=0x1, pid=22236, uid=10128, mUserState=0x3
D/PowerManagerService(  494): releaseWakeLock(42008c90): PARTIAL_WAKE_LOCK , tag=IdleScreen:command_15, flags=0x1
W/IdleScreen_base(22236): MainContain: canUpdateTile: !LSSTATE_NORMAL
D/PowerManagerService(  494): acquireWakeLock(417c2078): PARTIAL_WAKE_LOCK , tag=IdleScreen:event_15, flags=0x1, pid=22236, uid=10128, mUserState=0x3
D/HtcModeClient(29961): power connected, start service
D/HtcModeClient(29961): sSocketMode = LocalSocket
D/libc    (29961): pt_debug : pthread_create->start_routine=0x40b18065, tls=0x6b19cf00, arg=0x6ae3ea90
D/libc    (29961): pt_debug : __thread_entry->func=0x40b18065
D/libc    (29961): , tls=0x6b19cf00, arg=0x6ae3ea90
D/PicasaUploaderSyncManager( 2053): battery info: true
D/HtcModeClient(29961): start the htcmodeservice thread
D/HtcModeClient(29961): initCanAgent
W/ActivityManager(  494): Permission Denial: getIntentSender() from pid=22236, uid=10128, (need uid=10130) is not allowed to send as package com.htc.idlescreen.base
E/WeatherTimeKeeper(22236): Fail to schedule next weather update because of permission issue:Permission Denial: getIntentSender() from pid=22236, uid=10128, (need uid=10130) is not allowed to send as package com.htc.idlescreen.base
I/CANMesgAgentLocalSocket(29961): CANAgent Id = 0
D/libc    (29961): pt_debug : pthread_create->start_routine=0x40b18065, tls=0x6b69cf00, arg=0x6ad556a0
D/libc    (29961): pt_debug : __thread_entry->func=0x40b18065
D/libc    (29961): , tls=0x6b69cf00, arg=0x6ad556a0
D/memalloc(  494): ion: Unmapping buffer  base:0x74e39000 size:8077312
D/memalloc(  494): ion: Unmapping buffer  base:0x401e2000 size:4096
D/HtcModeClient(29961): sense info: version = none, id = 2
D/HtcModeClient(29961): display info: width = 1080, height = 1920
D/HtcModeClient(29961): display info: mode = 10
D/memalloc(  183): ion: Freeing buffer base:0x493e6000 size:8077312 fd:67
D/memalloc(  183): ion: Unmapping buffer  base:0x493e6000 size:8077312
D/memalloc(  183): ion: Freeing buffer base:0x40019000 size:4096 fd:78
D/memalloc(  183): ion: Unmapping buffer  base:0x40019000 size:4096
D/memalloc(  494): ion: Unmapping buffer  base:0x76223000 size:8077312
D/memalloc(  494): ion: Unmapping buffer  base:0x4067e000 size:4096
D/PowerManagerService(  494): releaseWakeLock(417c2078): PARTIAL_WAKE_LOCK , tag=IdleScreen:event_15, flags=0x1
D/libc    ( 2161): pt_debug : pthread_create->start_routine=0x40b18065, tls=0x6bf2ff00, arg=0x66ff2350
D/libc    ( 2161): pt_debug : __thread_entry->func=0x40b18065
D/libc    ( 2161): , tls=0x6bf2ff00, arg=0x66ff2350
D/libc    (20050): pt_debug : pthread_create->start_routine=0x40b18065, tls=0x6bac4f00, arg=0x6c39e8c0
D/libc    (20050): pt_debug : __thread_entry->func=0x40b18065
D/libc    (20050): , tls=0x6bac4f00, arg=0x6c39e8c0
D/memalloc(  183): ion: Freeing buffer base:0x49b9a000 size:8077312 fd:103
D/memalloc(  183): ion: Unmapping buffer  base:0x49b9a000 size:8077312
D/memalloc(  183): ion: Freeing buffer base:0x40221000 size:4096 fd:109
D/memalloc(  183): ion: Unmapping buffer  base:0x40221000 size:4096
W/InputMethodManagerService(  494): Window already focused, ignoring focus gain of: com.android.internal.view.IInputMethodClient$Stub$Proxy@41b5c8f0 attribute=android.view.inputmethod.EditorInfo@42544b68
D/libc    (  189): pt_debug : pthread_create->start_routine=0x40b18065, tls=0x65b83f00, arg=0x4010a9e8
D/libc    ( 2649): pt_debug : pthread_create->start_routine=0x40b175d5, tls=0x65b83f00, arg=0x40092c00
D/libc    (  189): pt_debug : __thread_entry->func=0x40b18065
D/libc    (  189): , tls=0x65b83f00, arg=0x4010a9e8
W/WeatherTimeKeeper(22236): [refreshWeatherData] weather condition icon resource invalid or not found
D/libc    (  189): pt_debug : pthread_create->start_routine=0x40b18065, tls=0x65c83f00, arg=0x4015e008
D/libc    (  189): pt_debug : __thread_entry->func=0x40b18065
D/libc    (  189): , tls=0x65c83f00, arg=0x4015e008
D/libc    (  189): pt_debug : pthread_create->start_routine=0x40b18065, tls=0x65d83f00, arg=0x6893ca98
D/libc    ( 2649): pt_debug : __thread_entry->func=0x40b175d5
D/libc    ( 2649): , tls=0x65b83f00, arg=0x40092c00
D/libc    ( 2649): pt_debug : pthread_create->start_routine=0x40b175d5, tls=0x65c83f00, arg=0x4057ac20
D/libc    ( 2649): pt_debug : __thread_entry->func=0x40b175d5
D/libc    ( 2649): , tls=0x65c83f00, arg=0x4057ac20
D/libc    ( 2649): pt_debug : pthread_create->start_routine=0x40b175d5, tls=0x65d83f00, arg=0x68d89db8
D/libc    ( 2649): pt_debug : __thread_entry->func=0x40b175d5
D/libc    ( 2649): , tls=0x65d83f00, arg=0x68d89db8
D/libc    ( 2649): pt_debug : pthread_create->start_routine=0x40b18065, tls=0x668e5f00, arg=0x689f3930
D/libc    ( 2649): pt_debug : __thread_entry->func=0x40b18065
D/libc    ( 2649): , tls=0x668e5f00, arg=0x689f3930
D/libc    ( 2649): pt_debug : pthread_create->start_routine=0x40b18065, tls=0x6a500f00, arg=0x4008d010
D/libc    ( 2649): pt_debug : __thread_entry->func=0x40b18065
D/libc    ( 2649): , tls=0x6a500f00, arg=0x4008d010
D/libc    ( 2649): pt_debug : pthread_create->start_routine=0x40b18065, tls=0x6a600f00, arg=0x4010c020
D/libc    ( 2649): pt_debug : __thread_entry->func=0x40b18065
D/libc    ( 2649): , tls=0x6a600f00, arg=0x4010c020
D/libc    (  189): pt_debug : __thread_entry->func=0x40b18065
D/libc    (  189): , tls=0x65d83f00, arg=0x6893ca98
I/ActivityManager(  494): Start proc com.android.chrome for broadcast com.android.chrome/org.chromium.base.PowerStatusReceiver: pid=2649 uid=10022 gids={1006, 3003, 1015, 1028}
W/ActivityManager(  494): Permission Denial: getIntentSender() from pid=22236, uid=10128, (need uid=10130) is not allowed to send as package com.htc.idlescreen.base
E/WeatherTimeKeeper(22236): Fail to schedule next weather update because of permission issue:Permission Denial: getIntentSender() from pid=22236, uid=10128, (need uid=10130) is not allowed to send as package com.htc.idlescreen.base
D/libc    ( 2649): pt_debug : pthread_create->start_routine=0x40260509, tls=0x6a8fef00, arg=0x68b18740
D/libc    ( 2649): pt_debug : __thread_entry->func=0x40260509
D/libc    ( 2649): , tls=0x6a8fef00, arg=0x68b18740
D/libc    (  182): pt_debug : pthread_create->start_routine=0x403ae2c5, tls=0x41a12f00, arg=0x4016afc8
D/libc    ( 2649): pt_debug : pthread_create->start_routine=0x40260509, tls=0x6a9fef00, arg=0x68d89c10
D/libc    ( 2649): pt_debug : __thread_entry->func=0x40260509
D/libc    ( 2649): , tls=0x6a9fef00, arg=0x68d89c10
D/libc    (  182): pt_debug : pthread_create->start_routine=0x403ae2c5, tls=0x41b70f00, arg=0x4003ab50
D/libc    (  182): pt_debug : pthread_create->start_routine=0x403ae2c5, tls=0x41cecf00, arg=0x40122fc8
D/libc    (  182): pt_debug : __thread_entry->func=0x403ae2c5
D/libc    (  182): , tls=0x41a12f00, arg=0x4016afc8
D/libc    (  182): pt_debug : __thread_entry->func=0x403ae2c5
D/libc    (  182): , tls=0x41cecf00, arg=0x40122fc8
D/libc    (  182): pt_debug : pthread_create->start_routine=0x403ae2c5, tls=0x41ecdf00, arg=0x402c3648
D/libc    (  182): pt_debug : __thread_entry->func=0x403ae2c5
D/libc    (  182): , tls=0x41ecdf00, arg=0x402c3648
D/libc    (  182): pt_debug : __thread_entry->func=0x403ae2c5
D/libc    (  182): , tls=0x41b70f00, arg=0x4003ab50
D/PhoneStatusBar( 1145): disable: < expand icons alerts ticker system_info back home recent* clock >
E/Trace   ( 2649): error opening trace file: No such file or directory (2)
D/libc    (  203): pt_debug : pthread_create->start_routine=0x40018691, tls=0x404cff00, arg=0xbeb63764
D/libc    (  203): pt_debug : __thread_entry->func=0x40018691
D/libc    (  203): , tls=0x404cff00, arg=0xbeb63764
D/HtcModeClient(29961): onStartCommand() action = com.htc.autobot.htcmodeclient.PowerConnected +++
D/HtcModeClient(29961): isDevicePluggedUsb: bUsbCharge = true
D/HtcModeClient(29961): connectState: BT_TURNON_BYME = false
D/HtcModeClient(29961): connectState: CONNECTION_READY = false
D/HtcModeClient(29961): connectState: ENABLE_PROJECTBYAPP = false
D/HtcModeClient(29961): connectState: ENTER_PROJECTMODE = false
D/HtcModeClient(29961): connectState: PHONE_PULGIN = false
D/HtcModeClient(29961): connectState: Force_AWAKE = false
D/HtcModeClient(29961): connectState: PHONE_PULGIN = true
D/HtcModeClient(29961): connectState: POWERCONNECTED_READY = true
D/libc    (  182): pt_debug : pthread_create->start_routine=0x403ae2c5, tls=0x41b8ef00, arg=0x4003ab50
D/libc    (  182): pt_debug : __thread_entry->func=0x403ae2c5
D/libc    (  182): , tls=0x41b8ef00, arg=0x4003ab50
D/libc    (  182): pt_debug : pthread_create->start_routine=0x403ae2c5, tls=0x41cd8f00, arg=0x40122fc8
I/ActivityThread( 2649): Pub com.android.chrome.ChromeBrowserProvider;com.android.chrome.browser;com.android.chrome: com.google.android.apps.chrome.ChromeBrowserProvider
D/libc    (  182): pt_debug : __thread_entry->func=0x403ae2c5
D/libc    (  182): , tls=0x41cd8f00, arg=0x40122fc8
D/libc    (  182): pt_debug : pthread_create->start_routine=0x403ae2c5, tls=0x41e0bf00, arg=0x402c3648
D/YouTube MDX( 2253): Recieved intent android.intent.action.SCREEN_ON
D/libc    (  182): pt_debug : __thread_entry->func=0x403ae2c5
D/libc    (  182): , tls=0x41e0bf00, arg=0x402c3648
D/libc    ( 2649): pt_debug : pthread_create->start_routine=0x40b18065, tls=0x6aed3f00, arg=0x671514d0
D/libc    ( 2649): pt_debug : __thread_entry->func=0x40b18065
D/libc    ( 2649): , tls=0x6aed3f00, arg=0x671514d0
D/libc    ( 2099): pt_debug : pthread_create->start_routine=0x40b18065, tls=0x6d169f00, arg=0x65e2ecb0
D/libc    ( 2099): pt_debug : __thread_entry->func=0x40b18065
D/libc    ( 2099): , tls=0x6d169f00, arg=0x65e2ecb0
I/ActivityThread( 2649): Pub com.android.chrome.snapshot: com.google.android.apps.chrome.snapshot.SnapshotProvider
D/PowerManagerService(  494): releaseWakeLock(4176d2e8): PARTIAL_WAKE_LOCK , tag=sleep_broadcast, flags=0x1
D/Process (  494): killProcessQuiet, pid=1836
D/Process (  494): dalvik.system.VMStack.getThreadStackTrace(Native Method)
D/Process (  494): java.lang.Thread.getStackTrace(Thread.java:599)
D/Process (  494): android.os.Process.killProcessQuiet(Process.java:981)
D/Process (  494): com.android.server.am.ActivityManagerService.updateOomAdjLocked(ActivityManagerService.java:16193)
D/Process (  494): com.android.server.am.ActivityManagerService.updateLruProcessInternalLocked(ActivityManagerService.java:2114)
D/Process (  494): com.android.server.am.ActivityManagerService.updateLruProcessLocked(ActivityManagerService.java:2121)
D/Process (  494): com.android.server.am.BroadcastQueue.processCurBroadcastLocked(BroadcastQueue.java:215)
D/Process (  494): com.android.server.am.BroadcastQueue.processNextBroadcast(BroadcastQueue.java:796)
D/Process (  494): com.android.server.am.ActivityManagerService.finishReceiver(ActivityManagerService.java:14509)
D/Process (  494): android.app.ActivityManagerNative.onTransact(ActivityManagerNative.java:350)
D/Process (  494): com.android.server.am.ActivityManagerService.onTransact(ActivityManagerService.java:1884)
D/Process (  494): android.os.Binder.execTransact(Binder.java:367)
D/Process (  494): dalvik.system.NativeStart.run(Native Method)
I/ActivityManager(  494): No longer want com.sothree.umano (pid 1836): hidden #31, adj=15
I/ActivityManager(  494): Recipient 1836
D/PowerManagerService(  494): releaseWakeLock(41fbd7b0): PARTIAL_WAKE_LOCK , tag=RILJ, flags=0x1
D/libc    ( 1898): pt_debug : pthread_create->start_routine=0x40b18065, tls=0x6ac5af00, arg=0x400170b0
D/libc    ( 1898): pt_debug : __thread_entry->func=0x40b18065
D/libc    ( 1898): , tls=0x6ac5af00, arg=0x400170b0
V/SensorMonitor(22547): prefchargingon: false
D/FlexNetS(29961): CampNetworkInWhiteBlackList had check current PLMN =46692
D/TG      (  560): timerTaskRun in,isforeGroud:false,count:1
D/TG      (  560): timer count:1,isforeGroud:false
D/libc    ( 2011): pt_debug : pthread_create->start_routine=0x40b18065, tls=0x6ae56f00, arg=0x678b5610
D/libc    ( 2011): pt_debug : __thread_entry->func=0x40b18065
D/libc    ( 2011): , tls=0x6ae56f00, arg=0x678b5610
D/UsbReceiver( 2011): [MTP][UsbReceiver][onReceive]+
D/UsbReceiver( 2011): [MP][DEBUG][UsbReceiver] requestFullScanForMTP
W/MountService(  494): getVolumeState(/storage/ext_sd): Unknown volume
D/UsbReceiver( 2011): [MP][DEBUG][UsbReceiver] requestFullScanForMTP path=/storage/sdcard0
D/UsbReceiver( 2011): [MTP][UsbReceiver][onReceive]1-
D/UsbReceiver( 2011): [MTP][handleMessage][startService]
D/TetherSettings( 2592): CustomizedNS:true CustomizedML:false CustomizedSPCSC:false SmartPSCS:false
D/        ( 2592): Cust_ConnectToPC   : Internet_Sharing>true
D/        ( 2592): Cust_ConnectToPC   : Modem_Link>false
D/        ( 2592): Cust_ConnectToPC   : spcsc>false
D/libc    ( 2011): pt_debug : pthread_create->start_routine=0x40b18065, tls=0x6b063f00, arg=0x685e1b68
D/libc    ( 2011): pt_debug : __thread_entry->func=0x40b18065
D/libc    ( 2011): , tls=0x6b063f00, arg=0x685e1b68
D/UsbReceiver( 2011): [MTP][handleMessage][UsbManager.USB_CONNECTED][insert]+
D/MediaProvider( 2011): bindService() MTP Service Connection.
D/TetherSettings( 2592): CustomizedNS:true CustomizedML:false CustomizedSPCSC:false SmartPSCS:false
D/        ( 2592): Cust_ConnectToPC   : Internet_Sharing>true
D/        ( 2592): Cust_ConnectToPC   : Modem_Link>false
D/        ( 2592): Cust_ConnectToPC   : spcsc>false
D/SmartNS_NSReceiver( 2592): onReceive : com.htc.intent.action.USB_CONNECT2PC hasTethered:false isNSOpening:false
D/MediaProvider( 2011): sendObjectAdd +
D/MediaProvider( 2011): sendObjectAdd -0
D/UsbReceiver( 2011): [MTP][handleMessage]-
D/SmartNS_Utility( 2592): usb_cable_connect = 1
D/SmartNS_NSReceiver( 2592): USB = true hasTethered = false isNSOpening: false
I/PSReceiver( 2592): onReceive:com.htc.intent.action.USB_CONNECT2PC
D/libc    (29961): pt_debug : pthread_create->start_routine=0x40b18065, tls=0x6b79cf00, arg=0x6aff2458
D/libc    (29961): pt_debug : __thread_entry->func=0x40b18065
D/libc    (29961): , tls=0x6b79cf00, arg=0x6aff2458
D/AutoSetting(29961): receiver - intent: android.intent.action.USER_PRESENT
