D/Process (  494): dalvik.system.NativeStart.run(Native Method)
D/Process (  494): killProcessQuiet, pid=603
D/libc    ( 2314): pt_debug : pthread_create->start_routine=0x40260509, tls=0x6a8fef00, arg=0x68d89c10
D/libc    ( 2314): pt_debug : __thread_entry->func=0x40260509
D/libc    ( 2314): , tls=0x6a8fef00, arg=0x68d89c10
D/Process (  494): dalvik.system.VMStack.getThreadStackTrace(Native Method)
D/Process (  494): java.lang.Thread.getStackTrace(Thread.java:599)
D/Process (  494): android.os.Process.killProcessQuiet(Process.java:981)
D/Process (  494): com.android.server.am.ActivityManagerService.updateOomAdjLocked(ActivityManagerService.java:16193)
D/Process (  494): com.android.server.am.ActivityManagerService.updateOomAdjLocked(ActivityManagerService.java:16096)
D/Process (  494): com.android.server.am.ActivityManagerService.serviceDoneExecutingLocked(ActivityManagerService.java:13578)
D/Process (  494): com.android.server.am.ActivityManagerService.serviceDoneExecuting(ActivityManagerService.java:13548)
D/Process (  494): android.app.ActivityManagerNative.onTransact(ActivityManagerNative.java:774)
D/Process (  494): com.android.server.am.ActivityManagerService.onTransact(ActivityManagerService.java:1884)
D/Process (  494): android.os.Binder.execTransact(Binder.java:367)
D/Process (  494): dalvik.system.NativeStart.run(Native Method)
D/libc    ( 2314): pt_debug : pthread_create->start_routine=0x40260509, tls=0x6a9fef00, arg=0x68886168
I/ActivityManager(  494): Start proc com.sand.airdroid:push for broadcast com.sand.airdroid/com.sand.push.NetworkAndAlarmReceiver: pid=2314 uid=10256 gids={1015, 3003, 1006, 1028}
I/ActivityManager(  494): No longer want com.tencent.mobileqq:MSF (pid 539): hidden #31, adj=15
I/ActivityManager(  494): No longer want com.myzaker.ZAKER_Phone (pid 603): hidden #31, adj=15
D/libc    ( 2314): pt_debug : __thread_entry->func=0x40260509
D/libc    ( 2314): , tls=0x6a9fef00, arg=0x68886168
I/ActivityManager(  494): Recipient 603
E/Trace   ( 2314): error opening trace file: No such file or directory (2)
I/ActivityManager(  494): Recipient 539
D/libc    ( 2314): pt_debug : pthread_create->start_routine=0x40b18065, tls=0x6ad88f00, arg=0x67151110
D/libc    ( 2314): pt_debug : __thread_entry->func=0x40b18065
D/libc    ( 2314): , tls=0x6ad88f00, arg=0x67151110
D/libc    ( 2314): pt_debug : pthread_create->start_routine=0x40b18065, tls=0x6ae88f00, arg=0x67151560
D/libc    ( 2314): pt_debug : __thread_entry->func=0x40b18065
D/libc    ( 2314): , tls=0x6ae88f00, arg=0x67151560
D/libc    ( 2314): pt_debug : pthread_create->start_routine=0x40b18065, tls=0x6ae88f00, arg=0x65e1a340
D/libc    ( 2314): pt_debug : __thread_entry->func=0x40b18065
D/libc    ( 2314): , tls=0x6ae88f00, arg=0x65e1a340
D/libc    (  189): pt_debug : pthread_create->start_routine=0x40b18065, tls=0x65b83f00, arg=0x4010a9e8
D/libc    ( 2329): pt_debug : pthread_create->start_routine=0x40b175d5, tls=0x65b83f00, arg=0x406870d0
D/libc    (  189): pt_debug : __thread_entry->func=0x40b18065
D/libc    (  189): , tls=0x65b83f00, arg=0x4010a9e8
D/libc    ( 2329): pt_debug : __thread_entry->func=0x40b175d5
D/libc    ( 2329): , tls=0x65b83f00, arg=0x406870d0
D/libc    (  189): pt_debug : pthread_create->start_routine=0x40b18065, tls=0x65c83f00, arg=0x4015e008
D/libc    (  189): pt_debug : __thread_entry->func=0x40b18065
D/libc    (  189): , tls=0x65c83f00, arg=0x4015e008
D/libc    (  189): pt_debug : pthread_create->start_routine=0x40b18065, tls=0x65d83f00, arg=0x6893ca98
D/libc    (  189): pt_debug : __thread_entry->func=0x40b18065
D/libc    (  189): , tls=0x65d83f00, arg=0x6893ca98
D/libc    ( 2329): pt_debug : pthread_create->start_routine=0x40b175d5, tls=0x65c83f00, arg=0x68b1bdd0
D/libc    ( 2329): pt_debug : __thread_entry->func=0x40b175d5
D/libc    ( 2329): , tls=0x65c83f00, arg=0x68b1bdd0
D/libc    ( 2329): pt_debug : pthread_create->start_routine=0x40b175d5, tls=0x65d83f00, arg=0x599efbf8
D/libc    ( 2329): pt_debug : __thread_entry->func=0x40b175d5
D/libc    ( 2329): , tls=0x65d83f00, arg=0x599efbf8
D/libc    ( 2329): pt_debug : pthread_create->start_routine=0x40b18065, tls=0x668e5f00, arg=0x689f3930
D/libc    ( 2329): pt_debug : __thread_entry->func=0x40b18065
D/libc    ( 2329): , tls=0x668e5f00, arg=0x689f3930
D/libc    ( 2329): pt_debug : pthread_create->start_routine=0x40b18065, tls=0x6a500f00, arg=0x4008d010
D/libc    ( 2329): pt_debug : __thread_entry->func=0x40b18065
D/libc    ( 2329): , tls=0x6a500f00, arg=0x4008d010
D/libc    ( 2329): pt_debug : pthread_create->start_routine=0x40b18065, tls=0x6a600f00, arg=0x4010c020
D/libc    ( 2329): pt_debug : __thread_entry->func=0x40b18065
D/libc    ( 2329): , tls=0x6a600f00, arg=0x4010c020
D/libc    ( 2329): pt_debug : pthread_create->start_routine=0x40260509, tls=0x6a8fef00, arg=0x68886168
D/libc    ( 2329): pt_debug : __thread_entry->func=0x40260509
D/libc    ( 2329): , tls=0x6a8fef00, arg=0x68886168
D/libc    ( 2329): pt_debug : pthread_create->start_routine=0x40260509, tls=0x6a9fef00, arg=0x4010db88
D/libc    ( 2329): pt_debug : __thread_entry->func=0x40260509
D/libc    ( 2329): , tls=0x6a9fef00, arg=0x4010db88
I/ActivityManager(  494): Start proc com.sand.airdroid for broadcast com.sand.airdroid/.LocalConnectionStateReceiver: pid=2329 uid=10256 gids={1015, 3003, 1006, 1028}
D/Socket_Alarm( 2314): registerHTCSocketMonitorCallBack
D/Socket_Alarm( 2314): set mSocketMonitor
D/Socket_Alarm( 2314): HTCSocketMonitorImpl::HTCSocketMonitorImpl
D/Process (  494): killProcessQuiet, pid=25645
D/Process (  494): dalvik.system.VMStack.getThreadStackTrace(Native Method)
D/Process (  494): java.lang.Thread.getStackTrace(Thread.java:599)
D/Process (  494): android.os.Process.killProcessQuiet(Process.java:981)
D/Process (  494): com.android.server.am.ActivityManagerService.updateOomAdjLocked(ActivityManagerService.java:16193)
D/Process (  494): com.android.server.am.ActivityManagerService.updateOomAdjLocked(ActivityManagerService.java:16096)
D/Process (  494): com.android.server.am.ActivityManagerService.serviceDoneExecutingLocked(ActivityManagerService.java:13578)
D/Process (  494): com.android.server.am.ActivityManagerService.serviceDoneExecuting(ActivityManagerService.java:13548)
D/Process (  494): android.app.ActivityManagerNative.onTransact(ActivityManagerNative.java:774)
D/Process (  494): com.android.server.am.ActivityManagerService.onTransact(ActivityManagerService.java:1884)
D/Process (  494): android.os.Binder.execTransact(Binder.java:367)
D/Process (  494): dalvik.system.NativeStart.run(Native Method)
E/Trace   ( 2329): error opening trace file: No such file or directory (2)
I/ActivityManager(  494): No longer want de.j4velin.notificationToggle (pid 25645): hidden #31, adj=15
I/ActivityManager(  494): Recipient 25645
D/libc    ( 2329): pt_debug : pthread_create->start_routine=0x40b18065, tls=0x6ad88f00, arg=0x67151110
D/libc    ( 2329): pt_debug : __thread_entry->func=0x40b18065
D/libc    ( 2329): , tls=0x6ad88f00, arg=0x67151110
D/libc    ( 2329): pt_debug : pthread_create->start_routine=0x40b18065, tls=0x6ae88f00, arg=0x67151608
D/libc    ( 2329): pt_debug : __thread_entry->func=0x40b18065
D/libc    ( 2329): , tls=0x6ae88f00, arg=0x67151608
D/libc    (  496): pt_debug : pthread_create->start_routine=0x40b18065, tls=0x6aee2f00, arg=0x40005008
D/libc    (  189): pt_debug : pthread_create->start_routine=0x40b18065, tls=0x65b83f00, arg=0x4010a9e8
D/libc    ( 2344): pt_debug : pthread_create->start_routine=0x40b175d5, tls=0x65b83f00, arg=0x40246a40
D/libc    (  189): pt_debug : __thread_entry->func=0x40b18065
D/libc    (  189): , tls=0x65b83f00, arg=0x4010a9e8
D/libc    (  189): pt_debug : pthread_create->start_routine=0x40b18065, tls=0x65c83f00, arg=0x4015e008
D/libc    ( 2344): pt_debug : __thread_entry->func=0x40b175d5
D/libc    ( 2344): , tls=0x65b83f00, arg=0x40246a40
D/libc    ( 2344): pt_debug : pthread_create->start_routine=0x40b175d5, tls=0x65c83f00, arg=0x406870d0
D/libc    ( 2344): pt_debug : __thread_entry->func=0x40b175d5
D/libc    ( 2344): , tls=0x65c83f00, arg=0x406870d0
D/libc    ( 2344): pt_debug : pthread_create->start_routine=0x40b175d5, tls=0x65d83f00, arg=0x68b18d40
D/libc    ( 2344): pt_debug : __thread_entry->func=0x40b175d5
D/libc    ( 2344): , tls=0x65d83f00, arg=0x68b18d40
D/libc    (  189): pt_debug : __thread_entry->func=0x40b18065
D/libc    (  189): , tls=0x65c83f00, arg=0x4015e008
D/libc    ( 2344): pt_debug : pthread_create->start_routine=0x40b18065, tls=0x668e5f00, arg=0x689f3930
D/libc    ( 2344): pt_debug : __thread_entry->func=0x40b18065
D/libc    ( 2344): , tls=0x668e5f00, arg=0x689f3930
D/libc    (  189): pt_debug : pthread_create->start_routine=0x40b18065, tls=0x65d83f00, arg=0x6893ca98
D/libc    ( 2344): pt_debug : pthread_create->start_routine=0x40b18065, tls=0x6a500f00, arg=0x4008d010
D/libc    (  189): pt_debug : __thread_entry->func=0x40b18065
D/libc    (  189): , tls=0x65d83f00, arg=0x6893ca98
D/libc    (  496): pt_debug : __thread_entry->func=0x40b18065
D/libc    (  496): , tls=0x6aee2f00, arg=0x40005008
I/ActivityManager(  494): Start proc com.youdao.dict:yddictpush for broadcast com.youdao.dict/.backend.AwakeReceiver: pid=2344 uid=10302 gids={3003, 1015, 1006, 1028}
D/libc    ( 2344): pt_debug : __thread_entry->func=0x40b18065
D/libc    ( 2344): , tls=0x6a500f00, arg=0x4008d010
D/libc    ( 2344): pt_debug : pthread_create->start_routine=0x40b18065, tls=0x6a600f00, arg=0x4010c020
D/libc    ( 2344): pt_debug : __thread_entry->func=0x40b18065
D/libc    ( 2344): , tls=0x6a600f00, arg=0x4010c020
D/libc    ( 2344): pt_debug : pthread_create->start_routine=0x40260509, tls=0x6a8fef00, arg=0x68d896a8
D/libc    ( 2344): pt_debug : __thread_entry->func=0x40260509
D/libc    ( 2344): , tls=0x6a8fef00, arg=0x68d896a8
D/libc    ( 2344): pt_debug : pthread_create->start_routine=0x40260509, tls=0x6a9fef00, arg=0x68d896a8
D/libc    ( 2344): pt_debug : __thread_entry->func=0x40260509
D/libc    ( 2344): , tls=0x6a9fef00, arg=0x68d896a8
E/Trace   ( 2344): error opening trace file: No such file or directory (2)
D/Process (  494): killProcessQuiet, pid=649
D/Process (  494): dalvik.system.VMStack.getThreadStackTrace(Native Method)
D/Process (  494): java.lang.Thread.getStackTrace(Thread.java:599)
D/Process (  494): android.os.Process.killProcessQuiet(Process.java:981)
D/Process (  494): com.android.server.am.ActivityManagerService.updateOomAdjLocked(ActivityManagerService.java:16193)
D/Process (  494): com.android.server.am.ActivityManagerService.updateOomAdjLocked(ActivityManagerService.java:16096)
D/Process (  494): com.android.server.am.ActivityManagerService.serviceDoneExecutingLocked(ActivityManagerService.java:13578)
D/Process (  494): com.android.server.am.ActivityManagerService.serviceDoneExecuting(ActivityManagerService.java:13548)
D/Process (  494): android.app.ActivityManagerNative.onTransact(ActivityManagerNative.java:774)
D/Process (  494): com.android.server.am.ActivityManagerService.onTransact(ActivityManagerService.java:1884)
D/Process (  494): android.os.Binder.execTransact(Binder.java:367)
D/Process (  494): dalvik.system.NativeStart.run(Native Method)
I/ActivityManager(  494): No longer want com.devhd.feedly (pid 649): hidden #31, adj=15
I/ActivityManager(  494): Recipient 649
D/libc    ( 2344): pt_debug : pthread_create->start_routine=0x40b18065, tls=0x6aefef00, arg=0x67151dd0
D/libc    ( 2344): pt_debug : __thread_entry->func=0x40b18065
D/libc    ( 2344): , tls=0x6aefef00, arg=0x67151dd0
D/libc    ( 2344): pt_debug : pthread_create->start_routine=0x40b18065, tls=0x6aefef00, arg=0x599ee020
D/libc    ( 2344): pt_debug : __thread_entry->func=0x40b18065
D/libc    ( 2344): , tls=0x6aefef00, arg=0x599ee020
D/libc    ( 2344): pt_debug : pthread_create->start_routine=0x40b18065, tls=0x6b00ef00, arg=0x67a19888
D/libc    ( 2344): pt_debug : __thread_entry->func=0x40b18065
D/libc    ( 2344): , tls=0x6b00ef00, arg=0x67a19888
W/GAV2    ( 2344): Thread[main,5,main]: Connection to service failed 1
D/libc    ( 2344): pt_debug : pthread_create->start_routine=0x40b18065, tls=0x6b10ef00, arg=0x67a21e18
D/libc    ( 2344): pt_debug : __thread_entry->func=0x40b18065
D/libc    ( 2344): , tls=0x6b10ef00, arg=0x67a21e18
W/ActivityManager(  494): Unable to start service Intent { act=com.google.android.gms.analytics.service.START (has extras) }: not found
D/libc    ( 2344): pt_debug : pthread_create->start_routine=0x40b18065, tls=0x6b20ef00, arg=0x67a22b78
D/libc    ( 2344): pt_debug : __thread_entry->func=0x40b18065
D/libc    ( 2344): , tls=0x6b20ef00, arg=0x67a22b78
W/Ads     ( 2344): No Google Analytics: Library Incompatible.
W/GAV2    ( 2344): Thread[main,5,main]: Need to call initialize() and be in fallback mode to start dispatch.
D/libc    ( 2344): pt_debug : pthread_create->start_routine=0x40b18065, tls=0x6b30ef00, arg=0x4067eea0
D/libc    ( 2344): pt_debug : __thread_entry->func=0x40b18065
D/libc    ( 2344): , tls=0x6b30ef00, arg=0x4067eea0
D/libc    (  189): pt_debug : pthread_create->start_routine=0x40b18065, tls=0x65b83f00, arg=0x4010a9e8
D/libc    (  189): pt_debug : __thread_entry->func=0x40b18065
D/libc    (  189): , tls=0x65b83f00, arg=0x4010a9e8
D/libc    ( 2363): pt_debug : pthread_create->start_routine=0x40b175d5, tls=0x65b83f00, arg=0x406870d0
D/libc    ( 2344): pt_debug : pthread_create->start_routine=0x40b18065, tls=0x6b30ef00, arg=0x4067eea0
D/libc    ( 2344): pt_debug : __thread_entry->func=0x40b18065
D/libc    ( 2344): , tls=0x6b30ef00, arg=0x4067eea0
D/libc    ( 2363): pt_debug : __thread_entry->func=0x40b175d5
D/libc    ( 2363): , tls=0x65b83f00, arg=0x406870d0
D/libc    (  189): pt_debug : pthread_create->start_routine=0x40b18065, tls=0x65c83f00, arg=0x4015e008
D/libc    (  189): pt_debug : __thread_entry->func=0x40b18065
D/libc    (  189): , tls=0x65c83f00, arg=0x4015e008
D/libc    (  189): pt_debug : pthread_create->start_routine=0x40b18065, tls=0x65d83f00, arg=0x6893ca98
D/libc    (  189): pt_debug : __thread_entry->func=0x40b18065
D/libc    (  189): , tls=0x65d83f00, arg=0x6893ca98
D/libc    ( 2363): pt_debug : pthread_create->start_routine=0x40b175d5, tls=0x65c83f00, arg=0x40246a40
D/libc    ( 2363): pt_debug : __thread_entry->func=0x40b175d5
D/libc    ( 2363): , tls=0x65c83f00, arg=0x40246a40
D/libc    ( 2363): pt_debug : pthread_create->start_routine=0x40b175d5, tls=0x65d83f00, arg=0x68b1bdd0
I/ActivityManager(  494): Start proc com.tencent.mobileqq:MSF for broadcast com.tencent.mobileqq/.msf.core.NetConnInfoCenter: pid=2363 uid=10220 gids={3003, 1006, 1015, 1028}
D/libc    ( 2363): pt_debug : __thread_entry->func=0x40b175d5
D/libc    ( 2363): , tls=0x65d83f00, arg=0x68b1bdd0
D/libc    ( 2363): pt_debug : pthread_create->start_routine=0x40b18065, tls=0x668e5f00, arg=0x689f3930
D/libc    (  182): pt_debug : pthread_create->start_routine=0x403ae2c5, tls=0x41203f00, arg=0x4016afc8
D/libc    ( 2363): pt_debug : __thread_entry->func=0x40b18065
D/libc    ( 2363): , tls=0x668e5f00, arg=0x689f3930
D/libc    (  182): pt_debug : pthread_create->start_routine=0x403ae2c5, tls=0x41a12f00, arg=0x40117660
D/libc    ( 2363): pt_debug : pthread_create->start_routine=0x40b18065, tls=0x6a500f00, arg=0x4008d010
D/libc    ( 2363): pt_debug : __thread_entry->func=0x40b18065
D/libc    ( 2363): , tls=0x6a500f00, arg=0x4008d010
D/libc    ( 2363): pt_debug : pthread_create->start_routine=0x40b18065, tls=0x6a600f00, arg=0x4010c020
D/libc    (  182): pt_debug : pthread_create->start_routine=0x403ae2c5, tls=0x41bf2f00, arg=0x4003ab50
D/libc    ( 2363): pt_debug : __thread_entry->func=0x40b18065
D/libc    ( 2363): , tls=0x6a600f00, arg=0x4010c020
D/libc    (  182): pt_debug : pthread_create->start_routine=0x403ae2c5, tls=0x41d4ff00, arg=0x40122fc8
D/libc    (  182): pt_debug : __thread_entry->func=0x403ae2c5
D/libc    (  182): , tls=0x41d4ff00, arg=0x40122fc8
D/libc    ( 2363): pt_debug : pthread_create->start_routine=0x40260509, tls=0x6a8fef00, arg=0x68d896a8
D/libc    ( 2363): pt_debug : __thread_entry->func=0x40260509
D/libc    ( 2363): , tls=0x6a8fef00, arg=0x68d896a8
D/libc    (  182): pt_debug : __thread_entry->func=0x403ae2c5
D/libc    (  182): , tls=0x41bf2f00, arg=0x4003ab50
D/PowerManagerService(  494): acquireWakeLock(41afd678): PARTIAL_WAKE_LOCK , tag=RILJ, flags=0x1, pid=1272, uid=1001, mUserState=0x3
D/Socket_Alarm( 2344): registerHTCSocketMonitorCallBack
D/Socket_Alarm( 2344): set mSocketMonitor
D/Socket_Alarm( 2344): HTCSocketMonitorImpl::HTCSocketMonitorImpl
D/libc    (  182): pt_debug : __thread_entry->func=0x403ae2c5
D/libc    (  182): , tls=0x41a12f00, arg=0x40117660
D/libc    (  182): pt_debug : __thread_entry->func=0x403ae2c5
D/libc    (  182): , tls=0x41203f00, arg=0x4016afc8
D/libc    ( 2363): pt_debug : pthread_create->start_routine=0x40260509, tls=0x6a9fef00, arg=0x68886168
D/libc    ( 2363): pt_debug : __thread_entry->func=0x40260509
D/libc    ( 2363): , tls=0x6a9fef00, arg=0x68886168
E/Trace   ( 2363): error opening trace file: No such file or directory (2)
D/libc    (  182): pt_debug : pthread_create->start_routine=0x403ae2c5, tls=0x41a93f00, arg=0x40117660
D/libc    (  182): pt_debug : pthread_create->start_routine=0x403ae2c5, tls=0x41c71f00, arg=0x4003ab50
D/libc    (  182): pt_debug : pthread_create->start_routine=0x403ae2c5, tls=0x41dacf00, arg=0x40122fc8
D/libc    (  182): pt_debug : __thread_entry->func=0x403ae2c5
D/libc    (  182): , tls=0x41dacf00, arg=0x40122fc8
D/libc    (  182): pt_debug : __thread_entry->func=0x403ae2c5
D/libc    (  182): , tls=0x41c71f00, arg=0x4003ab50
D/libc    (  182): pt_debug : __thread_entry->func=0x403ae2c5
D/libc    (  182): , tls=0x41a93f00, arg=0x40117660
D/MyReportAgent( 2071): ReportService [##] onDestroy(), this =com.htc.reportagent.ReportService@41092ba0
D/Process (  494): killProcessQuiet, pid=6773
D/Process (  494): dalvik.system.VMStack.getThreadStackTrace(Native Method)
D/Process (  494): java.lang.Thread.getStackTrace(Thread.java:599)
D/Process (  494): android.os.Process.killProcessQuiet(Process.java:981)
D/Process (  494): com.android.server.am.ActivityManagerService.updateOomAdjLocked(ActivityManagerService.java:16193)
D/Process (  494): com.android.server.am.ActivityManagerService.updateOomAdjLocked(ActivityManagerService.java:16096)
D/Process (  494): com.android.server.am.ActivityManagerService.serviceDoneExecutingLocked(ActivityManagerService.java:13578)
D/Process (  494): com.android.server.am.ActivityManagerService.serviceDoneExecuting(ActivityManagerService.java:13548)
D/Process (  494): android.app.ActivityManagerNative.onTransact(ActivityManagerNative.java:774)
D/Process (  494): com.android.server.am.ActivityManagerService.onTransact(ActivityManagerService.java:1884)
D/Process (  494): android.os.Binder.execTransact(Binder.java:367)
D/Process (  494): dalvik.system.NativeStart.run(Native Method)
I/ActivityManager(  494): No longer want jp.co.johospace.jorte (pid 6773): hidden #31, adj=15
D/PowerManagerService(  494): releaseWakeLock(41afd678): PARTIAL_WAKE_LOCK , tag=RILJ, flags=0x1
D/TELEPHONY_CALLBACK( 1145): @onServiceStateChanged: 0 home Chunghwa Chunghwa 46692  UMTS CSS not supported -1 -1 RoamInd=-1 DefRoamInd=-1EriInd= -1EriMode= -1RadioPowerSv: false EmergOnly=false PhoneType: 1
D/MobileDataStateTracker(  494): default: Broadcast received: ignore android.intent.action.SERVICE_STATE
D/MobileDataStateTracker(  494): mms: Broadcast received: ignore android.intent.action.SERVICE_STATE
D/MobileDataStateTracker(  494): supl: Broadcast received: ignore android.intent.action.SERVICE_STATE
D/MobileDataStateTracker(  494): dun: Broadcast received: ignore android.intent.action.SERVICE_STATE
D/MobileDataStateTracker(  494): hipri: Broadcast received: ignore android.intent.action.SERVICE_STATE
D/MobileDataStateTracker(  494): fota: Broadcast received: ignore android.intent.action.SERVICE_STATE
D/MobileDataStateTracker(  494): ims: Broadcast received: ignore android.intent.action.SERVICE_STATE
D/MobileDataStateTracker(  494): null: Broadcast received: ignore android.intent.action.SERVICE_STATE
D/MobileDataStateTracker(  494): httpproxy: Broadcast received: ignore android.intent.action.SERVICE_STATE
D/MobileDataStateTracker(  494): admin: Broadcast received: ignore android.intent.action.SERVICE_STATE
D/MobileDataStateTracker(  494): internet: Broadcast received: ignore android.intent.action.SERVICE_STATE
D/MobileDataStateTracker(  494): null: Broadcast received: ignore android.intent.action.SERVICE_STATE
D/MobileDataStateTracker(  494): cmmail: Broadcast received: ignore android.intent.action.SERVICE_STATE
D/MobileDataStateTracker(  494): null: Broadcast received: ignore android.intent.action.SERVICE_STATE
D/MobileDataStateTracker(  494): cmail: Broadcast received: ignore android.intent.action.SERVICE_STATE
D/MobileDataStateTracker(  494): entitle: Broadcast received: ignore android.intent.action.SERVICE_STATE
D/MobileDataStateTracker(  494): null: Broadcast received: ignore android.intent.action.SERVICE_STATE
D/MobileDataStateTracker(  494): bip: Broadcast received: ignore android.intent.action.SERVICE_STATE
D/StatusBar.NetworkController( 1145): dumpState[hasService=true ServiceState=0 home Chunghwa Chunghwa 46692  UMTS CSS not supported -1 -1 RoamInd=-1 DefRoamInd=-1EriInd= -1EriMode= -1RadioPowerSv: false EmergOnly=false PhoneType: 1 IsCdma=false SimState=UNKNOWN GprsState=0 DataState=Connected DataActivity=NONE NetworkType=HSPA+ HtcModemLinkOn=false]
D/SIGNAL_ICON( 1145): updateTelephonySignalStrength
D/SIGNAL_ICON( 1145): fakeui srv=0 mTimerEnabled=false asu=18
D/SIGNAL_ICON( 1145): mapTelephonySignalStrength
D/DATA    ( 1272): [PhoneNotifier] [DPN] state=CONNECTED possible=true reason=nwTypeChanged apn=emome type=default lp=<<InterfaceName: rmnet_usb0 LinkAddresses: [10.33.11.70/30,] Routes: [0.0.0.0/0 -> 10.33.11.69,] DnsAddresses: [10.1.7.1,10.1.7.2,] HttpProxy: [10.1.1.1] 8080 >> tech=3 roaming=false errorCause=0 carrier=emome
D/DATA    ( 1272): [PhoneNotifier] update DcParam of default(0)
D/SIGNAL_ICON( 1145): maxLevel=5 asu=18 networkType=UMTS
D/SIGNAL_ICON( 1145): return iconLevel=5
D/DATA_ICON( 1145): updateDataNetType: networkType=HSPA+
D/DATA_ICON( 1145): updateDataIcon
I/TelephonyRegistry(  494): notifyDataConnection: state=2 isDataConnectivityPossible=true reason='nwTypeChanged' apn='emome' apnType=default networkType=3 roaming=false errorCause=0preConn = [default]
D/StatusBar.NetworkController( 1145): dumpIconState[dataVisible=true dataIconId=stat_sys_data_connected_h signalIconId=stat_sys_5signal_5 wifiVisible=false wifiIconId=stat_sys_wifi_signal_1 simCardVisible=false simCardIconId=null airplaneMode=false]
D/TELEPHONY_CALLBACK( 1145): @onDataConnectionStateChanged: dataState=2 networkType=UMTS
D/MobileDataStateTracker(  494): default: Broadcast received: ACTION_ANY_DATA_CONNECTION_STATE_CHANGED mApnType=default == received apnType=default
D/StatusBar.NetworkController( 1145): dumpState[hasService=true ServiceState=0 home Chunghwa Chunghwa 46692  UMTS CSS not supported -1 -1 RoamInd=-1 DefRoamInd=-1EriInd= -1EriMode= -1RadioPowerSv: false EmergOnly=false PhoneType: 1 IsCdma=false SimState=UNKNOWN GprsState=0 DataState=Connected DataActivity=NONE NetworkType=UMTS HtcModemLinkOn=false]
D/DATA_ICON( 1145): updateDataNetType: networkType=UMTS
D/DATA_ICON( 1145): updateDataIcon
D/DATA_ICON( 1145): fakeui srv=0 mTimerEnabled=false
D/DATA_ICON( 1145): refreshViews: mDataIconId -> stat_sys_data_connected_3g
D/StatusBar.NetworkController( 1145): dumpIconState[dataVisible=true dataIconId=stat_sys_data_connected_3g signalIconId=stat_sys_5signal_5 wifiVisible=false wifiIconId=stat_sys_wifi_signal_1 simCardVisible=false simCardIconId=null airplaneMode=false]
D/MobileDataStateTracker(  494): default: Received state=CONNECTED, old=CONNECTED, reason=nwTypeChanged
D/MobileDataStateTracker(  494): default: mMobileDataState=CONNECTED mTeardownRequested=false got [AnyDataCSC] : type=default state=CONNECTED reason=nwTypeChanged apn=emome roaming=false unavailable=false NetworkType=3 NetworkTypeName=UMTS entitleError=0
D/GpsLocationProvider(  494): ServiceState.STATE_IN_SERVICE
I/System  ( 2344): Loaded time zone names for ja_JP in 145ms (142ms in ICU)
D/Process ( 2344): killProcess, pid=2344
D/libc    (  182): pt_debug : pthread_create->start_routine=0x403ae2c5, tls=0x411aef00, arg=0x4003ab50
D/Process ( 2344): dalvik.system.VMStack.getThreadStackTrace(Native Method)
D/Process ( 2344): java.lang.Thread.getStackTrace(Thread.java:599)
D/Process ( 2344): android.os.Process.killProcess(Process.java:951)
D/Process ( 2344): com.youdao.dict.backend.PushService.killSelf(PushService.java:332)
D/Process ( 2344): com.youdao.dict.backend.PushService.checkTime(PushService.java:287)
D/Process ( 2344): com.youdao.dict.backend.PushService.onStart(PushService.java:168)
D/Process ( 2344): android.app.Service.onStartCommand(Service.java:450)
D/Process ( 2344): android.app.ActivityThread.handleServiceArgs(ActivityThread.java:2900)
D/ConnectivityService(  494): Setting TCP values: [4096,174760,1572864,4096,225280,1220608] which comes from [net.tcp.buffersize.umts]
D/PowerManagerService(  494): acquireWakeLock(4190fc28): PARTIAL_WAKE_LOCK , tag=RILJ, flags=0x1, pid=1272, uid=1001, mUserState=0x3
D/Process ( 2344): android.app.ActivityThread.access$1900(ActivityThread.java:151)
D/Process ( 2344): android.app.ActivityThread$H.handleMessage(ActivityThread.java:1438)
D/Process ( 2344): android.os.Handler.dispatchMessage(Handler.java:99)
D/Process ( 2344): android.os.Looper.loop(Looper.java:155)
D/Process ( 2344): android.app.ActivityThread.main(ActivityThread.java:5536)
D/Process ( 2344): java.lang.reflect.Method.invokeNative(Native Method)
D/Process ( 2344): java.lang.reflect.Method.invoke(Method.java:511)
D/Process ( 2344): com.android.internal.os.ZygoteInit$MethodAndArgsCaller.run(ZygoteInit.java:1074)
D/Process ( 2344): com.android.internal.os.ZygoteInit.main(ZygoteInit.java:841)
D/Process ( 2344): dalvik.system.NativeStart.main(Native Method)
D/libc    (  182): pt_debug : __thread_entry->func=0x403ae2c5
D/libc    (  182): , tls=0x411aef00, arg=0x4003ab50
D/libc    (  182): pt_debug : pthread_create->start_routine=0x403ae2c5, tls=0x411edf00, arg=0x4003ab50
D/libc    (  182): pt_debug : __thread_entry->func=0x403ae2c5
D/libc    (  182): , tls=0x411edf00, arg=0x4003ab50
D/libc    (  182): pt_debug : pthread_create->start_routine=0x403ae2c5, tls=0x41a12f00, arg=0x40117660
D/libc    (  182): pt_debug : pthread_create->start_routine=0x403ae2c5, tls=0x41be2f00, arg=0x4016afc8
D/libc    (  182): pt_debug : pthread_create->start_routine=0x403ae2c5, tls=0x41dbef00, arg=0x40122fc8
D/libc    (  182): pt_debug : __thread_entry->func=0x403ae2c5
D/libc    (  182): , tls=0x41dbef00, arg=0x40122fc8
D/libc    (  182): pt_debug : __thread_entry->func=0x403ae2c5
D/libc    (  182): , tls=0x41a12f00, arg=0x40117660
D/libc    (  182): pt_debug : __thread_entry->func=0x403ae2c5
D/libc    (  182): , tls=0x41be2f00, arg=0x4016afc8
I/ActivityManager(  494): Recipient 2344
I/ActivityManager(  494): Process com.youdao.dict:yddictpush (pid 2344) has died.
I/ActivityManager(  494): Recipient 6773
D/TELEPHONY_CALLBACK( 1145): @onDataActivity: direction=2
D/StatusBar.NetworkController( 1145): dumpState[hasService=true ServiceState=0 home Chunghwa Chunghwa 46692  UMTS CSS not supported -1 -1 RoamInd=-1 DefRoamInd=-1EriInd= -1EriMode= -1RadioPowerSv: false EmergOnly=false PhoneType: 1 IsCdma=false SimState=UNKNOWN GprsState=0 DataState=Connected DataActivity=OUT NetworkType=UMTS HtcModemLinkOn=false]
D/DATA_ICON( 1145): updateDataIcon
D/DATA_ICON( 1145): fakeui srv=0 mTimerEnabled=false
D/DATA_ICON( 1145): refreshViews: mDataIconId -> stat_sys_data_out_3g
D/StatusBar.NetworkController( 1145): dumpIconState[dataVisible=true dataIconId=stat_sys_data_out_3g signalIconId=stat_sys_5signal_5 wifiVisible=false wifiIconId=stat_sys_wifi_signal_1 simCardVisible=false simCardIconId=null airplaneMode=false]
D/SensorManager(22547): onSensorChangedLockedCalledCount = 34500, size = 2, listener = android.hardware.SystemSensorManager$ListenerDelegate@410ac120
D/PowerManagerService(  494): releaseWakeLock(4190fc28): PARTIAL_WAKE_LOCK , tag=RILJ, flags=0x1
D/libc    (  182): pt_debug : pthread_create->start_routine=0x403ae2c5, tls=0x41259f00, arg=0x4003ab50
D/libc    (  182): pt_debug : __thread_entry->func=0x403ae2c5
D/libc    (  182): , tls=0x41259f00, arg=0x4003ab50
D/PowerManagerService(  494): acquireWakeLock(41f5cbd0): PARTIAL_WAKE_LOCK , tag=RILJ, flags=0x1, pid=1272, uid=1001, mUserState=0x3
D/PowerManagerService(  494): releaseWakeLock(41f5cbd0): PARTIAL_WAKE_LOCK , tag=RILJ, flags=0x1
D/libc    ( 2200): pt_debug : pthread_create->start_routine=0x40b18065, tls=0x6af89f00, arg=0x6ae89a18
D/libc    ( 2200): pt_debug : __thread_entry->func=0x40b18065
D/libc    ( 2200): , tls=0x6af89f00, arg=0x6ae89a18
D/skia    ( 2200): new locale ja_JP
D/libc    ( 2363): pt_debug : pthread_create->start_routine=0x40b18065, tls=0x6b571f00, arg=0x65e1a9b8
D/libc    ( 2363): pt_debug : __thread_entry->func=0x40b18065
D/libc    ( 2363): , tls=0x6b571f00, arg=0x65e1a9b8
D/libc    (  182): pt_debug : pthread_create->start_routine=0x403ae2c5, tls=0x4121bf00, arg=0x4003ab50
D/libc    (  182): pt_debug : __thread_entry->func=0x403ae2c5
D/libc    (  182): , tls=0x4121bf00, arg=0x4003ab50
D/libc    (  182): pt_debug : pthread_create->start_routine=0x403ae2c5, tls=0x41a12f00, arg=0x4016afc8
D/libc    (  182): pt_debug : __thread_entry->func=0x403ae2c5
D/libc    (  182): , tls=0x41a12f00, arg=0x4016afc8
D/libc    (  182): pt_debug : pthread_create->start_routine=0x403ae2c5, tls=0x41b69f00, arg=0x40117660
D/libc    (  182): pt_debug : __thread_entry->func=0x403ae2c5
D/libc    (  182): , tls=0x41b69f00, arg=0x40117660
D/libc    (  182): pt_debug : pthread_create->start_routine=0x403ae2c5, tls=0x41cf4f00, arg=0x40122fc8
D/PowerManagerService(  494): acquireWakeLock(41e2e788): PARTIAL_WAKE_LOCK , tag=RILJ, flags=0x1, pid=1272, uid=1001, mUserState=0x3
D/libc    (  182): pt_debug : __thread_entry->func=0x403ae2c5
D/libc    (  182): , tls=0x41cf4f00, arg=0x40122fc8
D/libc    ( 2363): pt_debug : pthread_create->start_routine=0x40b18065, tls=0x6b671f00, arg=0x40750718
D/libc    ( 2363): pt_debug : __thread_entry->func=0x40b18065
D/libc    ( 2363): , tls=0x6b671f00, arg=0x40750718
D/libc    ( 2363): pt_debug : pthread_create->start_routine=0x40b18065, tls=0x6b771f00, arg=0x58d53310
D/libc    ( 2363): pt_debug : __thread_entry->func=0x40b18065
D/libc    ( 2363): , tls=0x6b771f00, arg=0x58d53310
D/libc    ( 2363): pt_debug : pthread_create->start_routine=0x40b18065, tls=0x6b871f00, arg=0x58d53968
D/libc    ( 2363): pt_debug : __thread_entry->func=0x40b18065
D/libc    ( 2363): , tls=0x6b871f00, arg=0x58d53968
D/libc    ( 2363): pt_debug : pthread_create->start_routine=0x40b18065, tls=0x6b771f00, arg=0x58d53310
D/libc    ( 2363): pt_debug : __thread_entry->func=0x40b18065
D/libc    ( 2363): , tls=0x6b771f00, arg=0x58d53310
D/TG      (  560): timerTaskRun in,isforeGroud:false,count:1
D/TG      (  560): timer count:1,isforeGroud:false
D/PowerManagerService(  494): releaseWakeLock(41e2e788): PARTIAL_WAKE_LOCK , tag=RILJ, flags=0x1
D/PowerManagerService(  494): acquireWakeLock(41b0be28): PARTIAL_WAKE_LOCK , tag=RILJ, flags=0x1, pid=1272, uid=1001, mUserState=0x3
D/libc    (  182): pt_debug : pthread_create->start_routine=0x403ae2c5, tls=0x4118bf00, arg=0x4003ab50
D/libc    (  182): pt_debug : __thread_entry->func=0x403ae2c5
D/libc    (  182): , tls=0x4118bf00, arg=0x4003ab50
D/libc    ( 2363): [NET] getaddrinfo  hn 8, servname NULL, ai_family 0+
D/libc    ( 2363): [NET] ht 0x31302e312e312e
D/libc    ( 2363): [NET] getaddrinfo-exit SUCCESS
I/global  ( 2363): call createSocket() return a new socket.
D/libc    ( 2363): [NET] getaddrinfo  hn 8, servname NULL, ai_family 0+
D/libc    ( 2363): [NET] ht 0x31302e312e312e
D/libc    ( 2363): [NET] getaddrinfo-exit SUCCESS
D/libc    ( 2363): pt_debug : pthread_create->start_routine=0x40b18065, tls=0x6b990f00, arg=0x65e83460
D/libc    ( 2363): pt_debug : __thread_entry->func=0x40b18065
D/libc    ( 2363): , tls=0x6b990f00, arg=0x65e83460
D/PowerManagerService(  494): releaseWakeLock(41b0be28): PARTIAL_WAKE_LOCK , tag=RILJ, flags=0x1
D/MSF.C.NetConnInfoCenter( 2363): [E]currentAPN:. received networkInfo: CONNECTED :NetworkInfo: type: mobile[UMTS, type_ext: mobile], state: CONNECTED/CONNECTED, reason: dataEnabled, extra: emome, roaming: false, failover: false, isAvailable: true, isIpv4Connected: true, isIpv6Connected: false. extra NetworkInfo: null
D/MSF.C.NetConnInfoCenter( 2363): [E]netchange NONE to MOBILE
D/libc    ( 2363): pt_debug : pthread_create->start_routine=0x40b18065, tls=0x6ba90f00, arg=0x65e106f0
D/libc    ( 2363): pt_debug : __thread_entry->func=0x40b18065
D/libc    ( 2363): , tls=0x6ba90f00, arg=0x65e106f0
D/MSF.C.MsfCore( 2363): [E]MsfCore init finished.
D/libc    ( 2363): pt_debug : pthread_create->start_routine=0x40b18065, tls=0x6bb90f00, arg=0x4006b160
D/libc    ( 2363): pt_debug : __thread_entry->func=0x40b18065
D/libc    ( 2363): , tls=0x6bb90f00, arg=0x4006b160
D/libc    ( 2363): pt_debug : pthread_create->start_routine=0x40b18065, tls=0x6bc90f00, arg=0x4006b840
D/libc    ( 2363): pt_debug : __thread_entry->func=0x40b18065
D/libc    ( 2363): , tls=0x6bc90f00, arg=0x4006b840
D/MSF.C.NetConnInfoCenter( 2363): [E]currentAPN:emome. received networkInfo: CONNECTED :NetworkInfo: type: mobile[UMTS, type_ext: mobile], state: CONNECTED/CONNECTED, reason: dataEnabled, extra: emome, roaming: false, failover: false, isAvailable: true, isIpv4Connected: true, isIpv6Connected: false. extra NetworkInfo: NetworkInfo: type: mobile[UMTS, type_ext: mobile], state: CONNECTED/CONNECTED, reason: dataEnabled, extra: emome, roaming: false, failover: false, isAvailable: true, isIpv4Connected: true, isIpv6Connected: false
D/libc    (  189): pt_debug : pthread_create->start_routine=0x40b18065, tls=0x65b83f00, arg=0x4010a9e8
D/libc    (  189): pt_debug : __thread_entry->func=0x40b18065
D/libc    (  189): , tls=0x65b83f00, arg=0x4010a9e8
D/libc    ( 2408): pt_debug : pthread_create->start_routine=0x40b175d5, tls=0x65b83f00, arg=0x40092c00
D/libc    ( 2408): pt_debug : __thread_entry->func=0x40b175d5
D/libc    ( 2408): , tls=0x65b83f00, arg=0x40092c00
D/libc    (  189): pt_debug : pthread_create->start_routine=0x40b18065, tls=0x65c83f00, arg=0x4015e008
D/libc    (  189): pt_debug : __thread_entry->func=0x40b18065
D/libc    (  189): , tls=0x65c83f00, arg=0x4015e008
D/libc    (  189): pt_debug : pthread_create->start_routine=0x40b18065, tls=0x65d83f00, arg=0x6893ca98
D/libc    (  189): pt_debug : __thread_entry->func=0x40b18065
D/libc    (  189): , tls=0x65d83f00, arg=0x6893ca98
D/libc    ( 2408): pt_debug : pthread_create->start_routine=0x40b175d5, tls=0x65c83f00, arg=0x599efc20
D/Process (  494): killProcessQuiet, pid=679
D/Process (  494): dalvik.system.VMStack.getThreadStackTrace(Native Method)
D/Process (  494): java.lang.Thread.getStackTrace(Thread.java:599)
D/Process (  494): android.os.Process.killProcessQuiet(Process.java:981)
D/Process (  494): com.android.server.am.ActivityManagerService.updateOomAdjLocked(ActivityManagerService.java:16193)
D/Process (  494): com.android.server.am.ActivityManagerService.trimApplications(ActivityManagerService.java:16385)
D/Process (  494): com.android.server.am.ActivityManagerService.finishReceiver(ActivityManagerService.java:14511)
D/Process (  494): android.app.ActivityManagerNative.onTransact(ActivityManagerNative.java:350)
D/Process (  494): com.android.server.am.ActivityManagerService.onTransact(ActivityManagerService.java:1884)
D/Process (  494): android.os.Binder.execTransact(Binder.java:367)
D/Process (  494): dalvik.system.NativeStart.run(Native Method)
D/libc    ( 2408): pt_debug : __thread_entry->func=0x40b175d5
D/libc    ( 2408): , tls=0x65c83f00, arg=0x599efc20
D/libc    ( 2408): pt_debug : pthread_create->start_routine=0x40b175d5, tls=0x65d83f00, arg=0x40246a40
D/libc    ( 2408): pt_debug : __thread_entry->func=0x40b175d5
D/libc    ( 2408): , tls=0x65d83f00, arg=0x40246a40
D/libc    ( 2408): pt_debug : pthread_create->start_routine=0x40b18065, tls=0x668e5f00, arg=0x689f3930
D/libc    ( 2408): pt_debug : __thread_entry->func=0x40b18065
D/libc    ( 2408): , tls=0x668e5f00, arg=0x689f3930
D/libc    ( 2408): pt_debug : pthread_create->start_routine=0x40b18065, tls=0x6a500f00, arg=0x4008d010
D/libc    ( 2408): pt_debug : __thread_entry->func=0x40b18065
D/libc    ( 2408): , tls=0x6a500f00, arg=0x4008d010
D/libc    ( 2408): pt_debug : pthread_create->start_routine=0x40b18065, tls=0x6a600f00, arg=0x4010c020
D/libc    ( 2408): pt_debug : __thread_entry->func=0x40b18065
D/libc    ( 2408): , tls=0x6a600f00, arg=0x4010c020
I/ActivityManager(  494): Start proc com.myzaker.ZAKER_Phone for broadcast com.myzaker.ZAKER_Phone/.ZakerActionReciever: pid=2408 uid=10276 gids={3003, 1015, 1028}
I/ActivityManager(  494): No longer want tw.com.freedi.passbook (pid 679): hidden #31, adj=15
D/libc    ( 2408): pt_debug : pthread_create->start_routine=0x40260509, tls=0x6a8fef00, arg=0x68d89c10
D/libc    ( 2408): pt_debug : __thread_entry->func=0x40260509
D/libc    ( 2408): , tls=0x6a8fef00, arg=0x68d89c10
D/libc    ( 2408): pt_debug : pthread_create->start_routine=0x40260509, tls=0x6a9fef00, arg=0x4015fb98
D/libc    ( 2408): pt_debug : __thread_entry->func=0x40260509
D/libc    ( 2408): , tls=0x6a9fef00, arg=0x4015fb98
I/ActivityManager(  494): Recipient 679
E/Trace   ( 2408): error opening trace file: No such file or directory (2)
D/libc    ( 2099): pt_debug : pthread_create->start_routine=0x40b18065, tls=0x6c365f00, arg=0x678847c0
D/libc    ( 2099): pt_debug : pthread_create->start_routine=0x40b18065, tls=0x6c465f00, arg=0x67884c10
D/libc    ( 2099): pt_debug : __thread_entry->func=0x40b18065
D/libc    ( 2099): , tls=0x6c465f00, arg=0x67884c10
D/libc    ( 2099): pt_debug : __thread_entry->func=0x40b18065
D/libc    ( 2099): , tls=0x6c365f00, arg=0x678847c0
D/libc    ( 2099): pt_debug : pthread_create->start_routine=0x40b18065, tls=0x6c565f00, arg=0x67885a50
D/libc    ( 2099): pt_debug : __thread_entry->func=0x40b18065
D/libc    ( 2099): , tls=0x6c565f00, arg=0x67885a50
D/libc    ( 2099): pt_debug : pthread_create->start_routine=0x40b18065, tls=0x6c665f00, arg=0x67885ea0
D/libc    ( 2099): pt_debug : __thread_entry->func=0x40b18065
D/libc    ( 2099): , tls=0x6c665f00, arg=0x67885ea0
D/libc    ( 2099): pt_debug : pthread_create->start_routine=0x40b18065, tls=0x6c765f00, arg=0x678862f0
D/libc    ( 2099): pt_debug : pthread_create->start_routine=0x40b18065, tls=0x6c865f00, arg=0x68565b80
D/libc    ( 2099): pt_debug : __thread_entry->func=0x40b18065
D/libc    ( 2099): , tls=0x6c765f00, arg=0x678862f0
D/libc    ( 2099): pt_debug : __thread_entry->func=0x40b18065
D/libc    ( 2099): , tls=0x6c865f00, arg=0x68565b80
D/libc    ( 2099): pt_debug : pthread_create->start_routine=0x40b18065, tls=0x6c965f00, arg=0x68563410
D/libc    ( 2099): pt_debug : __thread_entry->func=0x40b18065
D/libc    ( 2099): , tls=0x6c965f00, arg=0x68563410
D/libc    ( 2099): pt_debug : pthread_create->start_routine=0x40b18065, tls=0x6ca65f00, arg=0x68564568
D/libc    ( 2099): pt_debug : __thread_entry->func=0x40b18065
D/libc    ( 2099): , tls=0x6ca65f00, arg=0x68564568
D/libc    ( 2099): pt_debug : pthread_create->start_routine=0x40b18065, tls=0x6cb65f00, arg=0x68c8d238
D/libc    ( 2099): pt_debug : __thread_entry->func=0x40b18065
D/libc    ( 2099): , tls=0x6cb65f00, arg=0x68c8d238
D/libc    ( 2099): pt_debug : pthread_create->start_routine=0x40b18065, tls=0x6cc65f00, arg=0x6bd1fe58
D/libc    ( 2099): pt_debug : __thread_entry->func=0x40b18065
D/libc    ( 2099): , tls=0x6cc65f00, arg=0x6bd1fe58
D/libc    ( 2408): pt_debug : pthread_create->start_routine=0x40b18065, tls=0x6add8f00, arg=0x67151b68
D/libc    ( 2408): pt_debug : __thread_entry->func=0x40b18065
D/libc    ( 2408): , tls=0x6add8f00, arg=0x67151b68
W/Bundle  ( 2408): Key DEV expected String but value was a java.lang.Integer.  The default value <null> was returned.
W/Bundle  ( 2408): Attempt to cast generated internal exception:
W/Bundle  ( 2408): java.lang.ClassCastException: java.lang.Integer cannot be cast to java.lang.String
W/Bundle  ( 2408): 	at android.os.Bundle.getString(Bundle.java:1061)
W/Bundle  ( 2408): 	at com.myzaker.ZAKER_Phone.Classes.a.d.a(Unknown Source)
W/Bundle  ( 2408): 	at com.myzaker.ZAKER_Phone.ZAKERApplication.onCreate(Unknown Source)
W/Bundle  ( 2408): 	at android.app.Instrumentation.callApplicationOnCreate(Instrumentation.java:1011)
W/Bundle  ( 2408): 	at android.app.ActivityThread.handleBindApplication(ActivityThread.java:4899)
W/Bundle  ( 2408): 	at android.app.ActivityThread.access$1300(ActivityThread.java:151)
W/Bundle  ( 2408): 	at android.app.ActivityThread$H.handleMessage(ActivityThread.java:1396)
W/Bundle  ( 2408): 	at android.os.Handler.dispatchMessage(Handler.java:99)
W/Bundle  ( 2408): 	at android.os.Looper.loop(Looper.java:155)
W/Bundle  ( 2408): 	at android.app.ActivityThread.main(ActivityThread.java:5536)
W/Bundle  ( 2408): 	at java.lang.reflect.Method.invokeNative(Native Method)
W/Bundle  ( 2408): 	at java.lang.reflect.Method.invoke(Method.java:511)
W/Bundle  ( 2408): 	at com.android.internal.os.ZygoteInit$MethodAndArgsCaller.run(ZygoteInit.java:1074)
W/Bundle  ( 2408): 	at com.android.internal.os.ZygoteInit.main(ZygoteInit.java:841)
W/Bundle  ( 2408): 	at dalvik.system.NativeStart.main(Native Method)
D/StateMachine(  494): handleMessage: E msg.what=131218
D/StateMachine(  494): processMsg: DriverUnloadedState
D/WifiStateMachine(  494): DriverUnloadedState{ what=131218 when=0 target=Handler (com.android.internal.util.StateMachine$SmHandler) {41879110} }
D/StateMachine(  494): processMsg: SoftApStartedState
D/WifiStateMachine(  494): SoftApStartedState{ what=131218 when=0 target=Handler (com.android.internal.util.StateMachine$SmHandler) {41879110} }
D/StateMachine(  494): processMsg: DefaultState
D/WifiStateMachine(  494): DefaultState{ what=131218 when=0 target=Handler (com.android.internal.util.StateMachine$SmHandler) {41879110} }
D/StateMachine(  494): handleMessage: X
D/libc    ( 2408): pt_debug : pthread_create->start_routine=0x40b18065, tls=0x6add8f00, arg=0x599ee748
D/libc    ( 2408): pt_debug : __thread_entry->func=0x40b18065
D/libc    ( 2408): , tls=0x6add8f00, arg=0x599ee748
D/libc    ( 2408): pt_debug : pthread_create->start_routine=0x40b18065, tls=0x6aed8f00, arg=0x68fc5818
D/libc    ( 2408): pt_debug : __thread_entry->func=0x40b18065
D/libc    ( 2408): , tls=0x6aed8f00, arg=0x68fc5818
D/libc    ( 2408): pt_debug : pthread_create->start_routine=0x40b18065, tls=0x6add8f00, arg=0x599ee748
D/libc    ( 2408): pt_debug : __thread_entry->func=0x40b18065
D/libc    ( 2408): , tls=0x6add8f00, arg=0x599ee748
D/libc    ( 2408): pt_debug : pthread_create->start_routine=0x40b18065, tls=0x6add8f00, arg=0x599ee748
D/libc    ( 2408): pt_debug : __thread_entry->func=0x40b18065
D/libc    ( 2408): , tls=0x6add8f00, arg=0x599ee748
W/GAV2    ( 2408): Thread[main,5,main]: Need to call initialize() and be in fallback mode to start dispatch.
D/Socket_Alarm( 2408): registerHTCSocketMonitorCallBack
D/Socket_Alarm( 2408): set mSocketMonitor
D/Socket_Alarm( 2408): HTCSocketMonitorImpl::HTCSocketMonitorImpl
W/f       ( 2408): discCache() and discCacheFileNameGenerator() calls overlap each other
D/libc    ( 2408): pt_debug : pthread_create->start_routine=0x40b18065, tls=0x6aed8f00, arg=0x68fc6710
D/libc    ( 2408): pt_debug : __thread_entry->func=0x40b18065
D/libc    ( 2408): , tls=0x6aed8f00, arg=0x68fc6710
D/f       ( 2408): Initialize ImageLoader with configuration
D/libc    (  189): pt_debug : pthread_create->start_routine=0x40b18065, tls=0x65b83f00, arg=0x4010a9e8
D/libc    (  189): pt_debug : __thread_entry->func=0x40b18065
D/libc    (  189): , tls=0x65b83f00, arg=0x4010a9e8
D/libc    ( 2439): pt_debug : pthread_create->start_routine=0x40b175d5, tls=0x65b83f00, arg=0x599efc20
D/libc    ( 2439): pt_debug : __thread_entry->func=0x40b175d5
D/libc    ( 2439): , tls=0x65b83f00, arg=0x599efc20
D/libc    (  189): pt_debug : pthread_create->start_routine=0x40b18065, tls=0x65c83f00, arg=0x4015e008
D/libc    (  189): pt_debug : __thread_entry->func=0x40b18065
D/libc    (  189): , tls=0x65c83f00, arg=0x4015e008
D/libc    (  189): pt_debug : pthread_create->start_routine=0x40b18065, tls=0x65d83f00, arg=0x6893ca98
D/libc    (  189): pt_debug : __thread_entry->func=0x40b18065
D/libc    (  189): , tls=0x65d83f00, arg=0x6893ca98
D/libc    ( 2439): pt_debug : pthread_create->start_routine=0x40b175d5, tls=0x65c83f00, arg=0x40092c00
D/libc    ( 2439): pt_debug : __thread_entry->func=0x40b175d5
D/libc    ( 2439): , tls=0x65c83f00, arg=0x40092c00
D/libc    ( 2439): pt_debug : pthread_create->start_routine=0x40b175d5, tls=0x65d83f00, arg=0x40246a40
D/Process (  494): killProcessQuiet, pid=1626
D/Process (  494): dalvik.system.VMStack.getThreadStackTrace(Native Method)
D/Process (  494): java.lang.Thread.getStackTrace(Thread.java:599)
D/Process (  494): android.os.Process.killProcessQuiet(Process.java:981)
D/Process (  494): com.android.server.am.ActivityManagerService.updateOomAdjLocked(ActivityManagerService.java:16193)
D/Process (  494): com.android.server.am.ActivityManagerService.trimApplications(ActivityManagerService.java:16385)
D/Process (  494): com.android.server.am.ActivityManagerService.finishReceiver(ActivityManagerService.java:14511)
D/Process (  494): android.app.ActivityManagerNative.onTransact(ActivityManagerNative.java:350)
D/Process (  494): com.android.server.am.ActivityManagerService.onTransact(ActivityManagerService.java:1884)
D/Process (  494): android.os.Binder.execTransact(Binder.java:367)
D/Process (  494): dalvik.system.NativeStart.run(Native Method)
D/libc    ( 2439): pt_debug : __thread_entry->func=0x40b175d5
D/libc    ( 2439): , tls=0x65d83f00, arg=0x40246a40
I/ActivityManager(  494): Start proc com.devhd.feedly for broadcast com.devhd.feedly/.widget.FeedlyWidgetProvider: pid=2439 uid=10236 gids={3003, 1015, 1028}
I/ActivityManager(  494): No longer want cn.etouch.ecalendar2 (pid 1626): hidden #31, adj=15
D/libc    ( 2439): pt_debug : pthread_create->start_routine=0x40b18065, tls=0x668e5f00, arg=0x689f3930
D/libc    ( 2439): pt_debug : __thread_entry->func=0x40b18065
D/libc    ( 2439): , tls=0x668e5f00, arg=0x689f3930
D/libc    ( 2439): pt_debug : pthread_create->start_routine=0x40b18065, tls=0x6a500f00, arg=0x4008d010
D/libc    ( 2439): pt_debug : __thread_entry->func=0x40b18065
D/libc    ( 2439): , tls=0x6a500f00, arg=0x4008d010
D/libc    ( 2439): pt_debug : pthread_create->start_routine=0x40b18065, tls=0x6a600f00, arg=0x4010c020
D/libc    ( 2439): pt_debug : __thread_entry->func=0x40b18065
D/libc    ( 2439): , tls=0x6a600f00, arg=0x4010c020
D/libc    ( 2439): pt_debug : pthread_create->start_routine=0x40260509, tls=0x6a8fef00, arg=0x68d89778
D/libc    ( 2439): pt_debug : __thread_entry->func=0x40260509
D/libc    ( 2439): , tls=0x6a8fef00, arg=0x68d89778
D/libc    ( 2439): pt_debug : pthread_create->start_routine=0x40260509, tls=0x6a9fef00, arg=0x68d89c10
D/libc    ( 2439): pt_debug : __thread_entry->func=0x40260509
D/libc    ( 2439): , tls=0x6a9fef00, arg=0x68d89c10
E/Trace   ( 2439): error opening trace file: No such file or directory (2)
I/ActivityManager(  494): Recipient 1626
I/dalvikvm-heap( 2099): Grow heap (frag case) to 15.163MB for 131088-byte allocation
I/ActivityThread( 2439): Pub FeedlySearchProvider: com.devhd.feedly.SearchProvider
D/libc    ( 2439): pt_debug : pthread_create->start_routine=0x40b18065, tls=0x6ad0cf00, arg=0x599eb208
D/libc    ( 2439): pt_debug : __thread_entry->func=0x40b18065
D/libc    ( 2439): , tls=0x6ad0cf00, arg=0x599eb208
D/libc    ( 2439): pt_debug : pthread_create->start_routine=0x40b18065, tls=0x6ae0cf00, arg=0x65e19c20
D/libc    ( 2439): pt_debug : __thread_entry->func=0x40b18065
D/libc    ( 2439): , tls=0x6ae0cf00, arg=0x65e19c20
D/libc    (  189): pt_debug : pthread_create->start_routine=0x40b18065, tls=0x65b83f00, arg=0x4010a9e8
D/libc    (  189): pt_debug : __thread_entry->func=0x40b18065
D/libc    (  189): , tls=0x65b83f00, arg=0x4010a9e8
D/libc    ( 2454): pt_debug : pthread_create->start_routine=0x40b175d5, tls=0x65b83f00, arg=0x4057ac20
D/libc    ( 2454): pt_debug : __thread_entry->func=0x40b175d5
D/libc    ( 2454): , tls=0x65b83f00, arg=0x4057ac20
D/libc    (  189): pt_debug : pthread_create->start_routine=0x40b18065, tls=0x65c83f00, arg=0x4015e008
D/libc    (  189): pt_debug : __thread_entry->func=0x40b18065
D/libc    (  189): , tls=0x65c83f00, arg=0x4015e008
D/libc    (  189): pt_debug : pthread_create->start_routine=0x40b18065, tls=0x65d83f00, arg=0x6893ca98
D/libc    (  189): pt_debug : __thread_entry->func=0x40b18065
D/libc    (  189): , tls=0x65d83f00, arg=0x6893ca98
D/libc    ( 2454): pt_debug : pthread_create->start_routine=0x40b175d5, tls=0x65c83f00, arg=0x40092c00
D/libc    ( 2454): pt_debug : __thread_entry->func=0x40b175d5
D/libc    ( 2454): , tls=0x65c83f00, arg=0x40092c00
D/libc    ( 2454): pt_debug : pthread_create->start_routine=0x40b175d5, tls=0x65d83f00, arg=0x40246a40
D/libc    ( 2454): pt_debug : __thread_entry->func=0x40b175d5
D/libc    ( 2454): , tls=0x65d83f00, arg=0x40246a40
D/Process (  494): killProcessQuiet, pid=1661
D/libc    ( 2454): pt_debug : pthread_create->start_routine=0x40b18065, tls=0x668e5f00, arg=0x689f3930
D/Process (  494): dalvik.system.VMStack.getThreadStackTrace(Native Method)
D/Process (  494): java.lang.Thread.getStackTrace(Thread.java:599)
D/Process (  494): android.os.Process.killProcessQuiet(Process.java:981)
D/Process (  494): com.android.server.am.ActivityManagerService.updateOomAdjLocked(ActivityManagerService.java:16193)
D/Process (  494): com.android.server.am.ActivityManagerService.trimApplications(ActivityManagerService.java:16385)
D/Process (  494): com.android.server.am.ActivityManagerService.finishReceiver(ActivityManagerService.java:14511)
