D/StatusBar.NetworkController( 1145): dumpIconState[dataVisible=true dataIconId=stat_sys_data_connected_3g signalIconId=stat_sys_5signal_5 wifiVisible=false wifiIconId=stat_sys_wifi_signal_1 simCardVisible=false simCardIconId=null airplaneMode=false]
D/libc    (  182): pt_debug : pthread_create->start_routine=0x403ae2c5, tls=0x4126ff00, arg=0x40122fc8
D/libc    (  182): pt_debug : pthread_create->start_routine=0x403ae2c5, tls=0x41a12f00, arg=0x40117660
D/libc    (  182): pt_debug : pthread_create->start_routine=0x403ae2c5, tls=0x41badf00, arg=0x4003ab50
D/libc    (  182): pt_debug : __thread_entry->func=0x403ae2c5
D/libc    (  182): , tls=0x4126ff00, arg=0x40122fc8
D/libc    (  182): pt_debug : __thread_entry->func=0x403ae2c5
D/libc    (  182): , tls=0x41a12f00, arg=0x40117660
D/libc    (  182): pt_debug : pthread_create->start_routine=0x403ae2c5, tls=0x41cb0f00, arg=0x4016afc8
D/libc    (  182): pt_debug : __thread_entry->func=0x403ae2c5
D/libc    (  182): , tls=0x41badf00, arg=0x4003ab50
D/MobileDataStateTracker(  494): default: Received state=CONNECTED, old=CONNECTED, reason=nwTypeChanged
D/PowerManagerService(  494): acquireWakeLock(41d84e80): PARTIAL_WAKE_LOCK , tag=RILJ, flags=0x1, pid=1272, uid=1001, mUserState=0x3
D/MobileDataStateTracker(  494): default: mMobileDataState=CONNECTED mTeardownRequested=false got [AnyDataCSC] : type=default state=CONNECTED reason=nwTypeChanged apn=emome roaming=false unavailable=false NetworkType=3 NetworkTypeName=UMTS entitleError=0
D/ConnectivityService(  494): Setting TCP values: [4096,174760,1572864,4096,225280,1220608] which comes from [net.tcp.buffersize.umts]
D/libc    (  182): pt_debug : __thread_entry->func=0x403ae2c5
D/libc    (  182): , tls=0x41cb0f00, arg=0x4016afc8
D/libc    (  182): pt_debug : pthread_create->start_routine=0x403ae2c5, tls=0x41d4af00, arg=0x4016afc8
D/libc    (  182): pt_debug : __thread_entry->func=0x403ae2c5
D/libc    (  182): , tls=0x41d4af00, arg=0x4016afc8
D/FlexNetS(29961): CampNetworkInWhiteBlackList had check current PLMN =46692
V/FlexNetS(29961): onStartCommand() ACTION_CAMPNETWORK_NOT_IN_SERVICE_OR_ROAMING
V/FlexNetS(29961): handleCommand_AutoMode action: ACTION_CAMPNETWORK_NOT_IN_SERVICE_OR_ROAMING
D/FlexNetS(29961): cancelTimer: ACTION_FAKE_IN_SERVICE_AND_NOT_ROAMING
D/PowerManagerService(  494): acquireWakeLock(419f2010): PARTIAL_WAKE_LOCK , tag=SWITCH_NETWORK_MODE_WAKE_LOCK, flags=0x1, pid=29961, uid=10018, mUserState=0x3
D/FlexNetS(29961): cancelTimer: ACTION_SWITCH_TO_GSM_ONLY_MODE
D/libc    (29961): pt_debug : pthread_create->start_routine=0x40b18065, tls=0x6b79cf00, arg=0x6afb25b0
D/libc    (29961): pt_debug : __thread_entry->func=0x40b18065
D/libc    (29961): , tls=0x6b79cf00, arg=0x6afb25b0
D/AutoSetting(29961): receiver - intent: android.intent.action.SERVICE_STATE
D/AutoSetting(29961): receiver - flag: Service state 0, last 0
D/PowerManagerService(  494): releaseWakeLock(419f2010): PARTIAL_WAKE_LOCK , tag=SWITCH_NETWORK_MODE_WAKE_LOCK, flags=0x1
D/FlexNetS(29961): CampNetworkInWhiteBlackList had check current PLMN =46692
D/libc    (  182): pt_debug : pthread_create->start_routine=0x403ae2c5, tls=0x41a52f00, arg=0x4003ab50
D/libc    (  182): pt_debug : __thread_entry->func=0x403ae2c5
D/libc    (  182): , tls=0x41a52f00, arg=0x4003ab50
D/PowerManagerService(  494): releaseWakeLock(41d84e80): PARTIAL_WAKE_LOCK , tag=RILJ, flags=0x1
D/libc    (  182): pt_debug : pthread_create->start_routine=0x403ae2c5, tls=0x41213f00, arg=0x4003ab50
D/PowerManagerService(  494): acquireWakeLock(41d77530): PARTIAL_WAKE_LOCK , tag=RILJ, flags=0x1, pid=1272, uid=1001, mUserState=0x3
D/libc    (  182): pt_debug : __thread_entry->func=0x403ae2c5
D/libc    (  182): , tls=0x41213f00, arg=0x4003ab50
D/PowerManagerService(  494): releaseWakeLock(41d77530): PARTIAL_WAKE_LOCK , tag=RILJ, flags=0x1
W/PowerManagerService(  494): Can not get flags by lock
D/WifiStateMachine(  494): get mPhoneStateListener
D/TELEPHONY_CALLBACK( 1145): @onSignalStrengthChanged: SignalStrength: 19 -1 -1 -1 -1 -1 -1 -1 -1 -1 -1 -1 gsm|lte
D/StatusBar.NetworkController( 1145): dumpState[hasService=true ServiceState=0 home Chunghwa Chunghwa 46692  UMTS CSS not supported -1 -1 RoamInd=-1 DefRoamInd=-1EriInd= -1EriMode= -1RadioPowerSv: false EmergOnly=false PhoneType: 1 IsCdma=false SimState=UNKNOWN GprsState=0 DataState=Connected DataActivity=NONE NetworkType=UMTS HtcModemLinkOn=false]
D/SIGNAL_ICON( 1145): updateTelephonySignalStrength
D/SIGNAL_ICON( 1145): fakeui srv=0 mTimerEnabled=false asu=19
D/SIGNAL_ICON( 1145): mapTelephonySignalStrength
D/SIGNAL_ICON( 1145): maxLevel=5 asu=19 networkType=UMTS
D/SIGNAL_ICON( 1145): return iconLevel=5
D/StatusBar.NetworkController( 1145): dumpIconState[dataVisible=true dataIconId=stat_sys_data_connected_3g signalIconId=stat_sys_5signal_5 wifiVisible=false wifiIconId=stat_sys_wifi_signal_1 simCardVisible=false simCardIconId=null airplaneMode=false]
D/WifiStateMachine(  494): get mPhoneStateListener
D/TELEPHONY_CALLBACK( 1145): @onSignalStrengthChanged: SignalStrength: 21 -1 -1 -1 -1 -1 -1 -1 -1 -1 -1 -1 gsm|lte
D/StatusBar.NetworkController( 1145): dumpState[hasService=true ServiceState=0 home Chunghwa Chunghwa 46692  UMTS CSS not supported -1 -1 RoamInd=-1 DefRoamInd=-1EriInd= -1EriMode= -1RadioPowerSv: false EmergOnly=false PhoneType: 1 IsCdma=false SimState=UNKNOWN GprsState=0 DataState=Connected DataActivity=NONE NetworkType=UMTS HtcModemLinkOn=false]
D/SIGNAL_ICON( 1145): updateTelephonySignalStrength
D/SIGNAL_ICON( 1145): fakeui srv=0 mTimerEnabled=false asu=21
D/SIGNAL_ICON( 1145): mapTelephonySignalStrength
D/SIGNAL_ICON( 1145): maxLevel=5 asu=21 networkType=UMTS
D/SIGNAL_ICON( 1145): return iconLevel=5
D/StatusBar.NetworkController( 1145): dumpIconState[dataVisible=true dataIconId=stat_sys_data_connected_3g signalIconId=stat_sys_5signal_5 wifiVisible=false wifiIconId=stat_sys_wifi_signal_1 simCardVisible=false simCardIconId=null airplaneMode=false]
I/HtcModeClient(29961): handler message = 4011
E/HtcModeClient(29961): Check connection and retry 3 times.
D/TG      (  560): timerTaskRun in,isforeGroud:false,count:1
D/TG      (  560): timer count:1,isforeGroud:false
D/PowerManagerService(  494): acquireWakeLock(410a4668): PARTIAL_WAKE_LOCK , tag=AlarmManager, flags=0x1, pid=494, uid=1000, mUserState=0x3
D/libc    ( 2161): pt_debug : pthread_create->start_routine=0x40b18065, tls=0x6c033f00, arg=0x66ff2350
D/libc    ( 2161): pt_debug : __thread_entry->func=0x40b18065
D/libc    ( 2161): , tls=0x6c033f00, arg=0x66ff2350
V/AlarmManager(  494): sending alarm PendingIntent{4223b6e0: PendingIntentRecord{4203c9f0 com.google.android.apps.plus broadcastIntent}}, intent=com.google.android.apps.plus.NEW_PICTURE, type=RTC_WAKEUP, count=1, when=1370366037562, repeateInterval=0
D/PowerManagerService(  494): acquireWakeLock(4212d6e8): PARTIAL_WAKE_LOCK , tag=Camera Monitor, flags=0x1, pid=2161, uid=10163, mUserState=0x3
D/PowerManagerService(  494): releaseWakeLock(410a4668): PARTIAL_WAKE_LOCK , tag=AlarmManager, flags=0x1
D/PowerManagerService(  494): releaseWakeLock(4212d6e8): PARTIAL_WAKE_LOCK , tag=Camera Monitor, flags=0x1
D/SensorManager(24782): onSensorChangedLockedCalledCount = 181000, size = 1, listener = android.hardware.SystemSensorManager$ListenerDelegate@411e2770
E/ThermalDaemon(  754): ~~ ril.data.radio_tech prop: change from 15 to 3
D/PowerManagerService(  494): acquireWakeLock(42385748): PARTIAL_WAKE_LOCK , tag=AlarmManager, flags=0x1, pid=494, uid=1000, mUserState=0x3
V/AlarmManager(  494): sending alarm PendingIntent{41117238: PendingIntentRecord{41a58ac8 android broadcastIntent}}, intent=android.intent.action.TIME_TICK, type=RTC, count=1, when=1370366040000, repeateInterval=0
V/AlarmManager(  494): sending alarm PendingIntent{42e76b28: PendingIntentRecord{41e396f8 factory.widgets.SenseAnalogThin startService}}, intent=update, type=RTC, count=1, when=1370366100000, repeateInterval=60000
D/PowerManagerService(  494): releaseWakeLock(42385748): PARTIAL_WAKE_LOCK , tag=AlarmManager, flags=0x1
D/AppWidgetHostView(18585): updateAppWidget mInfo = AppWidgetProviderInfo(provider=ComponentInfo{factory.widgets.SenseAnalogThin/factory.widgets.SenseAnalogThin.CountdownWidget})
D/WifiStateMachine(  494): get mPhoneStateListener
D/TELEPHONY_CALLBACK( 1145): @onSignalStrengthChanged: SignalStrength: 22 -1 -1 -1 -1 -1 -1 -1 -1 -1 -1 -1 gsm|lte
D/StatusBar.NetworkController( 1145): dumpState[hasService=true ServiceState=0 home Chunghwa Chunghwa 46692  UMTS CSS not supported -1 -1 RoamInd=-1 DefRoamInd=-1EriInd= -1EriMode= -1RadioPowerSv: false EmergOnly=false PhoneType: 1 IsCdma=false SimState=UNKNOWN GprsState=0 DataState=Connected DataActivity=NONE NetworkType=UMTS HtcModemLinkOn=false]
D/SIGNAL_ICON( 1145): updateTelephonySignalStrength
D/SIGNAL_ICON( 1145): fakeui srv=0 mTimerEnabled=false asu=22
D/SIGNAL_ICON( 1145): mapTelephonySignalStrength
D/SIGNAL_ICON( 1145): maxLevel=5 asu=22 networkType=UMTS
D/SIGNAL_ICON( 1145): return iconLevel=5
D/StatusBar.NetworkController( 1145): dumpIconState[dataVisible=true dataIconId=stat_sys_data_connected_3g signalIconId=stat_sys_5signal_5 wifiVisible=false wifiIconId=stat_sys_wifi_signal_1 simCardVisible=false simCardIconId=null airplaneMode=false]
D/WifiStateMachine(  494): get mPhoneStateListener
D/TELEPHONY_CALLBACK( 1145): @onSignalStrengthChanged: SignalStrength: 22 -1 -1 -1 -1 -1 -1 -1 -1 -1 -1 -1 gsm|lte
D/StatusBar.NetworkController( 1145): dumpState[hasService=true ServiceState=0 home Chunghwa Chunghwa 46692  UMTS CSS not supported -1 -1 RoamInd=-1 DefRoamInd=-1EriInd= -1EriMode= -1RadioPowerSv: false EmergOnly=false PhoneType: 1 IsCdma=false SimState=UNKNOWN GprsState=0 DataState=Connected DataActivity=NONE NetworkType=UMTS HtcModemLinkOn=false]
D/SIGNAL_ICON( 1145): updateTelephonySignalStrength
D/SIGNAL_ICON( 1145): fakeui srv=0 mTimerEnabled=false asu=22
D/SIGNAL_ICON( 1145): mapTelephonySignalStrength
D/SIGNAL_ICON( 1145): maxLevel=5 asu=22 networkType=UMTS
D/SIGNAL_ICON( 1145): return iconLevel=5
D/StatusBar.NetworkController( 1145): dumpIconState[dataVisible=true dataIconId=stat_sys_data_connected_3g signalIconId=stat_sys_5signal_5 wifiVisible=false wifiIconId=stat_sys_wifi_signal_1 simCardVisible=false simCardIconId=null airplaneMode=false]
I/HtcModeClient(29961): handler message = 4011
E/HtcModeClient(29961): Check connection and retry 4 times.
D/TG      (  560): timerTaskRun in,isforeGroud:false,count:1
D/TG      (  560): timer count:1,isforeGroud:false
D/WifiStateMachine(  494): get mPhoneStateListener
D/TELEPHONY_CALLBACK( 1145): @onSignalStrengthChanged: SignalStrength: 22 -1 -1 -1 -1 -1 -1 -1 -1 -1 -1 -1 gsm|lte
D/StatusBar.NetworkController( 1145): dumpState[hasService=true ServiceState=0 home Chunghwa Chunghwa 46692  UMTS CSS not supported -1 -1 RoamInd=-1 DefRoamInd=-1EriInd= -1EriMode= -1RadioPowerSv: false EmergOnly=false PhoneType: 1 IsCdma=false SimState=UNKNOWN GprsState=0 DataState=Connected DataActivity=NONE NetworkType=UMTS HtcModemLinkOn=false]
D/SIGNAL_ICON( 1145): updateTelephonySignalStrength
D/SIGNAL_ICON( 1145): fakeui srv=0 mTimerEnabled=false asu=22
D/SIGNAL_ICON( 1145): mapTelephonySignalStrength
D/SIGNAL_ICON( 1145): maxLevel=5 asu=22 networkType=UMTS
D/SIGNAL_ICON( 1145): return iconLevel=5
D/StatusBar.NetworkController( 1145): dumpIconState[dataVisible=true dataIconId=stat_sys_data_connected_3g signalIconId=stat_sys_5signal_5 wifiVisible=false wifiIconId=stat_sys_wifi_signal_1 simCardVisible=false simCardIconId=null airplaneMode=false]
D/SensorManager(24782): onSensorChangedLockedCalledCount = 181500, size = 1, listener = android.hardware.SystemSensorManager$ListenerDelegate@411e2770
D/SensorManager(22547): onSensorChangedLockedCalledCount = 35500, size = 2, listener = android.hardware.SystemSensorManager$ListenerDelegate@410ac120
I/HtcModeClient(29961): handler message = 4011
E/HtcModeClient(29961): Check connection and retry 5 times.
D/MediaProvider( 2011): object removed 40145
D/MediaProvider( 2011): object removed 40146
D/MediaProvider( 2011): object removed 47404
D/MediaProvider( 2011): object removed 47405
D/MediaProvider( 2011): object removed 47407
D/MediaProvider( 2011): object removed 47706
D/TG      (  560): timerTaskRun in,isforeGroud:false,count:1
D/TG      (  560): timer count:1,isforeGroud:false
D/PowerManagerService(  494): acquireWakeLock(417c11e8): PARTIAL_WAKE_LOCK , tag=AlarmManager, flags=0x1, pid=494, uid=1000, mUserState=0x3
V/AlarmManager(  494): sending alarm PendingIntent{42e48d28: PendingIntentRecord{41ebe908 com.google.android.gsf broadcastIntent}}, intent=null, type=RTC_WAKEUP, count=1, when=1370367847939, repeateInterval=1800000
D/PowerManagerService(  494): acquireWakeLock(417871a8): PARTIAL_WAKE_LOCK , tag=Event Log Handoff, flags=0x1, pid=1378, uid=10021, mUserState=0x3
D/PowerManagerService(  494): releaseWakeLock(417c11e8): PARTIAL_WAKE_LOCK , tag=AlarmManager, flags=0x1
D/PowerManagerService(  494): acquireWakeLock(41fff788): PARTIAL_WAKE_LOCK , tag=Event Log Service, flags=0x1, pid=1378, uid=10021, mUserState=0x3
D/PowerManagerService(  494): releaseWakeLock(417871a8): PARTIAL_WAKE_LOCK , tag=Event Log Handoff, flags=0x1
I/EventLogService( 1378): Aggregate from 1370364247838 (log), 1370364247838 (data)
D/PowerManagerService(  494): releaseWakeLock(41fff788): PARTIAL_WAKE_LOCK , tag=Event Log Service, flags=0x1
D/MediaProvider( 2011): object removed 47718
D/MediaProvider( 2011): [delete]-7
D/libc    ( 2011): pt_debug : pthread_create->start_routine=0x40260509, tls=0x6ae56f00, arg=0x68bbed28
D/libc    ( 2011): pt_debug : __thread_entry->func=0x40260509
D/libc    ( 2011): , tls=0x6ae56f00, arg=0x68bbed28
D/MediaProvider( 2011): [update]-1
D/MediaProvider( 2011): [update]-1
D/MediaProvider( 2011): [update]-1
D/MediaProvider( 2011): [update]-1
D/WifiStateMachine(  494): get mPhoneStateListener
D/TELEPHONY_CALLBACK( 1145): @onSignalStrengthChanged: SignalStrength: 22 -1 -1 -1 -1 -1 -1 -1 -1 -1 -1 -1 gsm|lte
D/StatusBar.NetworkController( 1145): dumpState[hasService=true ServiceState=0 home Chunghwa Chunghwa 46692  UMTS CSS not supported -1 -1 RoamInd=-1 DefRoamInd=-1EriInd= -1EriMode= -1RadioPowerSv: false EmergOnly=false PhoneType: 1 IsCdma=false SimState=UNKNOWN GprsState=0 DataState=Connected DataActivity=NONE NetworkType=UMTS HtcModemLinkOn=false]
D/SIGNAL_ICON( 1145): updateTelephonySignalStrength
D/SIGNAL_ICON( 1145): fakeui srv=0 mTimerEnabled=false asu=22
D/SIGNAL_ICON( 1145): mapTelephonySignalStrength
D/SIGNAL_ICON( 1145): maxLevel=5 asu=22 networkType=UMTS
D/SIGNAL_ICON( 1145): return iconLevel=5
D/StatusBar.NetworkController( 1145): dumpIconState[dataVisible=true dataIconId=stat_sys_data_connected_3g signalIconId=stat_sys_5signal_5 wifiVisible=false wifiIconId=stat_sys_wifi_signal_1 simCardVisible=false simCardIconId=null airplaneMode=false]
D/MediaProvider( 2011): [update]-1
D/MediaProvider( 2011): [update]-1
D/MediaProvider( 2011): [update]-1
D/MediaProvider( 2011): [update]-1
D/MediaProvider( 2011): [update]-1
D/MediaProvider( 2011): [update]-1
D/MediaProvider( 2011): [update]-1
D/MediaProvider( 2011): [update]-1
D/MediaProvider( 2011): [update]2:files, files.alive=1 AND _id = 47722
D/MediaProvider( 2011): [update]-1
D/SensorManager(24782): onSensorChangedLockedCalledCount = 182000, size = 1, listener = android.hardware.SystemSensorManager$ListenerDelegate@411e2770
D/MediaProvider( 2011): [update]-1
D/MediaProvider( 2011): [update]-1
I/EASAppSvc( 2039): [ NA ]- onDestroy()
D/libc    ( 2039): pt_debug : pthread_create->start_routine=0x40b18065, tls=0x6b2e7f00, arg=0x65e0fb90
D/libc    ( 2039): pt_debug : __thread_entry->func=0x40b18065
D/libc    ( 2039): , tls=0x6b2e7f00, arg=0x65e0fb90
D/libc    ( 2039): pt_debug : pthread_create->start_routine=0x40b18065, tls=0x6b4e7f00, arg=0x65e1b008
D/libc    ( 2039): pt_debug : __thread_entry->func=0x40b18065
D/libc    ( 2039): , tls=0x6b4e7f00, arg=0x65e1b008
D/libc    ( 2039): pt_debug : pthread_create->start_routine=0x40b18065, tls=0x6b2e7f00, arg=0x65e0fb90
D/libc    ( 2039): pt_debug : __thread_entry->func=0x40b18065
D/libc    ( 2039): , tls=0x6b2e7f00, arg=0x65e0fb90
D/libc    ( 2039): pt_debug : pthread_create->start_routine=0x40b18065, tls=0x6b4e7f00, arg=0x65e1b008
D/libc    ( 2039): pt_debug : __thread_entry->func=0x40b18065
D/libc    ( 2039): , tls=0x6b4e7f00, arg=0x65e1b008
D/libc    ( 2039): pt_debug : pthread_create->start_routine=0x40b18065, tls=0x6b2e7f00, arg=0x65e0fb90
D/libc    ( 2039): pt_debug : __thread_entry->func=0x40b18065
D/libc    ( 2039): , tls=0x6b2e7f00, arg=0x65e0fb90
D/libc    ( 2039): pt_debug : pthread_create->start_routine=0x40b18065, tls=0x6b4e7f00, arg=0x65e1b008
D/libc    ( 2039): pt_debug : __thread_entry->func=0x40b18065
D/libc    ( 2039): , tls=0x6b4e7f00, arg=0x65e1b008
D/Process (  494): killProcessQuiet, pid=2071
D/Process (  494): dalvik.system.VMStack.getThreadStackTrace(Native Method)
D/Process (  494): java.lang.Thread.getStackTrace(Thread.java:599)
D/Process (  494): android.os.Process.killProcessQuiet(Process.java:981)
D/Process (  494): com.android.server.am.ActivityManagerService.updateOomAdjLocked(ActivityManagerService.java:16193)
D/Process (  494): com.android.server.am.ActivityManagerService.updateOomAdjLocked(ActivityManagerService.java:16096)
D/Process (  494): com.android.server.am.ActivityManagerService.serviceDoneExecutingLocked(ActivityManagerService.java:13578)
D/Process (  494): com.android.server.am.ActivityManagerService.serviceDoneExecuting(ActivityManagerService.java:13548)
D/Process (  494): android.app.ActivityManagerNative.onTransact(ActivityManagerNative.java:774)
D/Process (  494): com.android.server.am.ActivityManagerService.onTransact(ActivityManagerService.java:1884)
D/Process (  494): android.os.Binder.execTransact(Binder.java:367)
D/Process (  494): dalvik.system.NativeStart.run(Native Method)
I/ActivityManager(  494): No longer want com.htc.reportagent (pid 2071): hidden #31, adj=15
I/ActivityManager(  494): Recipient 2071
D/WifiStateMachine(  494): get mPhoneStateListener
D/TELEPHONY_CALLBACK( 1145): @onSignalStrengthChanged: SignalStrength: 22 -1 -1 -1 -1 -1 -1 -1 -1 -1 -1 -1 gsm|lte
D/StatusBar.NetworkController( 1145): dumpState[hasService=true ServiceState=0 home Chunghwa Chunghwa 46692  UMTS CSS not supported -1 -1 RoamInd=-1 DefRoamInd=-1EriInd= -1EriMode= -1RadioPowerSv: false EmergOnly=false PhoneType: 1 IsCdma=false SimState=UNKNOWN GprsState=0 DataState=Connected DataActivity=NONE NetworkType=UMTS HtcModemLinkOn=false]
D/SIGNAL_ICON( 1145): updateTelephonySignalStrength
D/SIGNAL_ICON( 1145): fakeui srv=0 mTimerEnabled=false asu=22
D/SIGNAL_ICON( 1145): mapTelephonySignalStrength
D/SIGNAL_ICON( 1145): maxLevel=5 asu=22 networkType=UMTS
D/SIGNAL_ICON( 1145): return iconLevel=5
D/StatusBar.NetworkController( 1145): dumpIconState[dataVisible=true dataIconId=stat_sys_data_connected_3g signalIconId=stat_sys_5signal_5 wifiVisible=false wifiIconId=stat_sys_wifi_signal_1 simCardVisible=false simCardIconId=null airplaneMode=false]
I/HtcModeClient(29961): handler message = 4011
E/HtcModeClient(29961): Check connection and retry 6 times.
D/MediaProvider( 2011): [update]-1
D/MediaProvider( 2011): [update]-1
D/TG      (  560): timerTaskRun in,isforeGroud:false,count:1
D/TG      (  560): timer count:1,isforeGroud:false
D/AutoSetting(29961): service - handleMessage() incoming message, what:50
D/AutoSetting(29961): service - handleMessage() stop self
D/AutoSetting(29961): service - stop self, saving info!
D/AutoSetting(29961): service - stop self, saving info! Done
D/AutoSetting(29961): service - onDestroy()
D/AutoSetting(29961): service - onDestroy() END
D/AutoSetting(29961): service - handleMessage() incoming message, what:100
D/AutoSetting(29961): service - handleMessage() quit looper
D/MediaProvider( 2011): [update]-1
D/MediaProvider( 2011): [update]-1
D/MediaProvider( 2011): [update]-1
D/libc    ( 1072): pt_debug : pthread_create->start_routine=  0xfed1, tls=0x4060cf00, arg=0x1154ed0
D/libc    ( 1072): pt_debug : __thread_entry->func=  0xfed1
D/libc    ( 1072): , tls=0x4060cf00, arg=0x1154ed0
D/MediaProvider( 2011): [update]-1
D/MediaProvider( 2011): [update]-1
D/MediaProvider( 2011): [update]-1
D/MediaProvider( 2011): [update]-1
D/MediaProvider( 2011): [update]-1
D/MediaProvider( 2011): [update]-1
D/MediaProvider( 2011): [update]-1
D/MediaProvider( 2011): [update]-1
D/MediaProvider( 2011): [update]-1
D/MediaProvider( 2011): [update]-1
D/MediaProvider( 2011): [update]-1
D/MediaProvider( 2011): [update]-1
D/MediaProvider( 2011): [update]-1
D/MediaProvider( 2011): [update]-1
D/MediaProvider( 2011): [update]-1
D/MediaProvider( 2011): [update]-1
D/MediaProvider( 2011): [update]-1
D/MediaProvider( 2011): [update]-1
D/MediaProvider( 2011): [update]-1
D/MediaProvider( 2011): [update]-1
D/MediaProvider( 2011): [update]-1
D/MediaProvider( 2011): [update]-1
D/MediaProvider( 2011): [update]-1
D/MediaProvider( 2011): [update]-1
D/MediaProvider( 2011): [update]-1
D/MediaProvider( 2011): [update]-1
D/MediaProvider( 2011): [update]-1
D/MediaProvider( 2011): [update]-1
D/MediaProvider( 2011): [update]-1
D/MediaProvider( 2011): [update]-1
D/MediaProvider( 2011): [update]-1
D/MediaProvider( 2011): [update]-1
D/MediaProvider( 2011): [update]-1
D/MediaProvider( 2011): [update]-1
D/MediaProvider( 2011): [update]-1
D/MediaProvider( 2011): [update]-1
D/MediaProvider( 2011): [update]-1
D/MediaProvider( 2011): [update]-1
D/MediaProvider( 2011): [update]-1
D/MediaProvider( 2011): [update]-1
D/MediaProvider( 2011): [update]-1
D/MediaProvider( 2011): [update]-1
D/MediaProvider( 2011): [update]-1
D/MediaProvider( 2011): [update]-1
D/MediaProvider( 2011): [update]-1
D/MediaProvider( 2011): [update]-1
D/MediaProvider( 2011): [update]-1
D/MediaProvider( 2011): [update]-1
D/MediaProvider( 2011): [update]-1
D/MediaProvider( 2011): [update]-1
D/MediaProvider( 2011): [update]-1
D/MediaProvider( 2011): [update]-1
D/MediaProvider( 2011): [update]-1
D/MediaProvider( 2011): [update]-1
D/MediaProvider( 2011): [update]-1
D/MediaProvider( 2011): [update]-1
D/MediaProvider( 2011): [update]-1
D/MediaProvider( 2011): [update]-1
D/MediaProvider( 2011): [update]-1
D/MediaProvider( 2011): [update]-1
D/MediaProvider( 2011): [update]-1
D/MediaProvider( 2011): [update]-1
D/MediaProvider( 2011): [update]-1
D/MediaProvider( 2011): [update]-1
D/MediaProvider( 2011): [update]-1
D/MediaProvider( 2011): [update]-1
D/MediaProvider( 2011): [update]-1
D/MediaProvider( 2011): [update]-1
D/MediaProvider( 2011): [update]-1
D/MediaProvider( 2011): [update]-1
D/MediaProvider( 2011): [update]-1
D/MediaProvider( 2011): [update]-1
D/MediaProvider( 2011): [update]-1
D/MediaProvider( 2011): [update]-1
D/MediaProvider( 2011): [update]-1
D/WifiStateMachine(  494): get mPhoneStateListener
D/TELEPHONY_CALLBACK( 1145): @onSignalStrengthChanged: SignalStrength: 22 -1 -1 -1 -1 -1 -1 -1 -1 -1 -1 -1 gsm|lte
D/StatusBar.NetworkController( 1145): dumpState[hasService=true ServiceState=0 home Chunghwa Chunghwa 46692  UMTS CSS not supported -1 -1 RoamInd=-1 DefRoamInd=-1EriInd= -1EriMode= -1RadioPowerSv: false EmergOnly=false PhoneType: 1 IsCdma=false SimState=UNKNOWN GprsState=0 DataState=Connected DataActivity=NONE NetworkType=UMTS HtcModemLinkOn=false]
D/SIGNAL_ICON( 1145): updateTelephonySignalStrength
D/SIGNAL_ICON( 1145): fakeui srv=0 mTimerEnabled=false asu=22
D/SIGNAL_ICON( 1145): mapTelephonySignalStrength
D/SIGNAL_ICON( 1145): maxLevel=5 asu=22 networkType=UMTS
D/SIGNAL_ICON( 1145): return iconLevel=5
D/StatusBar.NetworkController( 1145): dumpIconState[dataVisible=true dataIconId=stat_sys_data_connected_3g signalIconId=stat_sys_5signal_5 wifiVisible=false wifiIconId=stat_sys_wifi_signal_1 simCardVisible=false simCardIconId=null airplaneMode=false]
D/MediaProvider( 2011): [update]-1
D/MediaProvider( 2011): [update]-1
D/MediaProvider( 2011): [update]-1
D/MediaProvider( 2011): [update]-1
D/MediaProvider( 2011): [update]-1
D/MediaProvider( 2011): [update]-1
D/MediaProvider( 2011): [update]-1
D/MediaProvider( 2011): [update]-1
D/MediaProvider( 2011): [update]-1
D/MediaProvider( 2011): [update]-1
D/MediaProvider( 2011): [update]-1
D/MediaProvider( 2011): [update]-1
D/MediaProvider( 2011): [update]-1
D/MediaProvider( 2011): [update]-1
D/MediaProvider( 2011): [update]-1
D/MediaProvider( 2011): [bulkInsert] for uri=content://media/external/file, caller:android.process.media, PID:2011
D/MediaProvider( 2011): [bulkInsert]+, volumeName=external-ab4130.db volume ID: 11223344, uri content://media/external/file, values [Landroid.content.ContentValues;@420ea6b8
D/MediaProvider( 2011): [bulkInsert][getDatabaseForUri]+
D/MediaProvider( 2011): [bulkInsert][beginTransaction]+
D/MediaProvider( 2011): [bulkInsert][beginTransaction]-
D/MediaProvider( 2011): sendObjectAdd +
D/SensorManager(24782): onSensorChangedLockedCalledCount = 182500, size = 1, listener = android.hardware.SystemSensorManager$ListenerDelegate@411e2770
I/HtcModeClient(29961): handler message = 4011
E/HtcModeClient(29961): Check connection and retry 7 times.
D/TG      (  560): timerTaskRun in,isforeGroud:false,count:1
D/TG      (  560): timer count:1,isforeGroud:false
D/Process (  494): killProcessQuiet, pid=2083
D/Process (  494): dalvik.system.VMStack.getThreadStackTrace(Native Method)
D/Process (  494): java.lang.Thread.getStackTrace(Thread.java:599)
I/ActivityManager(  494): No longer want com.htc.task (pid 2083): hidden #31, adj=15
D/Process (  494): android.os.Process.killProcessQuiet(Process.java:981)
D/Process (  494): com.android.server.am.ActivityManagerService.updateOomAdjLocked(ActivityManagerService.java:16193)
D/Process (  494): com.android.server.am.ActivityManagerService.updateOomAdjLocked(ActivityManagerService.java:16096)
D/Process (  494): com.android.server.am.ActivityManagerService.serviceDoneExecutingLocked(ActivityManagerService.java:13578)
D/Process (  494): com.android.server.am.ActivityManagerService.serviceDoneExecuting(ActivityManagerService.java:13548)
D/Process (  494): android.app.ActivityManagerNative.onTransact(ActivityManagerNative.java:774)
D/Process (  494): com.android.server.am.ActivityManagerService.onTransact(ActivityManagerService.java:1884)
D/Process (  494): android.os.Binder.execTransact(Binder.java:367)
D/Process (  494): dalvik.system.NativeStart.run(Native Method)
I/ActivityManager(  494): Recipient 2083
D/WifiStateMachine(  494): get mPhoneStateListener
D/TELEPHONY_CALLBACK( 1145): @onSignalStrengthChanged: SignalStrength: 22 -1 -1 -1 -1 -1 -1 -1 -1 -1 -1 -1 gsm|lte
D/StatusBar.NetworkController( 1145): dumpState[hasService=true ServiceState=0 home Chunghwa Chunghwa 46692  UMTS CSS not supported -1 -1 RoamInd=-1 DefRoamInd=-1EriInd= -1EriMode= -1RadioPowerSv: false EmergOnly=false PhoneType: 1 IsCdma=false SimState=UNKNOWN GprsState=0 DataState=Connected DataActivity=NONE NetworkType=UMTS HtcModemLinkOn=false]
D/SIGNAL_ICON( 1145): updateTelephonySignalStrength
D/SIGNAL_ICON( 1145): fakeui srv=0 mTimerEnabled=false asu=22
D/SIGNAL_ICON( 1145): mapTelephonySignalStrength
D/SIGNAL_ICON( 1145): maxLevel=5 asu=22 networkType=UMTS
D/SIGNAL_ICON( 1145): return iconLevel=5
D/StatusBar.NetworkController( 1145): dumpIconState[dataVisible=true dataIconId=stat_sys_data_connected_3g signalIconId=stat_sys_5signal_5 wifiVisible=false wifiIconId=stat_sys_wifi_signal_1 simCardVisible=false simCardIconId=null airplaneMode=false]
D/SensorManager(22547): onSensorChangedLockedCalledCount = 36000, size = 2, listener = android.hardware.SystemSensorManager$ListenerDelegate@410ac120
I/HtcModeClient(29961): handler message = 4011
E/HtcModeClient(29961): Check connection and retry 8 times.
D/TG      (  560): timerTaskRun in,isforeGroud:false,count:1
D/TG      (  560): timer count:1,isforeGroud:false
D/PowerManagerService(  494): acquireWakeLock(4260c110): PARTIAL_WAKE_LOCK , tag=AlarmManager, flags=0x1, pid=494, uid=1000, mUserState=0x3
V/AlarmManager(  494): sending alarm PendingIntent{424c4920: PendingIntentRecord{4203c9f0 com.google.android.apps.plus broadcastIntent}}, intent=com.google.android.apps.plus.NEW_PICTURE, type=RTC_WAKEUP, count=1, when=1370366062471, repeateInterval=0
D/libc    ( 2161): pt_debug : pthread_create->start_routine=0x40b18065, tls=0x6c033f00, arg=0x66ff2350
D/libc    ( 2161): pt_debug : __thread_entry->func=0x40b18065
D/libc    ( 2161): , tls=0x6c033f00, arg=0x66ff2350
D/PowerManagerService(  494): acquireWakeLock(42568590): PARTIAL_WAKE_LOCK , tag=Camera Monitor, flags=0x1, pid=2161, uid=10163, mUserState=0x3
D/PowerManagerService(  494): releaseWakeLock(4260c110): PARTIAL_WAKE_LOCK , tag=AlarmManager, flags=0x1
D/WifiStateMachine(  494): get mPhoneStateListener
D/TELEPHONY_CALLBACK( 1145): @onSignalStrengthChanged: SignalStrength: 22 -1 -1 -1 -1 -1 -1 -1 -1 -1 -1 -1 gsm|lte
D/StatusBar.NetworkController( 1145): dumpState[hasService=true ServiceState=0 home Chunghwa Chunghwa 46692  UMTS CSS not supported -1 -1 RoamInd=-1 DefRoamInd=-1EriInd= -1EriMode= -1RadioPowerSv: false EmergOnly=false PhoneType: 1 IsCdma=false SimState=UNKNOWN GprsState=0 DataState=Connected DataActivity=NONE NetworkType=UMTS HtcModemLinkOn=false]
D/SIGNAL_ICON( 1145): updateTelephonySignalStrength
D/SIGNAL_ICON( 1145): fakeui srv=0 mTimerEnabled=false asu=22
D/SIGNAL_ICON( 1145): mapTelephonySignalStrength
D/SIGNAL_ICON( 1145): maxLevel=5 asu=22 networkType=UMTS
D/SIGNAL_ICON( 1145): return iconLevel=5
D/StatusBar.NetworkController( 1145): dumpIconState[dataVisible=true dataIconId=stat_sys_data_connected_3g signalIconId=stat_sys_5signal_5 wifiVisible=false wifiIconId=stat_sys_wifi_signal_1 simCardVisible=false simCardIconId=null airplaneMode=false]
D/libc    ( 2011): pt_debug : pthread_create->start_routine=0x40260509, tls=0x6b9eef00, arg=0x66b94248
D/libc    ( 2011): pt_debug : __thread_entry->func=0x40260509
D/libc    ( 2011): , tls=0x6b9eef00, arg=0x66b94248
D/libc    ( 2011): pt_debug : pthread_create->start_routine=0x40260509, tls=0x6bcf1f00, arg=0x68e6eaf8
D/libc    ( 2011): pt_debug : __thread_entry->func=0x40260509
D/libc    ( 2011): , tls=0x6bcf1f00, arg=0x68e6eaf8
D/PowerManagerService(  494): releaseWakeLock(42568590): PARTIAL_WAKE_LOCK , tag=Camera Monitor, flags=0x1
D/SensorManager(24782): onSensorChangedLockedCalledCount = 183000, size = 1, listener = android.hardware.SystemSensorManager$ListenerDelegate@411e2770
I/HtcModeClient(29961): handler message = 4011
E/HtcModeClient(29961): Check connection and retry 9 times.
D/TG      (  560): timerTaskRun in,isforeGroud:false,count:1
D/TG      (  560): timer count:1,isforeGroud:false
D/SensorManager(24782): onSensorChangedLockedCalledCount = 183500, size = 1, listener = android.hardware.SystemSensorManager$ListenerDelegate@411e2770
D/MediaProvider( 2011): sendObjectAdd -14
D/MediaProvider( 2011): [update]-1
D/MediaProvider( 2011): [update]-1
D/MediaProvider( 2011): [update]-1
D/MediaProvider( 2011): [update]-1
D/MediaProvider( 2011): [update]-1
D/MediaProvider( 2011): [update]-1
D/MediaProvider( 2011): [update]-1
D/MediaProvider( 2011): [update]-1
D/MediaProvider( 2011): [update]-1
D/MediaProvider( 2011): [update]-1
D/MediaProvider( 2011): [update]-1
D/MediaProvider( 2011): [update]-1
D/MediaProvider( 2011): [update]-1
D/MediaProvider( 2011): [update]-1
D/TG      (  560): timerTaskRun in,isforeGroud:false,count:1
D/TG      (  560): timer count:1,isforeGroud:false
I/HtcModeClient(29961): handler message = 4011
E/HtcModeClient(29961): Check connection and retry 10 times.
D/MediaProvider( 2011): [update]-1
D/MediaProvider( 2011): [update]-1
D/MediaProvider( 2011): [update]-1
D/MediaProvider( 2011): [update]-1
D/MediaProvider( 2011): [update]-1
D/MediaProvider( 2011): [update]-1
D/MediaProvider( 2011): [update]-1
D/MediaProvider( 2011): [update]-1
D/MediaProvider( 2011): [update]-1
D/MediaProvider( 2011): [update]-1
D/MediaProvider( 2011): [update]-1
D/MediaProvider( 2011): [update]-1
D/MediaProvider( 2011): [update]-1
D/MediaProvider( 2011): [update]-1
D/MediaProvider( 2011): [update]-1
D/MediaProvider( 2011): [update]-1
D/MediaProvider( 2011): [update]-1
D/MediaProvider( 2011): [update]-1
D/MediaProvider( 2011): [update]-1
D/MediaProvider( 2011): [update]-1
D/MediaProvider( 2011): [update]-1
D/MediaProvider( 2011): [update]-1
D/MediaProvider( 2011): [update]-1
D/MediaProvider( 2011): [update]-1
D/MediaProvider( 2011): [update]-1
D/MediaProvider( 2011): [update]-1
D/MediaProvider( 2011): [update]-1
D/MediaProvider( 2011): [update]-1
D/MediaProvider( 2011): [update]-1
D/MediaProvider( 2011): [update]-1
D/MediaProvider( 2011): [update]-1
D/MediaProvider( 2011): [update]-1
D/MediaProvider( 2011): [update]-1
D/MediaProvider( 2011): [update]-1
D/MediaProvider( 2011): [update]-1
D/MediaProvider( 2011): [update]-1
D/MediaProvider( 2011): [update]-1
D/MediaProvider( 2011): [update]-1
D/MediaProvider( 2011): [update]-1
D/MediaProvider( 2011): [update]-1
D/MediaProvider( 2011): [update]-1
D/MediaProvider( 2011): [update]-1
D/MediaProvider( 2011): [update]-1
D/MediaProvider( 2011): [update]-1
D/MediaProvider( 2011): [update]-1
D/MediaProvider( 2011): [update]-1
D/MediaProvider( 2011): [update]-1
D/MediaProvider( 2011): [update]-1
D/MediaProvider( 2011): [update]-1
D/MediaProvider( 2011): [update]-1
D/MediaProvider( 2011): [update]-1
D/MediaProvider( 2011): [update]-1
D/MediaProvider( 2011): [update]-1
D/MediaProvider( 2011): [update]-1
D/MediaProvider( 2011): [update]-1
D/MediaProvider( 2011): [update]-1
D/MediaProvider( 2011): [update]-1
D/MediaProvider( 2011): [update]-1
D/MediaProvider( 2011): [update]-1
D/MediaProvider( 2011): [update]-1
D/MediaProvider( 2011): [update]-1
D/MediaProvider( 2011): [update]-1
D/MediaProvider( 2011): [update]-1
D/MediaProvider( 2011): [update]-1
D/MediaProvider( 2011): [update]-1
D/MediaProvider( 2011): [update]-1
D/MediaProvider( 2011): [update]-1
D/MediaProvider( 2011): [update]-1
D/MediaProvider( 2011): [update]-1
D/MediaProvider( 2011): [update]-1
D/MediaProvider( 2011): [update]-1
D/MediaProvider( 2011): [update]-1
D/MediaProvider( 2011): [update]-1
D/MediaProvider( 2011): [update]-1
D/MediaProvider( 2011): [update]-1
D/MediaProvider( 2011): [update]-1
D/MediaProvider( 2011): [update]-1
V/LightsService(  494): setLight #0: color=#ff141414
D/SensorManager(24782): onSensorChangedLockedCalledCount = 184000, size = 1, listener = android.hardware.SystemSensorManager$ListenerDelegate@411e2770
D/MediaProvider( 2011): [update]-1
D/MediaProvider( 2011): [update]-1
D/MediaProvider( 2011): [update]-1
D/MediaProvider( 2011): [update]-1
D/SensorManager(22547): onSensorChangedLockedCalledCount = 36500, size = 2, listener = android.hardware.SystemSensorManager$ListenerDelegate@410ac120
D/TG      (  560): timerTaskRun in,isforeGroud:false,count:1
D/TG      (  560): timer count:1,isforeGroud:false
I/HtcModeClient(29961): handler message = 4011
E/HtcModeClient(29961): Check connection and retry 11 times.
D/MediaProvider( 2011): [update]-1
D/MediaProvider( 2011): [update]-1
D/MediaProvider( 2011): [update]-1
D/MediaProvider( 2011): [update]-1
D/MediaProvider( 2011): [update]-1
D/MediaProvider( 2011): [update]-1
D/MediaProvider( 2011): [update]-1
D/MediaProvider( 2011): [update]-1
D/MediaProvider( 2011): [update]-1
D/MediaProvider( 2011): [update]-1
D/MediaProvider( 2011): [update]-1
D/PowerManagerService(  494): acquireWakeLock(41ba7800): PARTIAL_WAKE_LOCK , tag=AlarmManager, flags=0x1, pid=494, uid=1000, mUserState=0x1
V/AlarmManager(  494): sending alarm PendingIntent{424dac20: PendingIntentRecord{424dabc8 com.facebook.katana startService}}, intent=com.facebook.katana.service.5, type=ELAPSED_REALTIME, count=1, when=282193828, repeateInterval=60000
D/MediaProvider( 2011): [update]-1
D/PowerManagerService(  494): releaseWakeLock(41ba7800): PARTIAL_WAKE_LOCK , tag=AlarmManager, flags=0x1
D/PowerManagerService(  494): acquireWakeLock(41b70748): PARTIAL_WAKE_LOCK , tag=FacebookService, flags=0x1, pid=2099, uid=10033, mUserState=0x1
D/MediaProvider( 2011): [update]-1
D/PowerManagerService(  494): releaseWakeLock(41b70748): PARTIAL_WAKE_LOCK , tag=FacebookService, flags=0x1
D/MediaProvider( 2011): [update]-1
D/MediaProvider( 2011): [update]-1
D/MediaProvider( 2011): [update]-1
D/MediaProvider( 2011): [update]-1
D/MediaProvider( 2011): [update]-1
D/MediaProvider( 2011): [update]-1
D/MediaProvider( 2011): [update]-1
D/MediaProvider( 2011): [update]-1
D/MediaProvider( 2011): [update]-1
D/MediaProvider( 2011): [update]-1
D/MediaProvider( 2011): [update]-1
D/MediaProvider( 2011): [update]-1
D/MediaProvider( 2011): [update]-1
D/MediaProvider( 2011): [update]-1
D/MediaProvider( 2011): [update]-1
D/MediaProvider( 2011): [update]-1
D/MediaProvider( 2011): [update]-1
D/MediaProvider( 2011): [update]-1
D/MediaProvider( 2011): [update]-1
D/MediaProvider( 2011): [update]-1
D/MediaProvider( 2011): [update]-1
D/MediaProvider( 2011): [update]-1
D/MediaProvider( 2011): [update]-1
D/MediaProvider( 2011): [update]-1
D/MediaProvider( 2011): [update]-1
D/MediaProvider( 2011): [update]-1
D/MediaProvider( 2011): [update]-1
D/MediaProvider( 2011): [update]-1
D/MediaProvider( 2011): [update]-1
D/MediaProvider( 2011): [update]-1
D/MediaProvider( 2011): [update]-1
D/MediaProvider( 2011): [update]-1
D/MediaProvider( 2011): [update]-1
D/MediaProvider( 2011): [update]-1
D/MediaProvider( 2011): [update]-1
D/MediaProvider( 2011): [update]-1
D/MediaProvider( 2011): [update]-1
D/MediaProvider( 2011): [update]-1
D/MediaProvider( 2011): [update]-1
D/MediaProvider( 2011): [update]-1
D/MediaProvider( 2011): [update]-1
D/MediaProvider( 2011): [update]-1
D/MediaProvider( 2011): [update]-1
D/MediaProvider( 2011): [update]-1
D/MediaProvider( 2011): [update]-1
D/MediaProvider( 2011): [update]-1
D/MediaProvider( 2011): [update]-1
D/MediaProvider( 2011): [update]-1
D/MediaProvider( 2011): [update]-1
D/MediaProvider( 2011): [update]-1
D/MediaProvider( 2011): [update]-1
D/MediaProvider( 2011): [update]-1
D/MediaProvider( 2011): [update]-1
D/MediaProvider( 2011): [update]-1
D/MediaProvider( 2011): [update]-1
D/MediaProvider( 2011): [update]-1
D/MediaProvider( 2011): [update]-1
D/MediaProvider( 2011): [update]-1
D/MediaProvider( 2011): [update]-1
D/SensorManager(24782): onSensorChangedLockedCalledCount = 184500, size = 1, listener = android.hardware.SystemSensorManager$ListenerDelegate@411e2770
D/MediaProvider( 2011): [update]-1
D/MediaProvider( 2011): [update]-1
D/MediaProvider( 2011): [update]-1
D/MediaProvider( 2011): [update]-1
D/MediaProvider( 2011): [update]-1
D/MediaProvider( 2011): [update]-1
D/MediaProvider( 2011): [update]-1
D/MediaProvider( 2011): [update]-1
D/MediaProvider( 2011): [update]-1
D/MediaProvider( 2011): [update]-1
D/MediaProvider( 2011): [update]-1
D/MediaProvider( 2011): [update]-1
D/MediaProvider( 2011): [update]-1
D/MediaProvider( 2011): [update]-1
D/MediaProvider( 2011): [update]-1
D/MediaProvider( 2011): [update]-1
D/MediaProvider( 2011): [update]-1
D/MediaProvider( 2011): [update]-1
D/MediaProvider( 2011): [update]-1
D/MediaProvider( 2011): [update]-1
D/MediaProvider( 2011): [update]-1
D/MediaProvider( 2011): [update]-1
D/MediaProvider( 2011): [update]-1
D/MediaProvider( 2011): [update]-1
D/MediaProvider( 2011): [bulkInsert] for uri=content://media/external/file, caller:android.process.media, PID:2011
D/MediaProvider( 2011): [bulkInsert]+, volumeName=external-ab4130.db volume ID: 11223344, uri content://media/external/file, values [Landroid.content.ContentValues;@423d8550
D/MediaProvider( 2011): [bulkInsert][getDatabaseForUri]+
D/MediaProvider( 2011): [bulkInsert][beginTransaction]+
D/MediaProvider( 2011): [bulkInsert][beginTransaction]-
D/MediaProvider( 2011): sendObjectAdd +
D/BatteryService(  494): updateBatteryStats: auto update.
I/BatteryService(  494): read native_update done
D/PowerManagerService(  494): acquireWakeLock(417272f8): PARTIAL_WAKE_LOCK , tag=BatteryServiceUpdateStats, flags=0x1, pid=494, uid=1000, mUserState=0x1
D/PowerManagerService(  494): releaseWakeLock(417272f8): PARTIAL_WAKE_LOCK , tag=BatteryServiceUpdateStats, flags=0x1
D/BatteryService(  494): updateBatteryStats: update triggered by UEvent.
D/PowerManagerService(  494): acquireWakeLock(41e558c0): PARTIAL_WAKE_LOCK , tag=BatteryServiceUpdateStats, flags=0x1, pid=494, uid=1000, mUserState=0x1
I/BatteryService(  494): read native_update done
D/HtcPowerSaver(  494): Received battery changed intent.
D/HtcPowerSaver(  494): Checking...
I/HtcPowerSaver(  494): >> updateStatus
I/HtcPowerSaver(  494): currentStatus=8000, currentLevel=83, enableLevel=-1, enable=false, mAutoModeOn=false, popDialog=false, statusChangeTo=-1
I/HtcPowerSaver(  494): << updateStatus
D/UsbnetService(  494): BroadcastReceiver::onReceive+
D/UsbnetService(  494): onReceive BATTERY_CHANGED
D/UsbnetService(  494):  --> pluggedType = 2, mPluggedType = 0, mScreenOff = false
D/PowerManagerService(  494): runHtcPowerSaverCheck ======================================
D/UsbnetService(  494): BroadcastReceiver::onReceive-
D/NotificationService(  494): mIntentReceiver() Intent.ACTION_BATTERY_CHANGED
D/PowerUI ( 1145): closing low battery warning: level=83
D/PowerUI ( 1145): plugged = true, health = 2, mBatteryLevel = 83, mPluggedBatteryLevel = 83, mLowBatteryWarningLevel2 = 25, mshowLowChargingWarning2 = true
D/PowerManagerService(  494): releaseWakeLock(41e558c0): PARTIAL_WAKE_LOCK , tag=BatteryServiceUpdateStats, flags=0x1
D/PowerManagerService(  494): TPE algorithm. remove timeout.
D/PowerManagerService(  494): nativeSetScreenState: on=false
D/PowerManagerService(  494): nativeSetScreenState: err=0
D/PowerManagerService(  494): setScreenStateLocked, turn off the button light 
V/LightsService(  494): setLight #2: color=#0
D/lights  (  494): set_light_buttons_func: on=0 brightness=0
V/LightsService(  494): setLight #1: color=#0
D/PowerManagerService(  494): acquireWakeLock(41e9eb30): PARTIAL_WAKE_LOCK , tag=sleep_broadcast, flags=0x1, pid=494, uid=1000, mUserState=0x0
D/PowerManagerService(  494): acquireWakeLock(41e04f58): PARTIAL_WAKE_LOCK , tag=show keyguard, flags=0x1, pid=494, uid=1000, mUserState=0x0
D/KeyguardViewMediator(  494): password timeout now
D/StatusBarManager(  494): disable:0 pkgName=android threadName=PowerManagerService token=android.os.Binder@41609090
V/LightsService(  494): setLight #0: color=#ff000000
D/BatteryService(  494): updateBatteryStats: update triggered by UEvent.
D/PowerManagerService(  494): ActivityManagerNative.getDefault().goingToSleep();
D/PowerManagerService(  494): acquireWakeLock(41d62998): PARTIAL_WAKE_LOCK , tag=AlarmManager, flags=0x1, pid=494, uid=1000, mUserState=0x0
V/AlarmManager(  494): sending alarm PendingIntent{427d1f58: PendingIntentRecord{41375bd8 com.android.phone broadcastIntent}}, intent=com.android.internal.telephony.gprs-data-stall, type=ELAPSED_REALTIME, count=1, when=282137845, repeateInterval=0
D/PowerManagerService(  494): acquireWakeLock(41c56860): PARTIAL_WAKE_LOCK , tag=BatteryServiceUpdateStats, flags=0x1, pid=494, uid=1000, mUserState=0x0
I/BatteryService(  494): read native_update done
D/PowerManagerService(  494): releaseWakeLock(41d62998): PARTIAL_WAKE_LOCK , tag=AlarmManager, flags=0x1
D/PowerManagerService(  494): acquireWakeLock(417a9038): PARTIAL_WAKE_LOCK , tag=ActivityManager-Sleep, flags=0x1, pid=494, uid=1000, mUserState=0x0
D/HtcFooter(  494): layerDrawableIndex = 0
D/HtcFooter(  494): layerDrawableIndex = 0
D/HtcPowerSaver(  494): Received battery changed intent.
D/UsbnetService(  494): BroadcastReceiver::onReceive+
D/UsbnetService(  494): onReceive BATTERY_CHANGED
D/UsbnetService(  494):  --> pluggedType = 2, mPluggedType = 0, mScreenOff = false
D/UsbnetService(  494): BroadcastReceiver::onReceive-
D/HtcPowerSaver(  494): Checking...
I/HtcPowerSaver(  494): >> updateStatus
I/HtcPowerSaver(  494): currentStatus=8000, currentLevel=83, enableLevel=-1, enable=false, mAutoModeOn=false, popDialog=false, statusChangeTo=-1
I/HtcPowerSaver(  494): << updateStatus
D/PowerManagerService(  494): releaseWakeLock(41c56860): PARTIAL_WAKE_LOCK , tag=BatteryServiceUpdateStats, flags=0x1
D/NotificationService(  494): mIntentReceiver() Intent.ACTION_BATTERY_CHANGED
D/PowerManagerService(  494): runHtcPowerSaverCheck ======================================
D/PowerUI ( 1145): closing low battery warning: level=83
D/PowerUI ( 1145): plugged = true, health = 2, mBatteryLevel = 83, mPluggedBatteryLevel = 83, mLowBatteryWarningLevel2 = 25, mshowLowChargingWarning2 = true
D/NfcService(27701): ScreenObserver: OFF
D/HtcLockScreen(  494): UnlockScreen: setVisibility :4
D/PowerManagerService(  494): releaseWakeLock(417a9038): PARTIAL_WAKE_LOCK , tag=ActivityManager-Sleep, flags=0x1
I/InputMethodManagerService(  494): screenObserver: isScreenOn=false
I/InputMethodManagerService(  494): Disable input method client.
V/KeyguardViewManager(  494): KGVM: Set visibility on com.android.internal.policy.impl.KeyguardViewManager$Keyguar